/home/t/asset-tracker-template/modules/hal/nordic/nrfx/drivers/src/nrfx_qspi.c:375:13:qspi_errata_159_conditions_check	0	static
/home/t/asset-tracker-template/modules/hal/nordic/nrfx/drivers/src/nrfx_qspi.c:270:12:qspi_ready_wait	16	static
/home/t/asset-tracker-template/modules/hal/nordic/nrfx/drivers/src/nrfx_qspi.c:113:12:qspi_xfer	24	static
/home/t/asset-tracker-template/modules/hal/nordic/nrfx/drivers/src/nrfx_qspi.c:391:13:qspi_workaround_215_43_apply	20	static
/home/t/asset-tracker-template/modules/hal/nordic/nrfx/drivers/src/nrfx_qspi.c:289:12:qspi_configure	16	static
/home/t/asset-tracker-template/modules/hal/nordic/nrfx/drivers/src/nrfx_qspi.c:417:5:nrfx_qspi_init	8	static
/home/t/asset-tracker-template/modules/hal/nordic/nrfx/drivers/src/nrfx_qspi.c:458:5:nrfx_qspi_reconfigure	8	static
/home/t/asset-tracker-template/modules/hal/nordic/nrfx/drivers/src/nrfx_qspi.c:486:6:nrfx_qspi_timeout_signal	8	static
/home/t/asset-tracker-template/modules/hal/nordic/nrfx/drivers/src/nrfx_qspi.c:493:5:nrfx_qspi_cinstr_xfer	24	static
/home/t/asset-tracker-template/modules/hal/nordic/nrfx/drivers/src/nrfx_qspi.c:561:5:nrfx_qspi_cinstr_quick_send	16	static
/home/t/asset-tracker-template/modules/hal/nordic/nrfx/drivers/src/nrfx_qspi.c:572:5:nrfx_qspi_lfm_start	24	static
/home/t/asset-tracker-template/modules/hal/nordic/nrfx/drivers/src/nrfx_qspi.c:625:5:nrfx_qspi_lfm_xfer	64	static
/home/t/asset-tracker-template/modules/hal/nordic/nrfx/drivers/src/nrfx_qspi.c:695:5:nrfx_qspi_mem_busy_check	24	static
/home/t/asset-tracker-template/modules/hal/nordic/nrfx/drivers/src/nrfx_qspi.c:727:6:nrfx_qspi_uninit	24	static
/home/t/asset-tracker-template/modules/hal/nordic/nrfx/drivers/src/nrfx_qspi.c:743:5:nrfx_qspi_activate	16	static
/home/t/asset-tracker-template/modules/hal/nordic/nrfx/drivers/src/nrfx_qspi.c:755:5:nrfx_qspi_deactivate	8	static
/home/t/asset-tracker-template/modules/hal/nordic/nrfx/drivers/src/nrfx_qspi.c:768:6:nrfx_qspi_init_check	0	static
/home/t/asset-tracker-template/modules/hal/nordic/nrfx/drivers/src/nrfx_qspi.c:773:5:nrfx_qspi_write	0	static
/home/t/asset-tracker-template/modules/hal/nordic/nrfx/drivers/src/nrfx_qspi.c:788:5:nrfx_qspi_read	0	static
/home/t/asset-tracker-template/modules/hal/nordic/nrfx/drivers/src/nrfx_qspi.c:795:5:nrfx_qspi_erase	16	static
/home/t/asset-tracker-template/modules/hal/nordic/nrfx/drivers/src/nrfx_qspi.c:847:5:nrfx_qspi_chip_erase	8	static
/home/t/asset-tracker-template/modules/hal/nordic/nrfx/drivers/src/nrfx_qspi.c:854:29:nrfx_qspi_event_extended_get	8	static
/home/t/asset-tracker-template/modules/hal/nordic/nrfx/drivers/src/nrfx_qspi.c:861:6:nrfx_qspi_xfer_buffered_check	8	static
/home/t/asset-tracker-template/modules/hal/nordic/nrfx/drivers/src/nrfx_qspi.c:869:5:nrfx_qspi_xip_encrypt	8	static
/home/t/asset-tracker-template/modules/hal/nordic/nrfx/drivers/src/nrfx_qspi.c:893:5:nrfx_qspi_dma_encrypt	8	static
/home/t/asset-tracker-template/modules/hal/nordic/nrfx/drivers/src/nrfx_qspi.c:986:6:QSPI_IRQHandler	8	static
