/home/t/asset-tracker-template/zephyr/kernel/thread.c:76:6:k_is_in_isr	0	static
/home/t/asset-tracker-template/zephyr/kernel/thread.c:111:5:z_impl_k_is_preempt_thread	0	static
/home/t/asset-tracker-template/zephyr/kernel/thread.c:124:5:z_impl_k_thread_priority_get	0	static
/home/t/asset-tracker-template/zephyr/kernel/thread.c:138:5:z_impl_k_thread_name_set	8	static
/home/t/asset-tracker-template/zephyr/kernel/thread.c:193:13:k_thread_name_get	0	static
/home/t/asset-tracker-template/zephyr/kernel/thread.c:203:5:z_impl_k_thread_name_copy	8	static
/home/t/asset-tracker-template/zephyr/kernel/thread.c:226:13:k_thread_state_str	32	static
/home/t/asset-tracker-template/zephyr/kernel/thread.c:333:6:z_check_stack_sentinel	0	static
/home/t/asset-tracker-template/zephyr/kernel/thread.c:579:7:z_setup_new_thread	56	static
/home/t/asset-tracker-template/zephyr/kernel/thread.c:788:9:z_impl_k_thread_create	48	static
/home/t/asset-tracker-template/zephyr/kernel/thread.c:879:6:z_init_thread_base	4	static
/home/t/asset-tracker-template/zephyr/kernel/thread.c:911:20:k_thread_user_mode_enter	8	static
/home/t/asset-tracker-template/zephyr/kernel/thread.c:948:5:z_stack_space_get	0	static
/home/t/asset-tracker-template/zephyr/kernel/thread.c:1070:5:z_impl_k_thread_stack_space_get	4	static
/home/t/asset-tracker-template/zephyr/kernel/thread.c:1130:6:z_thread_mark_switched_in	0	static
/home/t/asset-tracker-template/zephyr/kernel/thread.c:1141:6:z_thread_mark_switched_out	0	static
/home/t/asset-tracker-template/zephyr/kernel/thread.c:1160:5:k_thread_runtime_stats_get	8	static
/home/t/asset-tracker-template/zephyr/kernel/thread.c:1176:5:k_thread_runtime_stats_all_get	40	static
/home/t/asset-tracker-template/zephyr/kernel/thread.c:1210:5:k_thread_runtime_stats_cpu_get	8	static
/home/t/asset-tracker-template/zephyr/kernel/thread.c:1341:6:z_dummy_thread_init	8	static
