/home/t/asset-tracker-template/zephyr/drivers/clock_control/clock_control_nrf.c:551:13:onoff_started_callback	0	static
/home/t/asset-tracker-template/zephyr/drivers/clock_control/clock_control_nrf.c:356:13:hfclkaudio_start	0	static
/home/t/asset-tracker-template/zephyr/drivers/clock_control/clock_control_nrf.c:344:13:hfclk192m_start	0	static
/home/t/asset-tracker-template/zephyr/drivers/clock_control/clock_control_nrf.c:404:13:generic_hfclk_stop	8	static
/home/t/asset-tracker-template/zephyr/drivers/clock_control/clock_control_nrf.c:361:13:hfclkaudio_stop	0	static
/home/t/asset-tracker-template/zephyr/drivers/clock_control/clock_control_nrf.c:349:13:hfclk192m_stop	0	static
/home/t/asset-tracker-template/zephyr/drivers/clock_control/clock_control_nrf.c:507:13:blocking_start_callback	0	static
/home/t/asset-tracker-template/zephyr/drivers/clock_control/clock_control_nrf.c:516:12:api_blocking_start	32	static
/home/t/asset-tracker-template/zephyr/drivers/clock_control/clock_control_nrf.c:299:13:lfclk_stop	0	static
/home/t/asset-tracker-template/zephyr/drivers/clock_control/clock_control_nrf.c:284:13:lfclk_start	0	static
/home/t/asset-tracker-template/zephyr/drivers/clock_control/clock_control_nrf.c:121:34:get_status	8	static
/home/t/asset-tracker-template/zephyr/drivers/clock_control/clock_control_nrf.c:457:12:stop.part.0	8	static
/home/t/asset-tracker-template/zephyr/drivers/clock_control/clock_control_nrf.c:542:13:onoff_stop	16	static
/home/t/asset-tracker-template/zephyr/drivers/clock_control/clock_control_nrf.c:797:12:clk_init	32	static
/home/t/asset-tracker-template/zephyr/drivers/clock_control/clock_control_nrf.c:251:13:clkstarted_handle.constprop	8	static
/home/t/asset-tracker-template/zephyr/drivers/clock_control/clock_control_nrf.c:711:13:clock_event_handler	8	static
/home/t/asset-tracker-template/zephyr/drivers/clock_control/clock_control_nrf.c:374:13:generic_hfclk_start	4	static
/home/t/asset-tracker-template/zephyr/drivers/clock_control/clock_control_nrf.c:476:12:api_stop	8	static
/home/t/asset-tracker-template/zephyr/drivers/clock_control/clock_control_nrf.c:501:12:api_start	16	static
/home/t/asset-tracker-template/zephyr/drivers/clock_control/clock_control_nrf.c:562:13:onoff_start	8	static
/home/t/asset-tracker-template/zephyr/drivers/clock_control/clock_control_nrf.c:115:23:z_nrf_clock_control_get_onoff	0	static
/home/t/asset-tracker-template/zephyr/drivers/clock_control/clock_control_nrf.c:424:6:z_nrf_clock_bt_ctlr_hf_request	0	static
/home/t/asset-tracker-template/zephyr/drivers/clock_control/clock_control_nrf.c:434:6:z_nrf_clock_bt_ctlr_hf_release	8	static
/home/t/asset-tracker-template/zephyr/drivers/clock_control/clock_control_nrf.c:451:10:z_nrf_clock_bt_ctlr_hf_get_startup_time_us	0	static
/home/t/asset-tracker-template/zephyr/drivers/clock_control/clock_control_nrf.c:662:6:z_nrf_clock_control_lf_on	24	static
