/home/t/asset-tracker-template/zephyr/subsys/shell/shell_utils.c:505:29:shell_device_internal	48	static
/home/t/asset-tracker-template/zephyr/subsys/shell/shell_utils.c:70:9:z_column_span_with_buffer_offsets_get	0	static
/home/t/asset-tracker-template/zephyr/subsys/shell/shell_utils.c:78:9:z_row_span_with_buffer_offsets_get	0	static
/home/t/asset-tracker-template/zephyr/subsys/shell/shell_utils.c:86:6:z_shell_multiline_data_calc	4	static
/home/t/asset-tracker-template/zephyr/subsys/shell/shell_utils.c:209:6:z_shell_make_argv	56	static
/home/t/asset-tracker-template/zephyr/subsys/shell/shell_utils.c:237:6:z_shell_pattern_remove	24	static
/home/t/asset-tracker-template/zephyr/subsys/shell/shell_utils.c:270:34:root_cmd_find	24	static
/home/t/asset-tracker-template/zephyr/subsys/shell/shell_utils.c:285:34:z_shell_cmd_get	8	static
/home/t/asset-tracker-template/zephyr/subsys/shell/shell_utils.c:337:34:z_shell_find_cmd	48	static
/home/t/asset-tracker-template/zephyr/subsys/shell/shell_utils.c:366:34:z_shell_get_last_command	32	static
/home/t/asset-tracker-template/zephyr/subsys/shell/shell_utils.c:406:5:shell_set_root_cmd	24	static
/home/t/asset-tracker-template/zephyr/subsys/shell/shell_utils.c:426:6:z_shell_spaces_trim	32	static
/home/t/asset-tracker-template/zephyr/subsys/shell/shell_utils.c:493:6:z_shell_cmd_trim	24	static
/home/t/asset-tracker-template/zephyr/subsys/shell/shell_utils.c:538:22:shell_device_filter	0	static
/home/t/asset-tracker-template/zephyr/subsys/shell/shell_utils.c:545:22:shell_device_lookup	0	static
/home/t/asset-tracker-template/zephyr/subsys/shell/shell_utils.c:552:22:shell_device_lookup_all	0	static
/home/t/asset-tracker-template/zephyr/subsys/shell/shell_utils.c:559:22:shell_device_lookup_non_ready	0	static
/home/t/asset-tracker-template/zephyr/subsys/shell/shell_utils.c:566:22:shell_device_get_binding	8	static
/home/t/asset-tracker-template/zephyr/subsys/shell/shell_utils.c:603:22:shell_device_get_binding_all	48	static
/home/t/asset-tracker-template/zephyr/subsys/shell/shell_utils.c:623:6:shell_strtol	32	static
/home/t/asset-tracker-template/zephyr/subsys/shell/shell_utils.c:641:15:shell_strtoul	32	static
/home/t/asset-tracker-template/zephyr/subsys/shell/shell_utils.c:664:20:shell_strtoull	32	static
/home/t/asset-tracker-template/zephyr/subsys/shell/shell_utils.c:687:6:shell_strtobool	16	static
