/home/t/asset-tracker-template/zephyr/drivers/usb/common/nrf_usbd_common/nrf_usbd_common.c:428:32:ep_state_access.part.0	8	static
/home/t/asset-tracker-template/zephyr/drivers/usb/common/nrf_usbd_common/nrf_usbd_common.c:447:23:ep2bit.part.0	8	static
/home/t/asset-tracker-template/zephyr/drivers/usb/common/nrf_usbd_common/nrf_usbd_common.c:1404:6:nrf_usbd_common_ep_enable_check.part.0	8	static
/home/t/asset-tracker-template/zephyr/drivers/usb/common/nrf_usbd_common/nrf_usbd_common.c:1028:6:nrf_usbd_common_irq_handler	64	static
/home/t/asset-tracker-template/zephyr/drivers/usb/common/nrf_usbd_common/nrf_usbd_common.c:1138:6:nrf_usbd_common_uninit	8	static
/home/t/asset-tracker-template/zephyr/drivers/usb/common/nrf_usbd_common/nrf_usbd_common.c:1146:6:nrf_usbd_common_enable	24	static
/home/t/asset-tracker-template/zephyr/drivers/usb/common/nrf_usbd_common/nrf_usbd_common.c:1242:6:nrf_usbd_common_start	8	static
/home/t/asset-tracker-template/zephyr/drivers/usb/common/nrf_usbd_common/nrf_usbd_common.c:1296:6:nrf_usbd_common_is_initialized	0	static
/home/t/asset-tracker-template/zephyr/drivers/usb/common/nrf_usbd_common/nrf_usbd_common.c:1301:6:nrf_usbd_common_is_enabled	0	static
/home/t/asset-tracker-template/zephyr/drivers/usb/common/nrf_usbd_common/nrf_usbd_common.c:1306:6:nrf_usbd_common_is_started	8	static
/home/t/asset-tracker-template/zephyr/drivers/usb/common/nrf_usbd_common/nrf_usbd_common.c:1311:6:nrf_usbd_common_suspend	8	static
/home/t/asset-tracker-template/zephyr/drivers/usb/common/nrf_usbd_common/nrf_usbd_common.c:1340:6:nrf_usbd_common_wakeup_req	0	static
/home/t/asset-tracker-template/zephyr/drivers/usb/common/nrf_usbd_common/nrf_usbd_common.c:1366:6:nrf_usbd_common_suspend_check	0	static
/home/t/asset-tracker-template/zephyr/drivers/usb/common/nrf_usbd_common/nrf_usbd_common.c:1372:6:nrf_usbd_common_bus_suspend_check	0	static
/home/t/asset-tracker-template/zephyr/drivers/usb/common/nrf_usbd_common/nrf_usbd_common.c:1377:6:nrf_usbd_common_force_bus_wakeup	0	static
/home/t/asset-tracker-template/zephyr/drivers/usb/common/nrf_usbd_common/nrf_usbd_common.c:1382:6:nrf_usbd_common_ep_max_packet_size_set	8	static
/home/t/asset-tracker-template/zephyr/drivers/usb/common/nrf_usbd_common/nrf_usbd_common.c:1099:5:nrf_usbd_common_init	24	static
/home/t/asset-tracker-template/zephyr/drivers/usb/common/nrf_usbd_common/nrf_usbd_common.c:1397:10:nrf_usbd_common_ep_max_packet_size_get	8	static
/home/t/asset-tracker-template/zephyr/drivers/usb/common/nrf_usbd_common/nrf_usbd_common.c:1404:6:nrf_usbd_common_ep_enable_check	8	static
/home/t/asset-tracker-template/zephyr/drivers/usb/common/nrf_usbd_common/nrf_usbd_common.c:1461:5:nrf_usbd_common_ep_transfer	16	static
/home/t/asset-tracker-template/zephyr/drivers/usb/common/nrf_usbd_common/nrf_usbd_common.c:1506:29:nrf_usbd_common_ep_status_get	8	static
/home/t/asset-tracker-template/zephyr/drivers/usb/common/nrf_usbd_common/nrf_usbd_common.c:1520:8:nrf_usbd_common_epout_size_get	0	static
/home/t/asset-tracker-template/zephyr/drivers/usb/common/nrf_usbd_common/nrf_usbd_common.c:1535:6:nrf_usbd_common_ep_is_busy	8	static
/home/t/asset-tracker-template/zephyr/drivers/usb/common/nrf_usbd_common/nrf_usbd_common.c:1541:6:nrf_usbd_common_ep_stall	8	static
/home/t/asset-tracker-template/zephyr/drivers/usb/common/nrf_usbd_common/nrf_usbd_common.c:1559:6:nrf_usbd_common_ep_stall_check	0	static
/home/t/asset-tracker-template/zephyr/drivers/usb/common/nrf_usbd_common/nrf_usbd_common.c:1575:6:nrf_usbd_common_ep_dtoggle_clear	8	static
/home/t/asset-tracker-template/zephyr/drivers/usb/common/nrf_usbd_common/nrf_usbd_common.c:1583:6:nrf_usbd_common_setup_get	0	static
/home/t/asset-tracker-template/zephyr/drivers/usb/common/nrf_usbd_common/nrf_usbd_common.c:1593:6:nrf_usbd_common_setup_data_clear	0	static
/home/t/asset-tracker-template/zephyr/drivers/usb/common/nrf_usbd_common/nrf_usbd_common.c:1598:6:nrf_usbd_common_setup_clear	0	static
/home/t/asset-tracker-template/zephyr/drivers/usb/common/nrf_usbd_common/nrf_usbd_common.c:1604:6:nrf_usbd_common_setup_stall	0	static
/home/t/asset-tracker-template/zephyr/drivers/usb/common/nrf_usbd_common/nrf_usbd_common.c:1610:22:nrf_usbd_common_last_setup_dir_get	0	static
/home/t/asset-tracker-template/zephyr/drivers/usb/common/nrf_usbd_common/nrf_usbd_common.c:1615:6:nrf_usbd_common_transfer_out_drop	8	static
/home/t/asset-tracker-template/zephyr/drivers/usb/common/nrf_usbd_common/nrf_usbd_common.c:510:20:usbd_ep_abort	24	static
/home/t/asset-tracker-template/zephyr/drivers/usb/common/nrf_usbd_common/nrf_usbd_common.c:564:6:nrf_usbd_common_ep_abort	16	static
/home/t/asset-tracker-template/zephyr/drivers/usb/common/nrf_usbd_common/nrf_usbd_common.c:1208:6:nrf_usbd_common_disable	24	static
/home/t/asset-tracker-template/zephyr/drivers/usb/common/nrf_usbd_common/nrf_usbd_common.c:1439:6:nrf_usbd_common_ep_disable	8	static
/home/t/asset-tracker-template/zephyr/drivers/usb/common/nrf_usbd_common/nrf_usbd_common.c:1414:6:nrf_usbd_common_ep_enable	16	static
/home/t/asset-tracker-template/zephyr/drivers/usb/common/nrf_usbd_common/nrf_usbd_common.c:1549:6:nrf_usbd_common_ep_stall_clear	8	static
