/home/t/asset-tracker-template/zephyr/subsys/bluetooth/audio/bap_broadcast_sink.c:609:13:base_decode_subgroup_bis_cb	0	static
/home/t/asset-tracker-template/zephyr/subsys/bluetooth/audio/bap_broadcast_sink.c:877:13:big_started_cb	16	static
/home/t/asset-tracker-template/zephyr/subsys/bluetooth/audio/bap_broadcast_sink.c:72:13:find_recv_state_by_src_id_cb	0	static
/home/t/asset-tracker-template/zephyr/subsys/bluetooth/audio/bap_broadcast_sink.c:760:13:pa_term_cb	8	static
/home/t/asset-tracker-template/zephyr/subsys/bluetooth/audio/bap_broadcast_sink.c:750:13:pa_synced_cb	0	static
/home/t/asset-tracker-template/zephyr/subsys/bluetooth/audio/bap_broadcast_sink.c:86:1:find_recv_state_by_sink_fields_cb	32	static
/home/t/asset-tracker-template/zephyr/subsys/bluetooth/audio/bap_broadcast_sink.c:1022:13:broadcast_sink_cleanup_streams	24	static
/home/t/asset-tracker-template/zephyr/subsys/bluetooth/audio/bap_broadcast_sink.c:231:13:broadcast_sink_set_ep_state	56	dynamic,bounded
/home/t/asset-tracker-template/zephyr/subsys/bluetooth/audio/bap_broadcast_sink.c:1214:13:sync_base_subgroup_cb	144	static
/home/t/asset-tracker-template/zephyr/subsys/bluetooth/audio/bap_broadcast_sink.c:618:13:base_decode_subgroup_cb	152	static
/home/t/asset-tracker-template/zephyr/subsys/bluetooth/audio/bap_broadcast_sink.c:1154:13:sync_base_subgroup_bis_index_cb	24	static
/home/t/asset-tracker-template/zephyr/subsys/bluetooth/audio/bap_broadcast_sink.c:1138:13:merge_bis_and_subgroup_data_cb	8	static
/home/t/asset-tracker-template/zephyr/subsys/bluetooth/audio/bap_broadcast_sink.c:282:13:broadcast_sink_iso_recv	136	dynamic,bounded
/home/t/asset-tracker-template/zephyr/subsys/bluetooth/audio/bap_broadcast_sink.c:1447:12:broadcast_sink_init	8	static
/home/t/asset-tracker-template/zephyr/subsys/bluetooth/audio/bap_broadcast_sink.c:731:13:pa_recv	0	static
/home/t/asset-tracker-template/zephyr/subsys/bluetooth/audio/bap_broadcast_sink.c:669:13:pa_decode_base	144	dynamic,bounded
/home/t/asset-tracker-template/zephyr/subsys/bluetooth/audio/bap_broadcast_sink.c:580:13:base_subgroup_bis_count_cb	8	static
/home/t/asset-tracker-template/zephyr/subsys/bluetooth/audio/bap_broadcast_sink.c:510:13:base_subgroup_meta_cb	16	static
/home/t/asset-tracker-template/zephyr/subsys/bluetooth/audio/bap_broadcast_sink.c:894:13:big_stopped_cb	64	dynamic,bounded
/home/t/asset-tracker-template/zephyr/subsys/bluetooth/audio/bap_broadcast_sink.c:816:13:biginfo_recv	112	dynamic,bounded
/home/t/asset-tracker-template/zephyr/subsys/bluetooth/audio/bap_broadcast_sink.c:394:13:broadcast_sink_iso_disconnected	128	dynamic,bounded
/home/t/asset-tracker-template/zephyr/subsys/bluetooth/audio/bap_broadcast_sink.c:348:13:broadcast_sink_iso_connected	208	dynamic,bounded
/home/t/asset-tracker-template/zephyr/subsys/bluetooth/audio/bap_broadcast_sink.c:913:5:bt_bap_broadcast_sink_register_cb	24	static
/home/t/asset-tracker-template/zephyr/subsys/bluetooth/audio/bap_broadcast_sink.c:948:6:bt_bap_broadcast_sink_has_ep	0	static
/home/t/asset-tracker-template/zephyr/subsys/bluetooth/audio/bap_broadcast_sink.c:1055:5:bt_bap_broadcast_sink_create	192	dynamic,bounded
/home/t/asset-tracker-template/zephyr/subsys/bluetooth/audio/bap_broadcast_sink.c:1263:5:bt_bap_broadcast_sink_sync	120	static
/home/t/asset-tracker-template/zephyr/subsys/bluetooth/audio/bap_broadcast_sink.c:1400:5:bt_bap_broadcast_sink_stop	0	static
/home/t/asset-tracker-template/zephyr/subsys/bluetooth/audio/bap_broadcast_sink.c:1428:5:bt_bap_broadcast_sink_delete	16	static
