/home/t/asset-tracker-template/zephyr/subsys/bluetooth/audio/pacs.c:244:13:available_context_cfg_changed	0	static
/home/t/asset-tracker-template/zephyr/subsys/bluetooth/audio/pacs.c:1638:13:codec_lookup_id	0	static
/home/t/asset-tracker-template/zephyr/subsys/bluetooth/audio/pacs.c:437:16:snk_loc_read	40	static
/home/t/asset-tracker-template/zephyr/subsys/bluetooth/audio/pacs.c:173:13:build_pac_records	24	static
/home/t/asset-tracker-template/zephyr/subsys/bluetooth/audio/pacs.c:1074:6:pacs_gatt_notify_complete_cb	0	static
/home/t/asset-tracker-template/zephyr/subsys/bluetooth/audio/pacs.c:1211:13:deferred_nfy_work_handler	0	static
/home/t/asset-tracker-template/zephyr/subsys/bluetooth/audio/pacs.c:1081:12:pacs_gatt_notify	40	static
/home/t/asset-tracker-template/zephyr/subsys/bluetooth/audio/pacs.c:150:28:client_lookup_conn	8	static
/home/t/asset-tracker-template/zephyr/subsys/bluetooth/audio/pacs.c:1216:13:pacs_auth_pairing_complete	16	static
/home/t/asset-tracker-template/zephyr/subsys/bluetooth/audio/pacs.c:1345:6:bt_pacs_cap_foreach.part.0	0	static
/home/t/asset-tracker-template/zephyr/subsys/bluetooth/audio/pacs.c:1246:13:pacs_bond_deleted	16	static
/home/t/asset-tracker-template/zephyr/subsys/bluetooth/audio/pacs.c:1262:13:pacs_security_changed	48	static
/home/t/asset-tracker-template/zephyr/subsys/bluetooth/audio/pacs.c:1362:13:add_bonded_addr_to_client_list	88	static
/home/t/asset-tracker-template/zephyr/subsys/bluetooth/audio/pacs.c:429:13:snk_cfg_changed	0	static
/home/t/asset-tracker-template/zephyr/subsys/bluetooth/audio/pacs.c:331:16:supported_context_read	40	static
/home/t/asset-tracker-template/zephyr/subsys/bluetooth/audio/pacs.c:401:16:snk_read	56	static
/home/t/asset-tracker-template/zephyr/subsys/bluetooth/audio/pacs.c:841:5:bt_pacs_register	56	static
/home/t/asset-tracker-template/zephyr/subsys/bluetooth/audio/pacs.c:912:5:bt_pacs_unregister	16	static
/home/t/asset-tracker-template/zephyr/subsys/bluetooth/audio/pacs.c:1345:6:bt_pacs_cap_foreach	16	static
/home/t/asset-tracker-template/zephyr/subsys/bluetooth/audio/pacs.c:1379:5:bt_pacs_cap_register	16	static
/home/t/asset-tracker-template/zephyr/subsys/bluetooth/audio/pacs.c:1424:5:bt_pacs_cap_unregister	8	static
/home/t/asset-tracker-template/zephyr/subsys/bluetooth/audio/pacs.c:1463:5:bt_pacs_set_location	0	static
/home/t/asset-tracker-template/zephyr/subsys/bluetooth/audio/pacs.c:1479:5:bt_pacs_set_available_contexts	8	static
/home/t/asset-tracker-template/zephyr/subsys/bluetooth/audio/pacs.c:1567:5:bt_pacs_set_supported_contexts	16	static
/home/t/asset-tracker-template/zephyr/subsys/bluetooth/audio/pacs.c:1604:23:bt_pacs_get_available_contexts	0	static
/home/t/asset-tracker-template/zephyr/subsys/bluetooth/audio/pacs.c:249:30:pacs_get_available_contexts_for_conn	8	static
/home/t/asset-tracker-template/zephyr/subsys/bluetooth/audio/pacs.c:282:16:available_contexts_read	48	static
/home/t/asset-tracker-template/zephyr/subsys/bluetooth/audio/pacs.c:1299:13:pacs_disconnected	16	static
/home/t/asset-tracker-template/zephyr/subsys/bluetooth/audio/pacs.c:1502:5:bt_pacs_conn_set_available_contexts_for_conn	72	static
/home/t/asset-tracker-template/zephyr/subsys/bluetooth/audio/pacs.c:1117:13:notify_cb	80	static
/home/t/asset-tracker-template/zephyr/subsys/bluetooth/audio/pacs.c:1622:23:bt_pacs_get_available_contexts_for_conn	8	static
/home/t/asset-tracker-template/zephyr/subsys/bluetooth/audio/pacs.c:1653:34:bt_pacs_get_codec_cap	4	static
