/home/t/asset-tracker-template/zephyr/subsys/bluetooth/host/att.c:1436:13:attr_read_type_cb	4	static
/home/t/asset-tracker-template/zephyr/subsys/bluetooth/host/att.c:2953:19:att_op_get_type	0	static
/home/t/asset-tracker-template/zephyr/subsys/bluetooth/host/att.c:323:13:att_tx_destroy	16	static
/home/t/asset-tracker-template/zephyr/subsys/bluetooth/host/att.c:3067:23:att_get	8	static
/home/t/asset-tracker-template/zephyr/subsys/bluetooth/host/att.c:3419:13:bt_att_released	0	static
/home/t/asset-tracker-template/zephyr/subsys/bluetooth/host/att.c:2122:16:write_cb	24	static
/home/t/asset-tracker-template/zephyr/subsys/bluetooth/host/att.c:2241:16:prep_write_cb	32	static
/home/t/asset-tracker-template/zephyr/subsys/bluetooth/host/att.c:1135:16:find_info_cb	24	static
/home/t/asset-tracker-template/zephyr/subsys/bluetooth/host/att.c:1454:16:att_chan_read	64	static
/home/t/asset-tracker-template/zephyr/subsys/bluetooth/host/att.c:1974:16:read_group_cb	40	static
/home/t/asset-tracker-template/zephyr/subsys/bluetooth/host/att.c:1849:16:read_vl_cb	32	static
/home/t/asset-tracker-template/zephyr/subsys/bluetooth/host/att.c:1679:16:read_cb	32	static
/home/t/asset-tracker-template/zephyr/subsys/bluetooth/host/att.c:1512:16:read_type_cb	40	static
/home/t/asset-tracker-template/zephyr/subsys/bluetooth/host/att.c:1245:16:find_type_cb	104	static
/home/t/asset-tracker-template/zephyr/subsys/bluetooth/host/att.c:3963:13:att_chan_mtu_updated	12	static
/home/t/asset-tracker-template/zephyr/subsys/bluetooth/host/att.c:3262:13:bt_att_connected	8	static
/home/t/asset-tracker-template/zephyr/subsys/bluetooth/host/att.c:1956:13:attr_read_group_cb	0	static
/home/t/asset-tracker-template/zephyr/include/zephyr/kernel.h:836:23:k_current_get.part.0	8	static
/home/t/asset-tracker-template/zephyr/subsys/bluetooth/host/att.c:360:36:att_get_tx_meta_data.part.0	8	static
/home/t/asset-tracker-template/zephyr/subsys/bluetooth/host/att.c:904:13:send_err_rsp.part.0	0	static
/home/t/asset-tracker-template/zephyr/subsys/bluetooth/host/att.c:3542:12:bt_att_accept	104	dynamic,bounded
/home/t/asset-tracker-template/zephyr/subsys/bluetooth/host/att.c:3116:24:att_create_rsp_pdu	24	static
/home/t/asset-tracker-template/zephyr/subsys/bluetooth/host/att.c:413:12:chan_send	40	static
/home/t/asset-tracker-template/zephyr/subsys/bluetooth/host/att.c:624:12:bt_att_chan_req_send	24	static
/home/t/asset-tracker-template/zephyr/subsys/bluetooth/host/att.c:3384:13:bt_att_status	16	static
/home/t/asset-tracker-template/zephyr/subsys/bluetooth/host/att.c:991:13:att_req_send_process	24	static
/home/t/asset-tracker-template/zephyr/subsys/bluetooth/host/att.c:1027:16:att_handle_rsp	48	static
/home/t/asset-tracker-template/zephyr/subsys/bluetooth/host/att.c:2799:16:att_confirm	0	static
/home/t/asset-tracker-template/zephyr/subsys/bluetooth/host/att.c:3278:13:bt_att_disconnected	40	static
/home/t/asset-tracker-template/zephyr/subsys/bluetooth/host/att.c:377:13:att_disconnect	88	static
/home/t/asset-tracker-template/zephyr/subsys/bluetooth/host/att.c:3211:13:att_timeout	128	dynamic,bounded
/home/t/asset-tracker-template/zephyr/subsys/bluetooth/host/att.c:603:12:process_queue	16	static
/home/t/asset-tracker-template/zephyr/subsys/bluetooth/host/att.c:658:13:bt_att_sent	24	static
/home/t/asset-tracker-template/zephyr/subsys/bluetooth/host/att.c:257:13:att_tx_destroy_work_handler	96	dynamic,bounded
/home/t/asset-tracker-template/zephyr/subsys/bluetooth/host/att.c:797:24:bt_att_chan_create_pdu	32	static
/home/t/asset-tracker-template/zephyr/subsys/bluetooth/host/att.c:3335:13:bt_att_encrypt_change	16	static
/home/t/asset-tracker-template/zephyr/subsys/bluetooth/host/att.c:929:16:att_mtu_req	16	static
/home/t/asset-tracker-template/zephyr/subsys/bluetooth/host/att.c:904:13:send_err_rsp	24	static
/home/t/asset-tracker-template/zephyr/subsys/bluetooth/host/att.c:2164:16:att_write_rsp	72	static
/home/t/asset-tracker-template/zephyr/subsys/bluetooth/host/att.c:2499:16:att_write_cmd	32	static
/home/t/asset-tracker-template/zephyr/subsys/bluetooth/host/att.c:2219:16:att_write_req	32	static
/home/t/asset-tracker-template/zephyr/subsys/bluetooth/host/att.c:3007:12:bt_att_recv	32	static
/home/t/asset-tracker-template/zephyr/subsys/bluetooth/host/att.c:1215:16:att_find_info_req	56	static
/home/t/asset-tracker-template/zephyr/subsys/bluetooth/host/att.c:1794:16:att_read_mult_req	64	static
/home/t/asset-tracker-template/zephyr/subsys/bluetooth/host/att.c:1898:16:att_read_mult_vl_req	64	static
/home/t/asset-tracker-template/zephyr/subsys/bluetooth/host/att.c:1377:16:att_find_type_req	72	static
/home/t/asset-tracker-template/zephyr/subsys/bluetooth/host/att.c:1717:16:att_read_rsp	56	static
/home/t/asset-tracker-template/zephyr/subsys/bluetooth/host/att.c:1777:16:att_read_blob_req	16	static
/home/t/asset-tracker-template/zephyr/subsys/bluetooth/host/att.c:1762:16:att_read_req	16	static
/home/t/asset-tracker-template/zephyr/subsys/bluetooth/host/att.c:2352:16:att_prepare_write_req	72	static
/home/t/asset-tracker-template/zephyr/subsys/bluetooth/host/att.c:2487:16:att_exec_write_req	72	static
/home/t/asset-tracker-template/zephyr/subsys/bluetooth/host/att.c:2061:16:att_read_group_req	88	static
/home/t/asset-tracker-template/zephyr/subsys/bluetooth/host/att.c:1612:16:att_read_type_req	88	static
/home/t/asset-tracker-template/zephyr/subsys/bluetooth/host/att.c:3092:17:bt_att_create_pdu	16	static
/home/t/asset-tracker-template/zephyr/subsys/bluetooth/host/att.c:3913:6:bt_att_init	0	static
/home/t/asset-tracker-template/zephyr/subsys/bluetooth/host/att.c:3922:10:bt_att_get_mtu	8	static
/home/t/asset-tracker-template/zephyr/subsys/bluetooth/host/att.c:3942:10:bt_att_get_uatt_mtu	56	dynamic,bounded
/home/t/asset-tracker-template/zephyr/subsys/bluetooth/host/att.c:3987:20:bt_att_req_alloc	16	static
/home/t/asset-tracker-template/zephyr/subsys/bluetooth/host/att.c:4025:6:bt_att_req_free	8	static
/home/t/asset-tracker-template/zephyr/subsys/bluetooth/host/att.c:4037:5:bt_att_send	16	static
/home/t/asset-tracker-template/zephyr/subsys/bluetooth/host/att.c:4056:5:bt_att_req_send	16	static
/home/t/asset-tracker-template/zephyr/subsys/bluetooth/host/att.c:4095:6:bt_att_req_cancel	8	static
/home/t/asset-tracker-template/zephyr/subsys/bluetooth/host/att.c:4124:20:bt_att_find_req_by_user_data	8	static
/home/t/asset-tracker-template/zephyr/subsys/bluetooth/host/att.c:4150:6:bt_att_fixed_chan_only	0	static
/home/t/asset-tracker-template/zephyr/subsys/bluetooth/host/att.c:4159:6:bt_att_clear_out_of_sync_sent	8	static
/home/t/asset-tracker-template/zephyr/subsys/bluetooth/host/att.c:4173:6:bt_att_out_of_sync_sent_on_fixed	8	static
/home/t/asset-tracker-template/zephyr/subsys/bluetooth/host/att.c:4187:6:bt_att_set_tx_meta_data	24	static
/home/t/asset-tracker-template/zephyr/subsys/bluetooth/host/att.c:4198:6:bt_att_increment_tx_meta_data_attr_count	16	static
/home/t/asset-tracker-template/zephyr/subsys/bluetooth/host/att.c:4205:6:bt_att_tx_meta_data_match	24	static
/home/t/asset-tracker-template/zephyr/subsys/bluetooth/host/att.c:4215:6:bt_att_chan_opt_valid	8	static
