/home/t/asset-tracker-template/zephyr/subsys/bluetooth/host/gatt.c:1231:16:found_attr	0	static
/home/t/asset-tracker-template/zephyr/subsys/bluetooth/host/gatt.c:2609:13:gatt_indicate_rsp	8	static
/home/t/asset-tracker-template/zephyr/subsys/bluetooth/host/gatt.c:2876:16:match_uuid	0	static
/home/t/asset-tracker-template/zephyr/subsys/bluetooth/host/gatt.c:5934:12:ccc_set_cb	0	static
/home/t/asset-tracker-template/zephyr/subsys/bluetooth/host/gatt.c:212:16:read_ppcp	16	static
/home/t/asset-tracker-template/zephyr/subsys/bluetooth/host/gatt.c:143:16:read_appearance	32	static
/home/t/asset-tracker-template/zephyr/subsys/bluetooth/host/gatt.c:1872:9:bt_gatt_attr_read_service	16	static
/home/t/asset-tracker-template/zephyr/subsys/bluetooth/host/gatt.c:118:16:write_name	48	static
/home/t/asset-tracker-template/zephyr/subsys/bluetooth/host/gatt.c:6398:12:db_hash_set	8	static
/home/t/asset-tracker-template/zephyr/subsys/bluetooth/host/gatt.c:875:13:db_hash_store	8	static
/home/t/asset-tracker-template/zephyr/subsys/bluetooth/host/gatt.c:610:28:find_cf_cfg	16	static
/home/t/asset-tracker-template/zephyr/subsys/bluetooth/host/gatt.c:629:16:cf_read	32	static
/home/t/asset-tracker-template/zephyr/subsys/bluetooth/host/gatt.c:2168:32:find_ccc_cfg	8	static
/home/t/asset-tracker-template/zephyr/subsys/bluetooth/host/gatt.c:2187:9:bt_gatt_attr_read_ccc	32	static
/home/t/asset-tracker-template/zephyr/subsys/bluetooth/host/gatt.c:1596:13:sc_indicate	4	static
/home/t/asset-tracker-template/zephyr/subsys/bluetooth/host/gatt.c:348:13:sc_store	8	static
/home/t/asset-tracker-template/zephyr/subsys/bluetooth/host/gatt.c:1895:16:get_service_handles	32	static
/home/t/asset-tracker-template/zephyr/subsys/bluetooth/host/gatt.c:2207:13:gatt_ccc_changed	16	static
/home/t/asset-tracker-template/zephyr/subsys/bluetooth/host/gatt.c:1537:13:bt_gatt_service_init	8	static
/home/t/asset-tracker-template/zephyr/subsys/bluetooth/host/gatt.c:6148:16:ccc_save.part.0	8	static
/home/t/asset-tracker-template/zephyr/subsys/bluetooth/host/gatt.c:6293:12:sc_commit	8	static
/home/t/asset-tracker-template/zephyr/subsys/bluetooth/host/gatt.c:1911:10:bt_gatt_attr_get_handle.part.0	24	static
/home/t/asset-tracker-template/zephyr/subsys/bluetooth/host/gatt.c:5948:12:ccc_set_direct.part.0	8	static
/home/t/asset-tracker-template/zephyr/subsys/bluetooth/host/gatt.c:1140:16:convert_to_id_on_match	16	static
/home/t/asset-tracker-template/zephyr/subsys/bluetooth/host/gatt.c:2148:16:find_next	0	static
/home/t/asset-tracker-template/zephyr/subsys/bluetooth/host/gatt.c:1469:13:gatt_delayed_store_enqueue	24	static
/home/t/asset-tracker-template/zephyr/subsys/bluetooth/host/gatt.c:107:16:read_name	24	static
/home/t/asset-tracker-template/zephyr/subsys/bluetooth/host/gatt.c:6431:16:remove_peer_from_attr	8	static
/home/t/asset-tracker-template/zephyr/subsys/bluetooth/host/gatt.c:2238:9:bt_gatt_attr_write_ccc	32	static
/home/t/asset-tracker-template/zephyr/subsys/bluetooth/host/gatt.c:6148:16:ccc_save	16	static
/home/t/asset-tracker-template/zephyr/subsys/bluetooth/host/gatt.c:1067:12:bt_gatt_store_cf.isra	24	static
/home/t/asset-tracker-template/zephyr/subsys/bluetooth/host/gatt.c:588:13:set_all_change_unaware	8	static
/home/t/asset-tracker-template/zephyr/subsys/bluetooth/host/gatt.c:1642:13:db_changed	24	static
/home/t/asset-tracker-template/zephyr/subsys/bluetooth/host/gatt.c:367:12:bt_gatt_clear_sc	24	static
/home/t/asset-tracker-template/zephyr/subsys/bluetooth/host/gatt.c:393:13:sc_clear	16	static
/home/t/asset-tracker-template/zephyr/subsys/bluetooth/host/gatt.c:3421:16:disconnected_cb	24	static
/home/t/asset-tracker-template/zephyr/subsys/bluetooth/host/gatt.c:5809:16:ccc_load	32	static
/home/t/asset-tracker-template/zephyr/subsys/bluetooth/host/gatt.c:1326:13:sc_indicate_rsp	8	static
/home/t/asset-tracker-template/zephyr/subsys/bluetooth/host/gatt.c:3282:13:sc_restore_rsp	16	static
/home/t/asset-tracker-template/zephyr/subsys/bluetooth/host/gatt.c:446:13:sc_save	32	static
/home/t/asset-tracker-template/zephyr/subsys/bluetooth/host/gatt.c:482:16:sc_ccc_cfg_write	8	static
/home/t/asset-tracker-template/zephyr/subsys/bluetooth/host/gatt.c:671:16:cf_write	24	static
/home/t/asset-tracker-template/zephyr/subsys/bluetooth/host/gatt.c:799:16:gen_hash_m	56	static
/home/t/asset-tracker-template/zephyr/subsys/bluetooth/host/gatt.c:6224:12:sc_set	80	dynamic,bounded
/home/t/asset-tracker-template/zephyr/subsys/bluetooth/host/gatt.c:6310:12:cf_set	80	dynamic,bounded
/home/t/asset-tracker-template/zephyr/subsys/bluetooth/host/gatt.c:1548:6:bt_gatt_init	8	static
/home/t/asset-tracker-template/zephyr/subsys/bluetooth/host/gatt.c:1623:6:bt_gatt_cb_register	0	static
/home/t/asset-tracker-template/zephyr/subsys/bluetooth/host/gatt.c:1628:5:bt_gatt_cb_unregister	0	static
/home/t/asset-tracker-template/zephyr/subsys/bluetooth/host/gatt.c:1825:6:bt_gatt_service_is_registered	8	static
/home/t/asset-tracker-template/zephyr/subsys/bluetooth/host/gatt.c:1844:9:bt_gatt_attr_read	8	static
/home/t/asset-tracker-template/zephyr/subsys/bluetooth/host/gatt.c:1911:10:bt_gatt_attr_get_handle	0	static
/home/t/asset-tracker-template/zephyr/subsys/bluetooth/host/gatt.c:1984:10:bt_gatt_attr_value_handle	16	static
/home/t/asset-tracker-template/zephyr/subsys/bluetooth/host/gatt.c:2001:9:bt_gatt_attr_read_chrc	48	static
/home/t/asset-tracker-template/zephyr/subsys/bluetooth/host/gatt.c:2109:6:bt_gatt_foreach_attr_type	56	static
/home/t/asset-tracker-template/zephyr/subsys/bluetooth/host/gatt.c:889:13:db_hash_gen	424	static
/home/t/asset-tracker-template/zephyr/subsys/bluetooth/host/gatt.c:991:16:db_hash_read	24	static
/home/t/asset-tracker-template/zephyr/subsys/bluetooth/host/gatt.c:920:13:do_db_hash	16	static
/home/t/asset-tracker-template/zephyr/subsys/bluetooth/host/gatt.c:986:13:db_hash_process	0	static
/home/t/asset-tracker-template/zephyr/subsys/bluetooth/host/gatt.c:6414:12:db_hash_commit	8	static
/home/t/asset-tracker-template/zephyr/subsys/bluetooth/host/gatt.c:1740:5:bt_gatt_service_register	72	static
/home/t/asset-tracker-template/zephyr/subsys/bluetooth/host/gatt.c:1941:9:bt_gatt_attr_read_included	56	static
/home/t/asset-tracker-template/zephyr/subsys/bluetooth/host/gatt.c:5948:12:ccc_set_direct	304	dynamic,bounded
/home/t/asset-tracker-template/zephyr/subsys/bluetooth/host/gatt.c:6182:12:gatt_store_ccc.isra	240	static
/home/t/asset-tracker-template/zephyr/subsys/bluetooth/host/gatt.c:1164:13:bt_gatt_identity_resolved	56	static
/home/t/asset-tracker-template/zephyr/subsys/bluetooth/host/gatt.c:1788:5:bt_gatt_service_unregister	48	static
/home/t/asset-tracker-template/zephyr/subsys/bluetooth/host/gatt.c:1192:13:bt_gatt_pairing_complete	16	static
/home/t/asset-tracker-template/zephyr/subsys/bluetooth/host/gatt.c:1503:13:gatt_store_ccc_cf	24	static
/home/t/asset-tracker-template/zephyr/subsys/bluetooth/host/gatt.c:1488:13:delayed_store	8	static
/home/t/asset-tracker-template/zephyr/subsys/bluetooth/host/gatt.c:2158:22:bt_gatt_attr_next	32	static
/home/t/asset-tracker-template/zephyr/subsys/bluetooth/host/gatt.c:2320:9:bt_gatt_attr_read_cep	16	static
/home/t/asset-tracker-template/zephyr/subsys/bluetooth/host/gatt.c:2331:9:bt_gatt_attr_read_cud	24	static
/home/t/asset-tracker-template/zephyr/subsys/bluetooth/host/gatt.c:2349:9:bt_gatt_attr_read_cpf	16	static
/home/t/asset-tracker-template/zephyr/subsys/bluetooth/host/gatt.c:2898:22:bt_gatt_find_by_uuid	40	static
/home/t/asset-tracker-template/zephyr/subsys/bluetooth/host/gatt.c:3205:10:bt_gatt_get_mtu	0	static
/home/t/asset-tracker-template/zephyr/subsys/bluetooth/host/gatt.c:3210:10:bt_gatt_get_uatt_mtu	0	static
/home/t/asset-tracker-template/zephyr/subsys/bluetooth/host/gatt.c:3215:9:bt_gatt_check_perm	16	static
/home/t/asset-tracker-template/zephyr/subsys/bluetooth/host/gatt.c:3491:6:bt_gatt_is_subscribed	120	dynamic,bounded
/home/t/asset-tracker-template/zephyr/subsys/bluetooth/host/gatt.c:2693:12:gatt_indicate	32	static
/home/t/asset-tracker-template/zephyr/subsys/bluetooth/host/gatt.c:3146:5:bt_gatt_indicate	56	static
/home/t/asset-tracker-template/zephyr/subsys/bluetooth/host/gatt.c:1360:13:sc_process	16	static
/home/t/asset-tracker-template/zephyr/subsys/bluetooth/host/gatt.c:3358:16:update_ccc	64	dynamic,bounded
/home/t/asset-tracker-template/zephyr/subsys/bluetooth/host/gatt.c:2532:12:gatt_notify	24	static
/home/t/asset-tracker-template/zephyr/subsys/bluetooth/host/gatt.c:2921:5:bt_gatt_notify_cb	56	static
/home/t/asset-tracker-template/zephyr/subsys/bluetooth/host/gatt.c:2770:16:notify_cb	32	static
/home/t/asset-tracker-template/zephyr/subsys/bluetooth/host/gatt.c:5967:6:bt_gatt_connected	88	static
/home/t/asset-tracker-template/zephyr/subsys/bluetooth/host/gatt.c:6034:6:bt_gatt_att_max_mtu_changed	24	static
/home/t/asset-tracker-template/zephyr/subsys/bluetooth/host/gatt.c:6045:6:bt_gatt_encrypt_change	40	static
/home/t/asset-tracker-template/zephyr/subsys/bluetooth/host/gatt.c:6068:6:bt_gatt_change_aware	24	static
/home/t/asset-tracker-template/zephyr/subsys/bluetooth/host/gatt.c:6520:5:bt_gatt_clear	40	static
/home/t/asset-tracker-template/zephyr/subsys/bluetooth/host/gatt.c:6550:6:bt_gatt_disconnected	40	static
/home/t/asset-tracker-template/zephyr/subsys/bluetooth/host/gatt.c:6585:6:bt_gatt_req_set_mtu	0	static
/home/t/asset-tracker-template/zephyr/subsys/bluetooth/host/gatt.c:6609:6:bt_gatt_attr_read_authorize	0	static
/home/t/asset-tracker-template/zephyr/subsys/bluetooth/host/gatt.c:6622:6:bt_gatt_attr_write_authorize	0	static
/home/t/asset-tracker-template/zephyr/subsys/bluetooth/host/gatt.c:6635:5:bt_gatt_authorization_cb_register	0	static
