/home/t/asset-tracker-template/zephyr/subsys/bluetooth/host/id.c:77:13:adv_id_check_func	0	static
/home/t/asset-tracker-template/zephyr/subsys/bluetooth/host/id.c:107:13:adv_is_limited_enabled	0	static
/home/t/asset-tracker-template/zephyr/subsys/bluetooth/host/id.c:944:13:keys_conflict_check	48	static
/home/t/asset-tracker-template/zephyr/subsys/bluetooth/host/id.c:979:13:find_rl_conflict	16	static
/home/t/asset-tracker-template/zephyr/subsys/bluetooth/host/id.c:133:12:set_random_address	16	static
/home/t/asset-tracker-template/zephyr/subsys/bluetooth/host/id.c:1027:6:find_rl_conflict_multiple	88	dynamic,bounded
/home/t/asset-tracker-template/zephyr/subsys/bluetooth/host/id.c:117:13:adv_pause_enabled	0	static
/home/t/asset-tracker-template/zephyr/subsys/bluetooth/host/id.c:882:12:hci_id_add	24	static
/home/t/asset-tracker-template/zephyr/subsys/bluetooth/host/id.c:1209:13:keys_add_id	0	static
/home/t/asset-tracker-template/zephyr/subsys/bluetooth/host/id.c:125:13:adv_unpause_enabled	0	static
/home/t/asset-tracker-template/zephyr/subsys/bluetooth/host/id.c:1479:12:id_create.constprop	32	static
/home/t/asset-tracker-template/zephyr/subsys/bluetooth/host/id.c:1074:6:bt_id_add.part.0	32	static
/home/t/asset-tracker-template/zephyr/subsys/bluetooth/host/id.c:56:21:bt_lookup_id_addr	8	static
/home/t/asset-tracker-template/zephyr/subsys/bluetooth/host/id.c:171:5:bt_id_set_adv_random_addr	16	static
/home/t/asset-tracker-template/zephyr/subsys/bluetooth/host/id.c:490:5:bt_id_set_private_addr	16	static
/home/t/asset-tracker-template/zephyr/subsys/bluetooth/host/id.c:518:5:bt_id_set_adv_private_addr	16	static
/home/t/asset-tracker-template/zephyr/subsys/bluetooth/host/id.c:714:6:bt_id_scan_random_addr_check	0	static
/home/t/asset-tracker-template/zephyr/subsys/bluetooth/host/id.c:761:6:bt_id_adv_random_addr_check	0	static
/home/t/asset-tracker-template/zephyr/subsys/bluetooth/host/id.c:827:6:bt_id_adv_limited_stopped	0	static
/home/t/asset-tracker-template/zephyr/subsys/bluetooth/host/id.c:926:6:bt_id_pending_keys_update_set	0	static
/home/t/asset-tracker-template/zephyr/subsys/bluetooth/host/id.c:932:6:bt_id_pending_keys_update	0	static
/home/t/asset-tracker-template/zephyr/subsys/bluetooth/host/id.c:1009:17:bt_id_find_conflict	24	static
/home/t/asset-tracker-template/zephyr/subsys/bluetooth/host/id.c:1059:6:bt_id_find_conflict_multiple	32	static
/home/t/asset-tracker-template/zephyr/subsys/bluetooth/host/id.c:1074:6:bt_id_add	4	static
/home/t/asset-tracker-template/zephyr/subsys/bluetooth/host/id.c:1234:6:bt_id_del	40	static
/home/t/asset-tracker-template/zephyr/subsys/bluetooth/host/id.c:911:13:pending_id_update	4	static
/home/t/asset-tracker-template/zephyr/subsys/bluetooth/host/id.c:1337:12:conflict_check_and_replace.constprop	32	static
/home/t/asset-tracker-template/zephyr/subsys/bluetooth/host/id.c:1400:13:check_and_add_keys_for_id	8	static
/home/t/asset-tracker-template/zephyr/subsys/bluetooth/host/id.c:1417:5:bt_id_resolving_list_check_and_update	72	dynamic,bounded
/home/t/asset-tracker-template/zephyr/subsys/bluetooth/host/id.c:1454:6:bt_id_get	16	static
/home/t/asset-tracker-template/zephyr/subsys/bluetooth/host/id.c:1540:5:bt_id_create	24	static
/home/t/asset-tracker-template/zephyr/subsys/bluetooth/host/id.c:1596:5:bt_id_reset	32	static
/home/t/asset-tracker-template/zephyr/subsys/bluetooth/host/id.c:1648:5:bt_id_delete	40	static
/home/t/asset-tracker-template/zephyr/subsys/bluetooth/host/id.c:1734:9:bt_id_read_public_addr	32	static
/home/t/asset-tracker-template/zephyr/subsys/bluetooth/host/id.c:1768:5:bt_setup_public_id_addr	16	static
/home/t/asset-tracker-template/zephyr/subsys/bluetooth/host/id.c:1858:5:bt_setup_random_id_addr	56	static
/home/t/asset-tracker-template/zephyr/subsys/bluetooth/host/id.c:2018:5:bt_id_set_scan_own_addr	16	static
/home/t/asset-tracker-template/zephyr/subsys/bluetooth/host/id.c:2094:5:bt_id_set_adv_own_addr	24	static
/home/t/asset-tracker-template/zephyr/subsys/bluetooth/host/id.c:2247:5:bt_le_oob_get_local	16	static
/home/t/asset-tracker-template/zephyr/subsys/bluetooth/host/id.c:2326:5:bt_le_ext_adv_oob_get_local	8	static
/home/t/asset-tracker-template/zephyr/subsys/bluetooth/host/id.c:2402:5:bt_le_oob_set_sc_data	16	static
/home/t/asset-tracker-template/zephyr/subsys/bluetooth/host/id.c:2418:5:bt_le_oob_get_sc_data	88	dynamic,bounded
/home/t/asset-tracker-template/zephyr/subsys/bluetooth/host/id.c:2437:5:bt_id_init	0	static
