/home/t/asset-tracker-template/zephyr/subsys/bluetooth/host/scan.c:129:12:cmd_le_set_ext_scan_enable	48	static
/home/t/asset-tracker-template/zephyr/subsys/bluetooth/host/scan.c:1157:12:per_adv_sync_terminate	16	static
/home/t/asset-tracker-template/zephyr/subsys/bluetooth/host/scan.c:2081:12:bt_le_set_per_adv_recv_enable	56	static
/home/t/asset-tracker-template/zephyr/subsys/bluetooth/host/scan.c:780:13:create_ext_adv_info	16	static
/home/t/asset-tracker-template/zephyr/subsys/bluetooth/host/scan.c:622:13:le_adv_recv	40	static
/home/t/asset-tracker-template/zephyr/subsys/bluetooth/host/scan.c:1175:13:per_adv_sync_terminated	24	static
/home/t/asset-tracker-template/zephyr/subsys/bluetooth/host/scan.c:433:12:scan_update.part.0	64	static
/home/t/asset-tracker-template/zephyr/subsys/bluetooth/host/scan.c:486:12:scan_check_if_state_allowed	0	static
/home/t/asset-tracker-template/zephyr/subsys/bluetooth/host/scan.c:113:6:bt_scan_softreset	4	static
/home/t/asset-tracker-template/zephyr/subsys/bluetooth/host/scan.c:121:6:bt_scan_reset	8	static
/home/t/asset-tracker-template/zephyr/subsys/bluetooth/host/scan.c:196:5:bt_le_scan_set_enable	0	static
/home/t/asset-tracker-template/zephyr/subsys/bluetooth/host/scan.c:343:6:bt_le_scan_active_scanner_running	0	static
/home/t/asset-tracker-template/zephyr/subsys/bluetooth/host/scan.c:501:5:bt_le_scan_user_add	16	static
/home/t/asset-tracker-template/zephyr/subsys/bluetooth/host/scan.c:527:5:bt_le_scan_user_remove	8	static
/home/t/asset-tracker-template/zephyr/subsys/bluetooth/host/scan.c:687:6:bt_hci_le_scan_timeout	8	static
/home/t/asset-tracker-template/zephyr/subsys/bluetooth/host/scan.c:800:6:bt_hci_le_adv_ext_report	88	static
/home/t/asset-tracker-template/zephyr/subsys/bluetooth/host/scan.c:1001:6:bt_periodic_sync_disable	0	static
/home/t/asset-tracker-template/zephyr/subsys/bluetooth/host/scan.c:1008:28:bt_hci_per_adv_sync_lookup_handle	0	static
/home/t/asset-tracker-template/zephyr/subsys/bluetooth/host/scan.c:1020:6:bt_hci_le_per_adv_report_recv	32	static
/home/t/asset-tracker-template/zephyr/subsys/bluetooth/host/scan.c:1146:6:bt_hci_le_per_adv_report	32	static
/home/t/asset-tracker-template/zephyr/subsys/bluetooth/host/scan.c:1322:6:bt_hci_le_per_adv_sync_established	48	static
/home/t/asset-tracker-template/zephyr/subsys/bluetooth/host/scan.c:1402:6:bt_hci_le_per_adv_sync_lost	0	static
/home/t/asset-tracker-template/zephyr/subsys/bluetooth/host/scan.c:1561:6:bt_hci_le_biginfo_adv_report	48	static
/home/t/asset-tracker-template/zephyr/subsys/bluetooth/host/scan.c:1650:6:bt_hci_le_adv_report	56	static
/home/t/asset-tracker-template/zephyr/subsys/bluetooth/host/scan.c:1747:5:bt_le_scan_start	16	static
/home/t/asset-tracker-template/zephyr/subsys/bluetooth/host/scan.c:1790:5:bt_le_scan_stop	8	static
/home/t/asset-tracker-template/zephyr/subsys/bluetooth/host/scan.c:1807:5:bt_le_scan_cb_register	4	static
/home/t/asset-tracker-template/zephyr/subsys/bluetooth/host/scan.c:1818:6:bt_le_scan_cb_unregister	4	static
/home/t/asset-tracker-template/zephyr/subsys/bluetooth/host/scan.c:1824:9:bt_le_per_adv_sync_get_index	8	static
/home/t/asset-tracker-template/zephyr/subsys/bluetooth/host/scan.c:1831:28:bt_le_per_adv_sync_lookup_index	0	static
/home/t/asset-tracker-template/zephyr/subsys/bluetooth/host/scan.c:1840:5:bt_le_per_adv_sync_get_info	0	static
/home/t/asset-tracker-template/zephyr/subsys/bluetooth/host/scan.c:1855:28:bt_le_per_adv_sync_lookup_addr	16	static
/home/t/asset-tracker-template/zephyr/subsys/bluetooth/host/scan.c:2033:5:bt_le_per_adv_sync_delete	16	static
/home/t/asset-tracker-template/zephyr/subsys/bluetooth/host/scan.c:1872:5:bt_le_per_adv_sync_create	40	static
/home/t/asset-tracker-template/zephyr/subsys/bluetooth/host/scan.c:2057:5:bt_le_per_adv_sync_cb_register	4	static
/home/t/asset-tracker-template/zephyr/subsys/bluetooth/host/scan.c:2068:5:bt_le_per_adv_sync_cb_unregister	0	static
/home/t/asset-tracker-template/zephyr/subsys/bluetooth/host/scan.c:2138:5:bt_le_per_adv_sync_recv_enable	0	static
/home/t/asset-tracker-template/zephyr/subsys/bluetooth/host/scan.c:2143:5:bt_le_per_adv_sync_recv_disable	0	static
/home/t/asset-tracker-template/zephyr/subsys/bluetooth/host/scan.c:2340:5:bt_le_per_adv_list_add	16	static
/home/t/asset-tracker-template/zephyr/subsys/bluetooth/host/scan.c:2367:5:bt_le_per_adv_list_remove	16	static
/home/t/asset-tracker-template/zephyr/subsys/bluetooth/host/scan.c:2395:5:bt_le_per_adv_list_clear	8	static
/home/t/asset-tracker-template/zephyr/subsys/bluetooth/host/scan.c:2413:6:bt_le_explicit_scanner_running	0	static
/home/t/asset-tracker-template/zephyr/subsys/bluetooth/host/scan.c:2418:6:bt_le_explicit_scanner_uses_same_params	0	static
