/home/t/asset-tracker-template/zephyr/subsys/bluetooth/host/smp.c:2874:16:smp_encrypt_info	0	static
/home/t/asset-tracker-template/zephyr/subsys/bluetooth/host/smp.c:4815:16:smp_keypress_notif	0	static
/home/t/asset-tracker-template/zephyr/subsys/bluetooth/host/smp.c:643:13:update_keys_check	0	static
/home/t/asset-tracker-template/zephyr/subsys/bluetooth/host/smp.c:348:16:get_io_capa	0	static
/home/t/asset-tracker-template/zephyr/subsys/bluetooth/host/smp.c:2928:16:get_auth	16	static
/home/t/asset-tracker-template/zephyr/subsys/bluetooth/host/smp.c:4184:13:convert_to_id_on_match	16	static
/home/t/asset-tracker-template/zephyr/subsys/bluetooth/host/smp.c:3762:16:smp_dhkey_generate	8	static
/home/t/asset-tracker-template/zephyr/subsys/bluetooth/host/smp.c:4107:16:smp_ident_info	56	dynamic,bounded
/home/t/asset-tracker-template/zephyr/subsys/bluetooth/host/smp.c:3022:23:smp_chan_get.part.0	8	static
/home/t/asset-tracker-template/zephyr/subsys/bluetooth/host/smp.c:6384:12:bt_smp_accept.part.0	56	dynamic,bounded
/home/t/asset-tracker-template/zephyr/subsys/bluetooth/host/smp.c:6384:12:bt_smp_accept	4	static
/home/t/asset-tracker-template/zephyr/subsys/bluetooth/host/smp.c:4932:13:bt_smp_pkey_ready.part.0	0	static
/home/t/asset-tracker-template/zephyr/subsys/bluetooth/host/smp.c:4448:16:smp_security_request	0	static
/home/t/asset-tracker-template/zephyr/subsys/bluetooth/host/smp.c:2056:13:smp_send.constprop	16	static
/home/t/asset-tracker-template/zephyr/subsys/bluetooth/host/smp.c:594:24:smp_create_pdu.constprop	16	static
/home/t/asset-tracker-template/zephyr/subsys/bluetooth/host/smp.c:3186:16:smp_pairing_req	24	static
/home/t/asset-tracker-template/zephyr/subsys/bluetooth/host/smp.c:2123:16:smp_send_pairing_random	16	static
/home/t/asset-tracker-template/zephyr/subsys/bluetooth/host/smp.c:3941:16:smp_pairing_random	40	static
/home/t/asset-tracker-template/zephyr/subsys/bluetooth/host/smp.c:3689:16:compute_and_check_and_send_periph_dhcheck	88	static
/home/t/asset-tracker-template/zephyr/subsys/bluetooth/host/smp.c:4690:16:smp_dhkey_check	8	static
/home/t/asset-tracker-template/zephyr/subsys/bluetooth/host/smp.c:2188:16:smp_send_pairing_confirm	32	static
/home/t/asset-tracker-template/zephyr/subsys/bluetooth/host/smp.c:3578:16:smp_pairing_confirm	16	static
/home/t/asset-tracker-template/zephyr/subsys/bluetooth/host/smp.c:4511:16:smp_public_key_periph	48	static
/home/t/asset-tracker-template/zephyr/subsys/bluetooth/host/smp.c:4573:16:smp_public_key	16	static
/home/t/asset-tracker-template/zephyr/subsys/bluetooth/host/smp.c:2879:16:smp_central_ident	0	static
/home/t/asset-tracker-template/zephyr/subsys/bluetooth/host/smp.c:3572:16:smp_pairing_rsp	0	static
/home/t/asset-tracker-template/zephyr/subsys/bluetooth/host/smp.c:4340:16:smp_signing_info	0	static
/home/t/asset-tracker-template/zephyr/subsys/bluetooth/host/smp.c:3121:12:smp_send_security_req	24	static
/home/t/asset-tracker-template/zephyr/subsys/bluetooth/host/smp.c:4976:13:bt_smp_connected	24	static
/home/t/asset-tracker-template/zephyr/subsys/bluetooth/host/smp.c:1947:13:smp_pairing_complete	24	static
/home/t/asset-tracker-template/zephyr/subsys/bluetooth/host/smp.c:2075:12:smp_error	24	static
/home/t/asset-tracker-template/zephyr/subsys/bluetooth/host/smp.c:4932:13:bt_smp_pkey_ready	8	static
/home/t/asset-tracker-template/zephyr/subsys/bluetooth/host/smp.c:3826:13:bt_smp_dhkey_ready	16	static
/home/t/asset-tracker-template/zephyr/subsys/bluetooth/host/smp.c:4854:12:bt_smp_recv	32	static
/home/t/asset-tracker-template/zephyr/subsys/bluetooth/host/smp.c:4197:16:smp_ident_addr_info	144	dynamic,bounded
/home/t/asset-tracker-template/zephyr/subsys/bluetooth/host/smp.c:4086:16:smp_pairing_failed	24	static
/home/t/asset-tracker-template/zephyr/subsys/bluetooth/host/smp.c:5024:13:bt_smp_encrypt_change	56	dynamic,bounded
/home/t/asset-tracker-template/zephyr/subsys/bluetooth/host/smp.c:4990:13:bt_smp_disconnected	16	static
/home/t/asset-tracker-template/zephyr/subsys/bluetooth/host/smp.c:2033:13:smp_timeout	24	static
/home/t/asset-tracker-template/zephyr/subsys/bluetooth/host/smp.c:2908:6:bt_set_bondable	0	static
/home/t/asset-tracker-template/zephyr/subsys/bluetooth/host/smp.c:2913:6:bt_get_bondable	0	static
/home/t/asset-tracker-template/zephyr/subsys/bluetooth/host/smp.c:2918:6:bt_le_oob_set_sc_flag	0	static
/home/t/asset-tracker-template/zephyr/subsys/bluetooth/host/smp.c:2923:6:bt_le_oob_set_legacy_flag	0	static
/home/t/asset-tracker-template/zephyr/subsys/bluetooth/host/smp.c:3035:6:bt_smp_request_ltk	32	static
/home/t/asset-tracker-template/zephyr/subsys/bluetooth/host/smp.c:5263:5:bt_smp_sign_verify	0	static
/home/t/asset-tracker-template/zephyr/subsys/bluetooth/host/smp.c:5268:5:bt_smp_sign	0	static
/home/t/asset-tracker-template/zephyr/subsys/bluetooth/host/smp.c:5293:5:bt_smp_irk_get	32	static
/home/t/asset-tracker-template/zephyr/subsys/bluetooth/host/smp.c:5774:5:bt_smp_auth_cb_overlay	8	static
/home/t/asset-tracker-template/zephyr/subsys/bluetooth/host/smp.c:5837:5:bt_smp_auth_passkey_entry	16	static
/home/t/asset-tracker-template/zephyr/subsys/bluetooth/host/smp.c:5884:5:bt_smp_auth_passkey_confirm	8	static
/home/t/asset-tracker-template/zephyr/subsys/bluetooth/host/smp.c:5964:5:bt_smp_le_oob_generate_sc_data	24	static
/home/t/asset-tracker-template/zephyr/subsys/bluetooth/host/smp.c:6087:5:bt_smp_le_oob_set_sc_data	48	static
/home/t/asset-tracker-template/zephyr/subsys/bluetooth/host/smp.c:6113:5:bt_smp_le_oob_get_sc_data	16	static
/home/t/asset-tracker-template/zephyr/subsys/bluetooth/host/smp.c:6140:5:bt_smp_auth_cancel	8	static
/home/t/asset-tracker-template/zephyr/subsys/bluetooth/host/smp.c:6219:5:bt_smp_auth_pairing_confirm	0	static
/home/t/asset-tracker-template/zephyr/subsys/bluetooth/host/smp.c:6243:5:bt_smp_start_security	0	static
/home/t/asset-tracker-template/zephyr/subsys/bluetooth/host/smp.c:6295:6:bt_smp_update_keys	64	dynamic,bounded
/home/t/asset-tracker-template/zephyr/subsys/bluetooth/host/smp.c:6424:5:bt_smp_init	8	static
