/home/t/asset-tracker-template/zephyr/subsys/logging/backends/log_backend_uart.c:82:12:char_out	24	static
/home/t/asset-tracker-template/zephyr/subsys/logging/backends/log_backend_uart.c:137:12:format_set	0	static
/home/t/asset-tracker-template/zephyr/subsys/logging/backends/log_backend_uart.c:184:13:panic	24	static
/home/t/asset-tracker-template/zephyr/subsys/logging/backends/log_backend_uart.c:209:13:dropped	0	static
/home/t/asset-tracker-template/zephyr/subsys/logging/backends/log_backend_uart.c:126:13:process	16	static
/home/t/asset-tracker-template/zephyr/subsys/logging/backends/log_backend_uart.c:147:13:log_backend_uart_init	8	static
