/home/t/asset-tracker-template/nrf/applications/nrf5340_audio/src/modules/audio_i2s.c:66:13:i2s_comp_handler	16	static
/home/t/asset-tracker-template/nrf/applications/nrf5340_audio/src/modules/audio_i2s.c:75:6:audio_i2s_set_next_buf	24	static
/home/t/asset-tracker-template/nrf/applications/nrf5340_audio/src/modules/audio_i2s.c:96:6:audio_i2s_start	24	static
/home/t/asset-tracker-template/nrf/applications/nrf5340_audio/src/modules/audio_i2s.c:120:6:audio_i2s_stop	8	static
/home/t/asset-tracker-template/nrf/applications/nrf5340_audio/src/modules/audio_i2s.c:129:6:audio_i2s_blk_comp_cb_register	0	static
/home/t/asset-tracker-template/nrf/applications/nrf5340_audio/src/modules/audio_i2s.c:134:6:audio_i2s_init	16	static
