/home/t/asset-tracker-template/modules/crypto/oberon-psa-crypto/library/psa_crypto.c:83:16:psa_get_initialized	24	static
/home/t/asset-tracker-template/modules/crypto/oberon-psa-crypto/library/psa_crypto.c:467:12:psa_key_algorithm_permits	12	static
/home/t/asset-tracker-template/modules/crypto/oberon-psa-crypto/library/psa_crypto.c:2472:21:psa_sign_verify_check_alg	0	static
/home/t/asset-tracker-template/modules/crypto/oberon-psa-crypto/library/psa_crypto.c:3536:21:psa_aead_check_algorithm	0	static
/home/t/asset-tracker-template/modules/crypto/oberon-psa-crypto/library/psa_crypto.c:674:21:psa_get_and_lock_key_slot_with_policy.part.0	32	static
/home/t/asset-tracker-template/modules/crypto/oberon-psa-crypto/library/psa_crypto.c:3096:21:psa_cipher_setup	40	static
/home/t/asset-tracker-template/modules/crypto/oberon-psa-crypto/library/psa_crypto.c:1318:21:psa_finish_key_creation.constprop	16	static
/home/t/asset-tracker-template/modules/crypto/oberon-psa-crypto/library/psa_crypto.c:1233:21:psa_start_key_creation.constprop	32	static
/home/t/asset-tracker-template/modules/crypto/oberon-psa-crypto/library/psa_crypto.c:1425:21:psa_validate_ecc_key_attr.isra	0	static
/home/t/asset-tracker-template/modules/crypto/oberon-psa-crypto/library/psa_crypto.c:2122:21:psa_mac_finalize_alg_and_key_validation.isra	0	static
/home/t/asset-tracker-template/modules/crypto/oberon-psa-crypto/library/psa_crypto.c:4882:21:psa_key_derivation_input_internal	16	static
/home/t/asset-tracker-template/modules/crypto/oberon-psa-crypto/library/psa_crypto.c:2361:21:psa_mac_compute_internal	64	static
/home/t/asset-tracker-template/modules/crypto/oberon-psa-crypto/library/psa_crypto.c:3696:21:psa_aead_setup	40	static
/home/t/asset-tracker-template/modules/crypto/oberon-psa-crypto/library/psa_crypto.c:2494:21:psa_sign_internal	72	static
/home/t/asset-tracker-template/modules/crypto/oberon-psa-crypto/library/psa_crypto.c:2175:21:psa_mac_setup	40	static
/home/t/asset-tracker-template/modules/crypto/oberon-psa-crypto/library/psa_crypto.c:368:24:psa_key_policy_algorithm_intersection	20	static
/home/t/asset-tracker-template/modules/crypto/oberon-psa-crypto/library/psa_crypto.c:132:5:psa_can_do_hash	16	static
/home/t/asset-tracker-template/modules/crypto/oberon-psa-crypto/library/psa_crypto.c:138:5:psa_can_do_cipher	16	static
/home/t/asset-tracker-template/modules/crypto/oberon-psa-crypto/library/psa_crypto.c:189:14:psa_validate_unstructured_key_bit_size	0	static
/home/t/asset-tracker-template/modules/crypto/oberon-psa-crypto/library/psa_crypto.c:294:14:psa_allocate_buffer_to_slot	16	static
/home/t/asset-tracker-template/modules/crypto/oberon-psa-crypto/library/psa_crypto.c:316:14:psa_copy_key_material_into_slot	24	static
/home/t/asset-tracker-template/modules/crypto/oberon-psa-crypto/library/psa_crypto.c:330:14:psa_import_key_into_slot	16	static
/home/t/asset-tracker-template/modules/crypto/oberon-psa-crypto/library/psa_crypto.c:726:14:psa_remove_key_data_from_memory	8	static
/home/t/asset-tracker-template/modules/crypto/oberon-psa-crypto/library/psa_crypto.c:747:14:psa_wipe_key_slot	16	static
/home/t/asset-tracker-template/modules/crypto/oberon-psa-crypto/library/psa_crypto.c:819:14:psa_destroy_key	24	static
/home/t/asset-tracker-template/modules/crypto/oberon-psa-crypto/library/psa_crypto.c:933:14:psa_get_key_attributes	24	static
/home/t/asset-tracker-template/modules/crypto/oberon-psa-crypto/library/psa_crypto.c:967:14:psa_export_key_internal	16	static
/home/t/asset-tracker-template/modules/crypto/oberon-psa-crypto/library/psa_crypto.c:1000:14:psa_export_key	40	static
/home/t/asset-tracker-template/modules/crypto/oberon-psa-crypto/library/psa_crypto.c:1041:14:psa_export_public_key_internal	16	static
/home/t/asset-tracker-template/modules/crypto/oberon-psa-crypto/library/psa_crypto.c:1077:14:psa_export_public_key	32	static
/home/t/asset-tracker-template/modules/crypto/oberon-psa-crypto/library/psa_crypto.c:1548:14:psa_import_key	64	static
/home/t/asset-tracker-template/modules/crypto/oberon-psa-crypto/library/psa_crypto.c:1651:14:psa_copy_key	88	static
/home/t/asset-tracker-template/modules/crypto/oberon-psa-crypto/library/psa_crypto.c:1778:14:psa_hash_abort	8	static
/home/t/asset-tracker-template/modules/crypto/oberon-psa-crypto/library/psa_crypto.c:1791:14:psa_hash_setup	16	static
/home/t/asset-tracker-template/modules/crypto/oberon-psa-crypto/library/psa_crypto.c:1824:14:psa_hash_update	16	static
/home/t/asset-tracker-template/modules/crypto/oberon-psa-crypto/library/psa_crypto.c:1851:14:psa_hash_finish	16	static
/home/t/asset-tracker-template/modules/crypto/oberon-psa-crypto/library/psa_crypto.c:1867:14:psa_hash_verify	48	static
/home/t/asset-tracker-template/modules/crypto/oberon-psa-crypto/library/psa_crypto.c:1900:14:psa_hash_compute	8	static
/home/t/asset-tracker-template/modules/crypto/oberon-psa-crypto/library/psa_crypto.c:1914:14:psa_hash_compare	48	static
/home/t/asset-tracker-template/modules/crypto/oberon-psa-crypto/library/psa_crypto.c:1945:14:psa_hash_clone	16	static
/home/t/asset-tracker-template/modules/crypto/oberon-psa-crypto/library/psa_crypto.c:1974:14:psa_xof_abort	8	static
/home/t/asset-tracker-template/modules/crypto/oberon-psa-crypto/library/psa_crypto.c:1987:14:psa_xof_setup	16	static
/home/t/asset-tracker-template/modules/crypto/oberon-psa-crypto/library/psa_crypto.c:2024:14:psa_xof_set_context	16	static
/home/t/asset-tracker-template/modules/crypto/oberon-psa-crypto/library/psa_crypto.c:2051:14:psa_xof_update	16	static
/home/t/asset-tracker-template/modules/crypto/oberon-psa-crypto/library/psa_crypto.c:2079:14:psa_xof_output	16	static
/home/t/asset-tracker-template/modules/crypto/oberon-psa-crypto/library/psa_crypto.c:2107:14:psa_mac_abort	8	static
/home/t/asset-tracker-template/modules/crypto/oberon-psa-crypto/library/psa_crypto.c:2238:14:psa_mac_sign_setup	0	static
/home/t/asset-tracker-template/modules/crypto/oberon-psa-crypto/library/psa_crypto.c:2245:14:psa_mac_verify_setup	0	static
/home/t/asset-tracker-template/modules/crypto/oberon-psa-crypto/library/psa_crypto.c:2252:14:psa_mac_update	16	static
/home/t/asset-tracker-template/modules/crypto/oberon-psa-crypto/library/psa_crypto.c:2275:14:psa_mac_sign_finish	24	static
/home/t/asset-tracker-template/modules/crypto/oberon-psa-crypto/library/psa_crypto.c:2330:14:psa_mac_verify_finish	16	static
/home/t/asset-tracker-template/modules/crypto/oberon-psa-crypto/library/psa_crypto.c:2421:14:psa_mac_compute	32	static
/home/t/asset-tracker-template/modules/crypto/oberon-psa-crypto/library/psa_crypto.c:2434:14:psa_mac_verify	56	static
/home/t/asset-tracker-template/modules/crypto/oberon-psa-crypto/library/psa_crypto.c:2613:14:psa_sign_message_with_context_builtin	80	static
/home/t/asset-tracker-template/modules/crypto/oberon-psa-crypto/library/psa_crypto.c:2651:14:psa_sign_message	40	static
/home/t/asset-tracker-template/modules/crypto/oberon-psa-crypto/library/psa_crypto.c:2664:14:psa_sign_message_with_context	40	static
/home/t/asset-tracker-template/modules/crypto/oberon-psa-crypto/library/psa_crypto.c:2682:14:psa_verify_message_with_context_builtin	72	static
/home/t/asset-tracker-template/modules/crypto/oberon-psa-crypto/library/psa_crypto.c:2719:14:psa_verify_message	56	static
/home/t/asset-tracker-template/modules/crypto/oberon-psa-crypto/library/psa_crypto.c:2731:14:psa_verify_message_with_context	56	static
/home/t/asset-tracker-template/modules/crypto/oberon-psa-crypto/library/psa_crypto.c:2748:14:psa_sign_hash	40	static
/home/t/asset-tracker-template/modules/crypto/oberon-psa-crypto/library/psa_crypto.c:2761:14:psa_sign_hash_with_context	40	static
/home/t/asset-tracker-template/modules/crypto/oberon-psa-crypto/library/psa_crypto.c:2779:14:psa_verify_hash	56	static
/home/t/asset-tracker-template/modules/crypto/oberon-psa-crypto/library/psa_crypto.c:2791:14:psa_verify_hash_with_context	56	static
/home/t/asset-tracker-template/modules/crypto/oberon-psa-crypto/library/psa_crypto.c:2808:14:psa_asymmetric_encrypt	64	static
/home/t/asset-tracker-template/modules/crypto/oberon-psa-crypto/library/psa_crypto.c:2855:14:psa_asymmetric_decrypt	64	static
/home/t/asset-tracker-template/modules/crypto/oberon-psa-crypto/library/psa_crypto.c:2906:14:psa_encapsulate	80	static
/home/t/asset-tracker-template/modules/crypto/oberon-psa-crypto/library/psa_crypto.c:2978:14:psa_decapsulate	64	static
/home/t/asset-tracker-template/modules/crypto/oberon-psa-crypto/library/psa_crypto.c:3049:14:psa_sign_hash_start	0	static
/home/t/asset-tracker-template/modules/crypto/oberon-psa-crypto/library/psa_crypto.c:3062:14:psa_sign_hash_abort	0	static
/home/t/asset-tracker-template/modules/crypto/oberon-psa-crypto/library/psa_crypto.c:3069:14:psa_verify_hash_start	0	static
/home/t/asset-tracker-template/modules/crypto/oberon-psa-crypto/library/psa_crypto.c:3085:14:psa_verify_hash_abort	0	static
/home/t/asset-tracker-template/modules/crypto/oberon-psa-crypto/library/psa_crypto.c:3169:14:psa_cipher_encrypt_setup	0	static
/home/t/asset-tracker-template/modules/crypto/oberon-psa-crypto/library/psa_crypto.c:3176:14:psa_cipher_decrypt_setup	0	static
/home/t/asset-tracker-template/modules/crypto/oberon-psa-crypto/library/psa_crypto.c:3183:14:psa_cipher_generate_iv	48	static
/home/t/asset-tracker-template/modules/crypto/oberon-psa-crypto/library/psa_crypto.c:3237:14:psa_cipher_set_iv	16	static
/home/t/asset-tracker-template/modules/crypto/oberon-psa-crypto/library/psa_crypto.c:3271:14:psa_cipher_update	24	static
/home/t/asset-tracker-template/modules/crypto/oberon-psa-crypto/library/psa_crypto.c:3305:14:psa_cipher_finish	24	static
/home/t/asset-tracker-template/modules/crypto/oberon-psa-crypto/library/psa_crypto.c:3337:14:psa_cipher_abort	8	static
/home/t/asset-tracker-template/modules/crypto/oberon-psa-crypto/library/psa_crypto.c:3355:14:psa_cipher_encrypt	88	static
/home/t/asset-tracker-template/modules/crypto/oberon-psa-crypto/library/psa_crypto.c:3423:14:psa_cipher_decrypt	56	static
/home/t/asset-tracker-template/modules/crypto/oberon-psa-crypto/library/psa_crypto.c:3545:14:psa_aead_encrypt	24	static
/home/t/asset-tracker-template/modules/crypto/oberon-psa-crypto/library/psa_crypto.c:3596:14:psa_aead_decrypt	24	static
/home/t/asset-tracker-template/modules/crypto/oberon-psa-crypto/library/psa_crypto.c:3779:14:psa_aead_encrypt_setup	0	static
/home/t/asset-tracker-template/modules/crypto/oberon-psa-crypto/library/psa_crypto.c:3787:14:psa_aead_decrypt_setup	0	static
/home/t/asset-tracker-template/modules/crypto/oberon-psa-crypto/library/psa_crypto.c:3795:14:psa_aead_generate_nonce	32	static
/home/t/asset-tracker-template/modules/crypto/oberon-psa-crypto/library/psa_crypto.c:3852:14:psa_aead_set_nonce	16	static
/home/t/asset-tracker-template/modules/crypto/oberon-psa-crypto/library/psa_crypto.c:3888:14:psa_aead_set_lengths	24	static
/home/t/asset-tracker-template/modules/crypto/oberon-psa-crypto/library/psa_crypto.c:3954:14:psa_aead_update_ad	16	static
/home/t/asset-tracker-template/modules/crypto/oberon-psa-crypto/library/psa_crypto.c:4006:14:psa_aead_update	24	static
/home/t/asset-tracker-template/modules/crypto/oberon-psa-crypto/library/psa_crypto.c:4079:14:psa_aead_finish	40	static
/home/t/asset-tracker-template/modules/crypto/oberon-psa-crypto/library/psa_crypto.c:4124:14:psa_aead_verify	24	static
/home/t/asset-tracker-template/modules/crypto/oberon-psa-crypto/library/psa_crypto.c:4157:14:psa_aead_abort	8	static
/home/t/asset-tracker-template/modules/crypto/oberon-psa-crypto/library/psa_crypto.c:4179:14:psa_key_derivation_abort	16	static
/home/t/asset-tracker-template/modules/crypto/oberon-psa-crypto/library/psa_crypto.c:4189:14:psa_key_derivation_get_capacity	0	static
/home/t/asset-tracker-template/modules/crypto/oberon-psa-crypto/library/psa_crypto.c:4201:14:psa_key_derivation_set_capacity	4	static
/home/t/asset-tracker-template/modules/crypto/oberon-psa-crypto/library/psa_crypto.c:4487:14:psa_key_derivation_output_bytes	0	static
/home/t/asset-tracker-template/modules/crypto/oberon-psa-crypto/library/psa_crypto.c:4648:14:psa_key_derivation_output_key	0	static
/home/t/asset-tracker-template/modules/crypto/oberon-psa-crypto/library/psa_crypto.c:4688:14:psa_key_derivation_verify_bytes	16	static
/home/t/asset-tracker-template/modules/crypto/oberon-psa-crypto/library/psa_crypto.c:4718:14:psa_key_derivation_verify_key	24	static
/home/t/asset-tracker-template/modules/crypto/oberon-psa-crypto/library/psa_crypto.c:4752:14:psa_key_derivation_setup	16	static
/home/t/asset-tracker-template/modules/crypto/oberon-psa-crypto/library/psa_crypto.c:4930:14:psa_key_derivation_input_bytes	16	static
/home/t/asset-tracker-template/modules/crypto/oberon-psa-crypto/library/psa_crypto.c:4941:14:psa_key_derivation_input_integer	16	static
/home/t/asset-tracker-template/modules/crypto/oberon-psa-crypto/library/psa_crypto.c:4980:14:psa_key_derivation_input_key	40	static
/home/t/asset-tracker-template/modules/crypto/oberon-psa-crypto/library/psa_crypto.c:5070:14:psa_key_derivation_key_agreement	88	static
/home/t/asset-tracker-template/modules/crypto/oberon-psa-crypto/library/psa_crypto.c:5106:14:psa_raw_key_agreement	56	static
/home/t/asset-tracker-template/modules/crypto/oberon-psa-crypto/library/psa_crypto.c:5152:14:psa_key_agreement	72	static
/home/t/asset-tracker-template/modules/crypto/oberon-psa-crypto/library/psa_crypto.c:5186:14:psa_pake_setup	48	static
/home/t/asset-tracker-template/modules/crypto/oberon-psa-crypto/library/psa_crypto.c:5304:14:psa_pake_set_role	8	static
/home/t/asset-tracker-template/modules/crypto/oberon-psa-crypto/library/psa_crypto.c:5341:14:psa_pake_set_user	8	static
/home/t/asset-tracker-template/modules/crypto/oberon-psa-crypto/library/psa_crypto.c:5407:14:psa_pake_set_peer	8	static
/home/t/asset-tracker-template/modules/crypto/oberon-psa-crypto/library/psa_crypto.c:5470:14:psa_pake_set_context	8	static
/home/t/asset-tracker-template/modules/crypto/oberon-psa-crypto/library/psa_crypto.c:5713:14:psa_pake_output	0	static
/home/t/asset-tracker-template/modules/crypto/oberon-psa-crypto/library/psa_crypto.c:5772:14:psa_pake_input	0	static
/home/t/asset-tracker-template/modules/crypto/oberon-psa-crypto/library/psa_crypto.c:5831:14:psa_pake_get_shared_key	48	static
/home/t/asset-tracker-template/modules/crypto/oberon-psa-crypto/library/psa_crypto.c:5901:14:psa_pake_abort	8	static
/home/t/asset-tracker-template/modules/crypto/oberon-psa-crypto/library/psa_crypto.c:5921:14:psa_wrap_key	56	static
/home/t/asset-tracker-template/modules/crypto/oberon-psa-crypto/library/psa_crypto.c:5971:14:psa_unwrap_key	64	static
/home/t/asset-tracker-template/modules/crypto/oberon-psa-crypto/library/psa_crypto.c:6054:14:psa_generate_random	16	static
/home/t/asset-tracker-template/modules/crypto/oberon-psa-crypto/library/psa_crypto.c:6149:14:psa_generate_key_internal	16	static
/home/t/asset-tracker-template/modules/crypto/oberon-psa-crypto/library/psa_crypto.c:6176:14:psa_generate_key	40	static
/home/t/asset-tracker-template/modules/crypto/oberon-psa-crypto/library/psa_crypto.c:6276:6:mbedtls_psa_crypto_free	16	static
/home/t/asset-tracker-template/modules/crypto/oberon-psa-crypto/library/psa_crypto.c:6352:14:psa_crypto_init	24	static
