/home/t/asset-tracker-template/zephyr/subsys/bluetooth/host/l2cap.c:2912:13:l2cap_connected	0	static
/home/t/asset-tracker-template/zephyr/subsys/bluetooth/host/l2cap.c:3422:13:l2cap_fixed_chan_sent_cb	0	static
/home/t/asset-tracker-template/zephyr/subsys/bluetooth/host/l2cap.c:719:13:raise_data_ready	8	static
/home/t/asset-tracker-template/zephyr/subsys/bluetooth/host/l2cap.c:746:13:lower_data_ready	8	static
/home/t/asset-tracker-template/zephyr/subsys/bluetooth/host/l2cap.c:2932:12:l2cap_accept.part.0	56	dynamic,bounded
/home/t/asset-tracker-template/zephyr/subsys/bluetooth/host/l2cap.c:2932:12:l2cap_accept	0	static
/home/t/asset-tracker-template/zephyr/subsys/bluetooth/host/l2cap.c:477:24:l2cap_create_le_sig_pdu.part.0	8	static
/home/t/asset-tracker-template/zephyr/subsys/bluetooth/host/l2cap.c:2917:13:l2cap_disconnected	0	static
/home/t/asset-tracker-template/zephyr/subsys/bluetooth/host/l2cap.c:477:24:l2cap_create_le_sig_pdu	24	static
/home/t/asset-tracker-template/zephyr/subsys/bluetooth/host/l2cap.c:890:13:l2cap_chan_sdu_sent	0	static
/home/t/asset-tracker-template/zephyr/subsys/bluetooth/host/l2cap.c:107:6:bt_l2cap_register_ecred_cb	0	static
/home/t/asset-tracker-template/zephyr/subsys/bluetooth/host/l2cap.c:174:6:bt_l2cap_chan_remove	4	static
/home/t/asset-tracker-template/zephyr/subsys/bluetooth/host/l2cap.c:189:13:bt_l2cap_chan_state_str	0	static
/home/t/asset-tracker-template/zephyr/subsys/bluetooth/host/l2cap.c:347:6:bt_l2cap_chan_add	4	static
/home/t/asset-tracker-template/zephyr/subsys/bluetooth/host/l2cap.c:414:6:bt_l2cap_connected	56	static
/home/t/asset-tracker-template/zephyr/subsys/bluetooth/host/l2cap.c:463:6:bt_l2cap_disconnected	32	static
/home/t/asset-tracker-template/zephyr/subsys/bluetooth/host/l2cap.c:685:6:bt_l2cap_security_changed	16	static
/home/t/asset-tracker-template/zephyr/subsys/bluetooth/host/l2cap.c:705:17:bt_l2cap_create_pdu_timeout	16	static
/home/t/asset-tracker-template/zephyr/subsys/bluetooth/host/l2cap.c:774:5:bt_l2cap_send_pdu	24	static
/home/t/asset-tracker-template/zephyr/subsys/bluetooth/host/l2cap.c:2302:12:l2cap_recv.part.0	24	static
/home/t/asset-tracker-template/zephyr/subsys/bluetooth/host/l2cap.c:2302:12:l2cap_recv	8	static
/home/t/asset-tracker-template/zephyr/subsys/bluetooth/host/l2cap.c:941:13:bt_test_l2cap_data_pull_spy	0	static
/home/t/asset-tracker-template/zephyr/subsys/bluetooth/host/l2cap.c:948:17:l2cap_data_pull	64	dynamic,bounded
/home/t/asset-tracker-template/zephyr/subsys/bluetooth/host/l2cap.c:1172:23:bt_l2cap_le_lookup_tx_cid	0	static
/home/t/asset-tracker-template/zephyr/subsys/bluetooth/host/l2cap.c:1186:23:bt_l2cap_le_lookup_rx_cid	0	static
/home/t/asset-tracker-template/zephyr/subsys/bluetooth/host/l2cap.c:2859:6:bt_l2cap_recv	16	static
/home/t/asset-tracker-template/zephyr/subsys/bluetooth/host/l2cap.c:2891:5:bt_l2cap_update_conn_param	16	static
/home/t/asset-tracker-template/zephyr/subsys/bluetooth/host/l2cap.c:2966:6:bt_l2cap_init	0	static
/home/t/asset-tracker-template/zephyr/subsys/bluetooth/host/l2cap.c:3431:5:bt_l2cap_chan_send	8	static
