/home/t/asset-tracker-template/zephyr/arch/arm/core/mpu/arm_mpu.c:81:12:region_allocate_and_init	8	static
/home/t/asset-tracker-template/zephyr/arch/arm/core/mpu/arm_mpu.c:189:12:mpu_configure_region	8	static
/home/t/asset-tracker-template/zephyr/arch/arm/core/mpu/arm_mpu_v8_internal.h:532:12:mpu_configure_regions_and_partition.constprop	56	static
/home/t/asset-tracker-template/zephyr/arch/arm/core/mpu/arm_mpu.c:290:6:arm_core_mpu_enable	0	static
/home/t/asset-tracker-template/zephyr/arch/arm/core/mpu/arm_mpu.c:309:6:arm_core_mpu_disable	0	static
/home/t/asset-tracker-template/zephyr/arch/arm/core/mpu/arm_mpu.c:385:6:arm_core_mpu_configure_static_mpu_regions	16	static
/home/t/asset-tracker-template/zephyr/arch/arm/core/mpu/arm_mpu.c:401:6:arm_core_mpu_mark_areas_for_dynamic_regions	40	static
/home/t/asset-tracker-template/zephyr/arch/arm/core/mpu/arm_mpu.c:417:6:arm_core_mpu_configure_dynamic_mpu_regions	24	static
/home/t/asset-tracker-template/zephyr/arch/arm/core/mpu/arm_mpu.c:432:6:z_arm_save_mpu_context	16	static
/home/t/asset-tracker-template/zephyr/arch/arm/core/mpu/arm_mpu.c:463:6:z_arm_restore_mpu_context	8	static
/home/t/asset-tracker-template/zephyr/arch/arm/core/mpu/arm_mpu.c:502:5:z_arm_mpu_init	48	static
