/home/t/asset-tracker-template/zephyr/subsys/shell/shell_ops.h:18:20:z_shell_raw_fprintf	12	static
/home/t/asset-tracker-template/zephyr/subsys/shell/shell_ops.c:11:6:z_shell_op_cursor_vert_move	0	static
/home/t/asset-tracker-template/zephyr/subsys/shell/shell_ops.c:26:6:z_shell_op_cursor_horiz_move	0	static
/home/t/asset-tracker-template/zephyr/subsys/shell/shell_ops.c:56:6:z_shell_cursor_in_empty_line	16	static
/home/t/asset-tracker-template/zephyr/subsys/shell/shell_ops.c:64:6:z_shell_op_cond_next_line	16	static
/home/t/asset-tracker-template/zephyr/subsys/shell/shell_ops.c:71:6:z_shell_op_cursor_position_synchronize	24	static
/home/t/asset-tracker-template/zephyr/subsys/shell/shell_ops.c:97:6:z_shell_op_cursor_move	24	static
/home/t/asset-tracker-template/zephyr/subsys/shell/shell_ops.c:147:6:z_shell_op_cursor_word_move	32	static
/home/t/asset-tracker-template/zephyr/subsys/shell/shell_ops.c:207:6:z_shell_op_cursor_home_move	0	static
/home/t/asset-tracker-template/zephyr/subsys/shell/shell_ops.c:212:6:z_shell_op_cursor_end_move	0	static
/home/t/asset-tracker-template/zephyr/subsys/shell/shell_ops.c:218:6:z_shell_op_left_arrow	0	static
/home/t/asset-tracker-template/zephyr/subsys/shell/shell_ops.c:225:6:z_shell_op_right_arrow	0	static
/home/t/asset-tracker-template/zephyr/subsys/shell/shell_ops.c:362:6:z_shell_op_delete_from_cursor	0	static
/home/t/asset-tracker-template/zephyr/subsys/shell/shell_ops.c:377:6:z_shell_cmd_line_erase	8	static
/home/t/asset-tracker-template/zephyr/subsys/shell/shell_ops.c:394:6:z_shell_print_cmd	40	static
/home/t/asset-tracker-template/zephyr/subsys/shell/shell_ops.c:445:6:z_shell_write	48	static
/home/t/asset-tracker-template/zephyr/subsys/shell/shell_ops.c:470:6:z_shell_print_stream	0	static
/home/t/asset-tracker-template/zephyr/subsys/shell/shell_ops.c:495:6:z_shell_vt100_color_set	0	static
/home/t/asset-tracker-template/zephyr/subsys/shell/shell_ops.c:519:6:z_shell_vt100_colors_restore	16	static
/home/t/asset-tracker-template/zephyr/subsys/shell/shell_ops.c:530:6:z_shell_vfprintf	32	static
/home/t/asset-tracker-template/zephyr/subsys/shell/shell_ops.c:549:6:z_shell_fprintf	24	static
/home/t/asset-tracker-template/zephyr/subsys/shell/shell_ops.c:167:6:z_shell_op_word_remove	24	static
/home/t/asset-tracker-template/zephyr/subsys/shell/shell_ops.c:232:13:reprint_from_cursor	48	static
/home/t/asset-tracker-template/zephyr/subsys/shell/shell_ops.c:327:6:z_shell_op_char_insert	24	static
/home/t/asset-tracker-template/zephyr/subsys/shell/shell_ops.c:348:6:z_shell_op_char_delete	16	static
/home/t/asset-tracker-template/zephyr/subsys/shell/shell_ops.c:337:6:z_shell_op_char_backspace	8	static
/home/t/asset-tracker-template/zephyr/subsys/shell/shell_ops.c:370:6:z_shell_op_completion_insert	24	static
/home/t/asset-tracker-template/zephyr/subsys/shell/shell_ops.c:421:6:z_shell_print_prompt_and_cmd	8	static
/home/t/asset-tracker-template/zephyr/subsys/shell/shell_ops.c:567:6:z_shell_backend_rx_buffer_flush	88	static
