/home/t/asset-tracker-template/zephyr/subsys/shell/shell.c:1193:13:transport_evt_handler	0	static
/home/t/asset-tracker-template/zephyr/subsys/shell/shell_ops.h:18:20:z_shell_raw_fprintf	12	static
/home/t/asset-tracker-template/zephyr/include/zephyr/kernel.h:836:23:k_current_get.part.0	8	static
/home/t/asset-tracker-template/zephyr/subsys/shell/shell.c:189:13:history_handle	32	static
/home/t/asset-tracker-template/zephyr/subsys/shell/shell.c:623:12:execute	192	static
/home/t/asset-tracker-template/zephyr/subsys/shell/shell.c:1411:6:shell_uninit	8	static
/home/t/asset-tracker-template/zephyr/subsys/shell/shell.c:1430:5:shell_start	16	static
/home/t/asset-tracker-template/zephyr/subsys/shell/shell.c:1471:5:shell_stop	8	static
/home/t/asset-tracker-template/zephyr/subsys/shell/shell.c:1492:6:shell_process	224	static
/home/t/asset-tracker-template/zephyr/subsys/shell/shell.c:1335:6:shell_thread	48	static
/home/t/asset-tracker-template/zephyr/subsys/shell/shell.c:1517:21:shell_backend_get_by_name	16	static
/home/t/asset-tracker-template/zephyr/subsys/shell/shell.c:1531:6:shell_vfprintf	24	static
/home/t/asset-tracker-template/zephyr/subsys/shell/shell.c:1572:6:shell_fprintf_impl	16	static
/home/t/asset-tracker-template/zephyr/subsys/shell/shell.c:1582:6:shell_fprintf_info	12	static
/home/t/asset-tracker-template/zephyr/subsys/shell/shell.c:1591:6:shell_fprintf_normal	12	static
/home/t/asset-tracker-template/zephyr/subsys/shell/shell.c:1839:12:cmd_help	8	static
/home/t/asset-tracker-template/zephyr/subsys/shell/shell.c:1600:6:shell_fprintf_warn	12	static
/home/t/asset-tracker-template/zephyr/subsys/shell/shell.c:1609:6:shell_fprintf_error	12	static
/home/t/asset-tracker-template/zephyr/subsys/shell/shell.c:1618:6:shell_hexdump_line	24	static
/home/t/asset-tracker-template/zephyr/subsys/shell/shell.c:1660:6:shell_hexdump	24	static
/home/t/asset-tracker-template/zephyr/subsys/shell/shell.c:1677:5:shell_prompt_change	24	static
/home/t/asset-tracker-template/zephyr/subsys/shell/shell.c:1382:5:shell_init	80	static
/home/t/asset-tracker-template/zephyr/subsys/shell/shell.c:1709:6:shell_help	8	static
/home/t/asset-tracker-template/zephyr/subsys/shell/shell.c:1718:5:shell_execute_cmd	16	static
/home/t/asset-tracker-template/zephyr/subsys/shell/shell.c:1757:5:shell_insert_mode_set	0	static
/home/t/asset-tracker-template/zephyr/subsys/shell/shell.c:1766:5:shell_use_colors_set	0	static
/home/t/asset-tracker-template/zephyr/subsys/shell/shell.c:1775:5:shell_use_vt100_set	0	static
/home/t/asset-tracker-template/zephyr/subsys/shell/shell.c:1784:5:shell_get_return_value	0	static
/home/t/asset-tracker-template/zephyr/subsys/shell/shell.c:1793:5:shell_echo_set	0	static
/home/t/asset-tracker-template/zephyr/subsys/shell/shell.c:1802:5:shell_obscure_set	0	static
/home/t/asset-tracker-template/zephyr/subsys/shell/shell.c:1811:5:shell_mode_delete_set	0	static
/home/t/asset-tracker-template/zephyr/subsys/shell/shell.c:1820:6:shell_set_bypass	8	static
/home/t/asset-tracker-template/zephyr/subsys/shell/shell.c:1832:6:shell_ready	8	static
