Archive member included to satisfy reference by file (symbol)

app/libapp.a(main.c.obj)      (--whole-archive)
zephyr/libzephyr.a(validate_libc.c.obj)
                              (--whole-archive)
zephyr/libzephyr.a(heap.c.obj)
                              (--whole-archive)
zephyr/libzephyr.a(cbprintf_packaged.c.obj)
                              (--whole-archive)
zephyr/libzephyr.a(clock.c.obj)
                              (--whole-archive)
zephyr/libzephyr.a(printk.c.obj)
                              (--whole-archive)
zephyr/libzephyr.a(sem.c.obj)
                              (--whole-archive)
zephyr/libzephyr.a(thread_entry.c.obj)
                              (--whole-archive)
zephyr/libzephyr.a(cbprintf_complete.c.obj)
                              (--whole-archive)
zephyr/libzephyr.a(assert.c.obj)
                              (--whole-archive)
zephyr/libzephyr.a(reboot.c.obj)
                              (--whole-archive)
zephyr/libzephyr.a(dec.c.obj)
                              (--whole-archive)
zephyr/libzephyr.a(hex.c.obj)
                              (--whole-archive)
zephyr/libzephyr.a(rb.c.obj)  (--whole-archive)
zephyr/libzephyr.a(timeutil.c.obj)
                              (--whole-archive)
zephyr/libzephyr.a(bitarray.c.obj)
                              (--whole-archive)
zephyr/libzephyr.a(bitmask.c.obj)
                              (--whole-archive)
zephyr/libzephyr.a(getopt.c.obj)
                              (--whole-archive)
zephyr/libzephyr.a(getopt_common.c.obj)
                              (--whole-archive)
zephyr/libzephyr.a(onoff.c.obj)
                              (--whole-archive)
zephyr/libzephyr.a(notify.c.obj)
                              (--whole-archive)
zephyr/libzephyr.a(last_section_id.c.obj)
                              (--whole-archive)
zephyr/libzephyr.a(configs.c.obj)
                              (--whole-archive)
zephyr/libzephyr.a(log_minimal.c.obj)
                              (--whole-archive)
zephyr/libzephyr.a(stream_flash.c.obj)
                              (--whole-archive)
zephyr/libzephyr.a(tracing_none.c.obj)
                              (--whole-archive)
zephyr/libzephyr.a(flash_util.c.obj)
                              (--whole-archive)
zephyr/libzephyr.a(banner.c.obj)
                              (--whole-archive)
zephyr/libzephyr.a(flash_map_partition_manager.c.obj)
                              (--whole-archive)
zephyr/arch/common/libarch__common.a(sw_isr_common.c.obj)
                              (--whole-archive)
zephyr/arch/common/libarch__common.a(init.c.obj)
                              (--whole-archive)
zephyr/arch/common/libarch__common.a(xip.c.obj)
                              (--whole-archive)
zephyr/arch/arch/arm/core/libarch__arm__core.a(fatal.c.obj)
                              (--whole-archive)
zephyr/arch/arch/arm/core/libarch__arm__core.a(nmi.c.obj)
                              (--whole-archive)
zephyr/arch/arch/arm/core/libarch__arm__core.a(nmi_on_reset.S.obj)
                              (--whole-archive)
zephyr/arch/arch/arm/core/libarch__arm__core.a(tls.c.obj)
                              (--whole-archive)
zephyr/arch/arch/arm/core/cortex_m/libarch__arm__core__cortex_m.a(exc_exit.c.obj)
                              (--whole-archive)
zephyr/arch/arch/arm/core/cortex_m/libarch__arm__core__cortex_m.a(fault.c.obj)
                              (--whole-archive)
zephyr/arch/arch/arm/core/cortex_m/libarch__arm__core__cortex_m.a(fault_s.S.obj)
                              (--whole-archive)
zephyr/arch/arch/arm/core/cortex_m/libarch__arm__core__cortex_m.a(fpu.c.obj)
                              (--whole-archive)
zephyr/arch/arch/arm/core/cortex_m/libarch__arm__core__cortex_m.a(reset.S.obj)
                              (--whole-archive)
zephyr/arch/arch/arm/core/cortex_m/libarch__arm__core__cortex_m.a(scb.c.obj)
                              (--whole-archive)
zephyr/arch/arch/arm/core/cortex_m/libarch__arm__core__cortex_m.a(thread_abort.c.obj)
                              (--whole-archive)
zephyr/arch/arch/arm/core/cortex_m/libarch__arm__core__cortex_m.a(vector_table.S.obj)
                              (--whole-archive)
zephyr/arch/arch/arm/core/cortex_m/libarch__arm__core__cortex_m.a(swap_helper.S.obj)
                              (--whole-archive)
zephyr/arch/arch/arm/core/cortex_m/libarch__arm__core__cortex_m.a(irq_manage.c.obj)
                              (--whole-archive)
zephyr/arch/arch/arm/core/cortex_m/libarch__arm__core__cortex_m.a(prep_c.c.obj)
                              (--whole-archive)
zephyr/arch/arch/arm/core/cortex_m/libarch__arm__core__cortex_m.a(thread.c.obj)
                              (--whole-archive)
zephyr/arch/arch/arm/core/cortex_m/libarch__arm__core__cortex_m.a(cpu_idle.c.obj)
                              (--whole-archive)
zephyr/arch/arch/arm/core/cortex_m/libarch__arm__core__cortex_m.a(irq_init.c.obj)
                              (--whole-archive)
[...]
Memory Configuration

Name             Origin             Length             Attributes
FLASH            0x0000000001000000 0x0000000000008580 xr
RAM              0x0000000021000000 0x0000000000010000 xw
SRAM1            0x0000000021000000 0x0000000000010000 rw
IDT_LIST         0x00000000ffff7fff 0x0000000000008000 xw
*default*        0x0000000000000000 0xffffffffffffffff

Linker script and memory map

                0x00000000010034d4                vfprintf = __l_vfprintf
                0x0000000000000000                vfscanf = __l_vfscanf
LOAD zephyr/CMakeFiles/zephyr_pre0.dir/misc/empty_file.c.obj
LOAD zephyr/CMakeFiles/offsets.dir/./arch/arm/core/offsets/offsets.c.obj
LOAD app/libapp.a
LOAD zephyr/libzephyr.a
LOAD zephyr/arch/common/libarch__common.a
LOAD zephyr/arch/arch/arm/core/libarch__arm__core.a
LOAD zephyr/arch/arch/arm/core/cortex_m/libarch__arm__core__cortex_m.a
LOAD zephyr/arch/arch/arm/core/cortex_m/cmse/libarch__arm__core__cortex_m__cmse.a
LOAD zephyr/lib/libc/picolibc/liblib__libc__picolibc.a
LOAD zephyr/lib/libc/common/liblib__libc__common.a
LOAD zephyr/lib/posix/c_lib_ext/liblib__posix__c_lib_ext.a
LOAD zephyr/soc/soc/nrf5340/libsoc__nordic.a
LOAD zephyr/drivers/clock_control/libdrivers__clock_control.a
LOAD zephyr/drivers/console/libdrivers__console.a
LOAD zephyr/drivers/flash/libdrivers__flash.a
LOAD zephyr/drivers/pinctrl/libdrivers__pinctrl.a
LOAD zephyr/drivers/serial/libdrivers__serial.a
LOAD zephyr/drivers/timer/libdrivers__timer.a
LOAD modules/nrf/lib/fprotect/lib..__nrf__lib__fprotect.a
LOAD modules/nrf/lib/fatal_error/lib..__nrf__lib__fatal_error.a
LOAD modules/nrf/subsys/bootloader/bl_boot/lib..__nrf__subsys__bootloader__bl_boot.a
LOAD modules/nrf/subsys/bootloader/bl_crypto/lib..__nrf__subsys__bootloader__bl_crypto.a
LOAD modules/nrf/subsys/bootloader/bl_validation/lib..__nrf__subsys__bootloader__bl_validation.a
LOAD modules/nrf/subsys/bootloader/bl_storage/lib..__nrf__subsys__bootloader__bl_storage.a
LOAD modules/nrf/subsys/pcd/lib..__nrf__subsys__pcd.a
LOAD modules/nrf/subsys/fw_info/lib..__nrf__subsys__fw_info.a
LOAD modules/hal_nordic/modules/hal_nordic/nrfx/libnrfx.a
LOAD zephyr/kernel/libkernel.a
LOAD zephyr/arch/common/libisr_tables.a
LOAD /home/t/asset-tracker-template/nrfxlib/crypto/nrf_oberon/lib/cortex-m33+nodsp/soft-float/liboberon_3.0.18.a
LOAD /home/t/ncs/toolchains/c5be9c56c7/opt/zephyr-sdk/arm-zephyr-eabi/bin/../lib/gcc/../../picolibc/arm-zephyr-eabi/lib/thumb/v8-m.main/nofp/libc.a
LOAD /home/t/ncs/toolchains/c5be9c56c7/opt/zephyr-sdk/arm-zephyr-eabi/bin/../lib/gcc/arm-zephyr-eabi/12.2.0/thumb/v8-m.main/nofp/libgcc.a
                0x0000000000000004                _region_min_align = 0x4

.rel.plt        0x0000000001000000        0x0
 *(SORT_BY_ALIGNMENT(.rel.plt))
                [!provide]                        PROVIDE (__rel_iplt_start = .)
 *(SORT_BY_ALIGNMENT(.rel.iplt))
 .rel.iplt      0x0000000001000000        0x0 app/libapp.a(main.c.obj)
                [!provide]                        PROVIDE (__rel_iplt_end = .)

.rela.plt       0x0000000000000000        0x0
 *(SORT_BY_ALIGNMENT(.rela.plt))
                [!provide]                        PROVIDE (__rela_iplt_start = .)
 *(SORT_BY_ALIGNMENT(.rela.iplt))
                [!provide]                        PROVIDE (__rela_iplt_end = .)

.rel.dyn
 *(SORT_BY_ALIGNMENT(.rel.*))

.rela.dyn
 *(SORT_BY_ALIGNMENT(.rela.*))

/DISCARD/
 *(SORT_BY_ALIGNMENT(.plt))

/DISCARD/
 *(SORT_BY_ALIGNMENT(.iplt))
                0x0000000001000000                __rom_region_start = 0x1000000

rom_start       0x0000000001000000      0x23c
                0x0000000001000000                __rom_start_address = .
 FILL mask 0x00
                0x0000000001000000                . = (. + (0x0 - (. - __rom_start_address)))
                0x0000000001000000                . = ALIGN (0x4)
                0x0000000001000000                . = ALIGN (0x80)
                0x0000000001000000                . = ALIGN (0x100)
                0x0000000001000000                _vector_start = .
 *(SORT_BY_ALIGNMENT(.exc_vector_table))
 *(SORT_BY_ALIGNMENT(.exc_vector_table.*))
 .exc_vector_table._vector_table_section
                0x0000000001000000       0x40 zephyr/arch/arch/arm/core/cortex_m/libarch__arm__core__cortex_m.a(vector_table.S.obj)
                0x0000000001000000                _vector_table
 *(SORT_BY_ALIGNMENT(.vectors))
                0x00000000010000b8                _vector_end = .
                0x0000000001000040                . = ALIGN (0x4)
 *(SORT_BY_ALIGNMENT(.gnu.linkonce.irq_vector_table*))
 .gnu.linkonce.irq_vector_table
                0x0000000001000040       0x78 zephyr/arch/common/libisr_tables.a(isr_tables.c.obj)
                0x0000000001000040                _irq_vector_table
                0x00000000010000b8                _vector_end = .
                0x0000000000000200                . = 0x200
 *fill*         0x00000000010000b8      0x148 00
                0x0000000001000200                _fw_info_start = .
 *(SORT_BY_NAME(SORT_BY_ALIGNMENT(.firmware_info*)))
 .firmware_info
                0x0000000001000200       0x3c modules/nrf/subsys/fw_info/lib..__nrf__subsys__fw_info.a(fw_info.c.obj)
                0x0000000001000200                m_firmware_info
                0x000000000000003c                _fw_info_size = ABSOLUTE ((. - _fw_info_start))

text            0x000000000100023c     0x428c
                0x000000000100023c                __text_region_start = .
 *(SORT_BY_ALIGNMENT(.text))
 .text          0x000000000100023c       0x5c /home/t/asset-tracker-template/nrfxlib/crypto/nrf_oberon/lib/cortex-m33+nodsp/soft-float/liboberon_3.0.18.a(ocrypto_constant_time.s.obj)
                0x000000000100023c                ocrypto_constant_time_equal
                0x0000000001000264                ocrypto_constant_time_is_zero
                0x0000000001000280                ocrypto_constant_time_xor
 .text          0x0000000001000298      0x334 /home/t/asset-tracker-template/nrfxlib/crypto/nrf_oberon/lib/cortex-m33+nodsp/soft-float/liboberon_3.0.18.a(ocrypto_sha256_loop.s.obj)
                0x0000000001000298                ocrypto_sha256_loop
 *(SORT_BY_ALIGNMENT(.text.*))
 .text.main     0x00000000010005cc       0xec app/libapp.a(main.c.obj)
                0x00000000010005cc                main
 .text.sys_heap_init
                0x00000000010006b8      0x114 zephyr/libzephyr.a(heap.c.obj)
                0x00000000010006b8                sys_heap_init
 .text.char_out
                0x00000000010007cc        0xc zephyr/libzephyr.a(printk.c.obj)
 .text.__printk_hook_install
                0x00000000010007d8        0xc zephyr/libzephyr.a(printk.c.obj)
                0x00000000010007d8                __printk_hook_install
 .text.vprintk  0x00000000010007e4       0x30 zephyr/libzephyr.a(printk.c.obj)
                0x00000000010007e4                vprintk
 .text.process_event
                0x0000000001000814      0x2f8 zephyr/libzephyr.a(onoff.c.obj)
 .text.onoff_request
                0x0000000001000b0c       0xcc zephyr/libzephyr.a(onoff.c.obj)
                0x0000000001000b0c                onoff_request
 .text.sys_notify_finalize
                0x0000000001000bd8       0x38 zephyr/libzephyr.a(notify.c.obj)
                0x0000000001000bd8                sys_notify_finalize
 .text.stream_flash_init
                0x0000000001000c10       0xa0 zephyr/libzephyr.a(stream_flash.c.obj)
                0x0000000001000c10                stream_flash_init
 .text.ncs_boot_banner
                0x0000000001000cb0       0x1c zephyr/libzephyr.a(banner.c.obj)
 .text.arch_bss_zero
                0x0000000001000ccc       0x18 zephyr/arch/common/libarch__common.a(init.c.obj)
                0x0000000001000ccc                arch_bss_zero
 .text.arch_data_copy
                0x0000000001000ce4       0x38 zephyr/arch/common/libarch__common.a(xip.c.obj)
                0x0000000001000ce4                arch_data_copy
 .text.z_SysNmiOnReset
                0x0000000001000d1c        0x8 zephyr/arch/arch/arm/core/libarch__arm__core.a(nmi_on_reset.S.obj)
                0x0000000001000d1c                z_SysNmiOnReset
 .text.usage_fault.constprop.0
                0x0000000001000d24       0x5c zephyr/arch/arch/arm/core/cortex_m/libarch__arm__core__cortex_m.a(fault.c.obj)
 .text.bus_fault.constprop.0
                0x0000000001000d80       0x60 zephyr/arch/arch/arm/core/cortex_m/libarch__arm__core__cortex_m.a(fault.c.obj)
 .text.mem_manage_fault.constprop.0
                0x0000000001000de0       0x88 zephyr/arch/arch/arm/core/cortex_m/libarch__arm__core__cortex_m.a(fault.c.obj)
 .text.z_arm_fault
                0x0000000001000e68      0x168 zephyr/arch/arch/arm/core/cortex_m/libarch__arm__core__cortex_m.a(fault.c.obj)
                0x0000000001000e68                z_arm_fault
 .text.z_arm_fault_init
                0x0000000001000fd0       0x20 zephyr/arch/arch/arm/core/cortex_m/libarch__arm__core__cortex_m.a(fault.c.obj)
                0x0000000001000fd0                z_arm_fault_init
 .text.__fault  0x0000000001000ff0       0x14 zephyr/arch/arch/arm/core/cortex_m/libarch__arm__core__cortex_m.a(fault_s.S.obj)
                0x0000000001000ff0                z_arm_bus_fault
                0x0000000001000ff0                z_arm_usage_fault
                0x0000000001000ff0                z_arm_mpu_fault
                0x0000000001000ff0                z_arm_exc_spurious
                0x0000000001000ff0                z_arm_debug_monitor
                0x0000000001000ff0                z_arm_hard_fault
 .text._reset_section
                0x0000000001001004       0x60 zephyr/arch/arch/arm/core/cortex_m/libarch__arm__core__cortex_m.a(reset.S.obj)
                0x0000000001001004                z_arm_reset
                0x0000000001001004                __start
 .text.z_arm_init_arch_hw_at_boot
                0x0000000001001064       0x44 zephyr/arch/arch/arm/core/cortex_m/libarch__arm__core__cortex_m.a(scb.c.obj)
                0x0000000001001064                z_arm_init_arch_hw_at_boot
 .text.z_arm_svc
                0x00000000010010a8       0x24 zephyr/arch/arch/arm/core/cortex_m/libarch__arm__core__cortex_m.a(swap_helper.S.obj)
                0x00000000010010a8                z_arm_svc
 .text.arm_irq_enable
                0x00000000010010cc       0x1c zephyr/arch/arch/arm/core/cortex_m/libarch__arm__core__cortex_m.a(irq_manage.c.obj)
                0x00000000010010cc                arm_irq_enable
 .text.arm_irq_is_enabled
                0x00000000010010e8       0x1c zephyr/arch/arch/arm/core/cortex_m/libarch__arm__core__cortex_m.a(irq_manage.c.obj)
                0x00000000010010e8                arm_irq_is_enabled
 .text.arm_irq_priority_set
                0x0000000001001104       0x4c zephyr/arch/arch/arm/core/cortex_m/libarch__arm__core__cortex_m.a(irq_manage.c.obj)
                0x0000000001001104                arm_irq_priority_set
 .text.relocate_vector_table
                0x0000000001001150       0x1c zephyr/arch/arch/arm/core/cortex_m/libarch__arm__core__cortex_m.a(prep_c.c.obj)
                0x0000000001001150                relocate_vector_table
 .text.z_arm_switch_to_main_no_multithreading
                0x000000000100116c       0x3c zephyr/arch/arch/arm/core/cortex_m/libarch__arm__core__cortex_m.a(thread.c.obj)
                0x000000000100116c                z_arm_switch_to_main_no_multithreading
 .text.z_arm_cpu_idle_init
                0x00000000010011a8        0xc zephyr/arch/arch/arm/core/cortex_m/libarch__arm__core__cortex_m.a(cpu_idle.c.obj)
                0x00000000010011a8                z_arm_cpu_idle_init
 .text.z_arm_interrupt_init
                0x00000000010011b4       0x18 zephyr/arch/arch/arm/core/cortex_m/libarch__arm__core__cortex_m.a(irq_init.c.obj)
                0x00000000010011b4                z_arm_interrupt_init
 .text._isr_wrapper
                0x00000000010011cc       0x24 zephyr/arch/arch/arm/core/cortex_m/libarch__arm__core__cortex_m.a(isr_wrapper.c.obj)
                0x00000000010011cc                _isr_wrapper
 .text.z_impl_zephyr_fputc
                0x00000000010011f0       0x10 zephyr/lib/libc/picolibc/liblib__libc__picolibc.a(stdio.c.obj)
                0x00000000010011f0                z_impl_zephyr_fputc
 .text.__stdout_hook_install
                0x0000000001001200       0x18 zephyr/lib/libc/picolibc/liblib__libc__picolibc.a(stdio.c.obj)
                0x0000000001001200                __stdout_hook_install
 .text.malloc_prepare
                0x0000000001001218       0x24 zephyr/lib/libc/common/liblib__libc__common.a(malloc.c.obj)
 .text.rtc_pretick_finish_previous
                0x000000000100123c       0x24 zephyr/soc/soc/nrf5340/libsoc__nordic.a(soc.c.obj)
 .text.z_arm_on_enter_cpu_idle_prepare
                0x0000000001001260       0xfc zephyr/soc/soc/nrf5340/libsoc__nordic.a(soc.c.obj)
                0x0000000001001260                z_arm_on_enter_cpu_idle_prepare
 .text.z_arm_on_enter_cpu_idle
                0x000000000100135c       0x9c zephyr/soc/soc/nrf5340/libsoc__nordic.a(soc.c.obj)
                0x000000000100135c                z_arm_on_enter_cpu_idle
 .text.soc_early_init_hook
                0x00000000010013f8       0x10 zephyr/soc/soc/nrf5340/libsoc__nordic.a(soc.c.obj)
                0x00000000010013f8                soc_early_init_hook
 .text.soc_late_init_hook
                0x0000000001001408       0xb8 zephyr/soc/soc/nrf5340/libsoc__nordic.a(soc.c.obj)
                0x0000000001001408                soc_late_init_hook
 .text.arch_busy_wait
                0x00000000010014c0       0x24 zephyr/soc/soc/nrf5340/libsoc__nordic.a(soc.c.obj)
                0x00000000010014c0                arch_busy_wait
 .text.sys_arch_reboot
                0x00000000010014e4       0x24 zephyr/soc/soc/nrf5340/libsoc__nordic.a(reboot.c.obj)
                0x00000000010014e4                sys_arch_reboot
 .text._gppi_init
                0x0000000001001508       0x1c zephyr/soc/soc/nrf5340/libsoc__nordic.a(gppi_init.c.obj)
 .text.onoff_start
                0x0000000001001524       0x44 zephyr/drivers/clock_control/libdrivers__clock_control.a(clock_control_nrf.c.obj)
 .text.get_status
                0x0000000001001568       0x34 zephyr/drivers/clock_control/libdrivers__clock_control.a(clock_control_nrf.c.obj)
 .text.stop     0x000000000100159c       0x74 zephyr/drivers/clock_control/libdrivers__clock_control.a(clock_control_nrf.c.obj)
 .text.onoff_stop
                0x0000000001001610       0x30 zephyr/drivers/clock_control/libdrivers__clock_control.a(clock_control_nrf.c.obj)
 .text.clk_init
                0x0000000001001640       0x58 zephyr/drivers/clock_control/libdrivers__clock_control.a(clock_control_nrf.c.obj)
 .text.generic_hfclk_stop
                0x0000000001001698       0x34 zephyr/drivers/clock_control/libdrivers__clock_control.a(clock_control_nrf.c.obj)
 .text.clkstarted_handle.constprop.0
                0x00000000010016cc       0x4c zephyr/drivers/clock_control/libdrivers__clock_control.a(clock_control_nrf.c.obj)
 .text.clock_event_handler
                0x0000000001001718       0x54 zephyr/drivers/clock_control/libdrivers__clock_control.a(clock_control_nrf.c.obj)
 .text.generic_hfclk_start
                0x000000000100176c       0x7c zephyr/drivers/clock_control/libdrivers__clock_control.a(clock_control_nrf.c.obj)
 .text.z_nrf_clock_control_lf_on
                0x00000000010017e8      0x120 zephyr/drivers/clock_control/libdrivers__clock_control.a(clock_control_nrf.c.obj)
                0x00000000010017e8                z_nrf_clock_control_lf_on
 .text.uart_console_init
                0x0000000001001908       0x28 zephyr/drivers/console/libdrivers__console.a(uart_console.c.obj)
 .text.console_out
                0x0000000001001930       0x28 zephyr/drivers/console/libdrivers__console.a(uart_console.c.obj)
 .text.flash_nrf_pages_layout
                0x0000000001001958       0x10 zephyr/drivers/flash/libdrivers__flash.a(soc_flash_nrf.c.obj)
 .text.flash_nrf_get_parameters
                0x0000000001001968        0x8 zephyr/drivers/flash/libdrivers__flash.a(soc_flash_nrf.c.obj)
 .text.nrf_flash_init
                0x0000000001001970       0x18 zephyr/drivers/flash/libdrivers__flash.a(soc_flash_nrf.c.obj)
 .text.flash_nrf_write
                0x0000000001001988       0x50 zephyr/drivers/flash/libdrivers__flash.a(soc_flash_nrf.c.obj)
 .text.nrf_gpio_pin_port_decode
                0x00000000010019d8       0x58 zephyr/drivers/pinctrl/libdrivers__pinctrl.a(pinctrl_nrf.c.obj)
 .text.pinctrl_configure_pins
                0x0000000001001a30       0xe4 zephyr/drivers/pinctrl/libdrivers__pinctrl.a(pinctrl_nrf.c.obj)
                0x0000000001001a30                pinctrl_configure_pins
 .text.uarte_0_direct_isr
                0x0000000001001b14       0x5c zephyr/drivers/serial/libdrivers__serial.a(uart_nrfx_uarte.c.obj)
                0x0000000001001b14                uarte_0_direct_isr
 .text.uarte_nrfx_poll_out
                0x0000000001001b70       0xb0 zephyr/drivers/serial/libdrivers__serial.a(uart_nrfx_uarte.c.obj)
 .text.z_nrf_rtc_timer_read
                0x0000000001001c20       0x44 zephyr/drivers/timer/libdrivers__timer.a(nrf_rtc_timer.c.obj)
                0x0000000001001c20                z_nrf_rtc_timer_read
 .text.rtc_nrf_isr
                0x0000000001001c64       0xd4 zephyr/drivers/timer/libdrivers__timer.a(nrf_rtc_timer.c.obj)
                0x0000000001001c64                rtc_nrf_isr
 .text.compare_set.constprop.0.isra.0
                0x0000000001001d38      0x168 zephyr/drivers/timer/libdrivers__timer.a(nrf_rtc_timer.c.obj)
 .text.sys_clock_driver_init
                0x0000000001001ea0       0x80 zephyr/drivers/timer/libdrivers__timer.a(nrf_rtc_timer.c.obj)
 .text.sys_clock_timeout_handler
                0x0000000001001f20       0x60 zephyr/drivers/timer/libdrivers__timer.a(nrf_rtc_timer.c.obj)
 .text.find_free_region
                0x0000000001001f80       0x3c modules/nrf/lib/fprotect/lib..__nrf__lib__fprotect.a(fprotect_acl.c.obj)
 .text.fprotect_set_permission
                0x0000000001001fbc      0x120 modules/nrf/lib/fprotect/lib..__nrf__lib__fprotect.a(fprotect_acl.c.obj)
 .text.bl_boot  0x00000000010020dc      0x168 modules/nrf/subsys/bootloader/bl_boot/lib..__nrf__subsys__bootloader__bl_boot.a(bl_boot.c.obj)
                0x00000000010020dc                bl_boot
 .text.fw_info_check
                0x0000000001002244       0x28 modules/nrf/subsys/bootloader/bl_validation/lib..__nrf__subsys__bootloader__bl_validation.a(bl_validation.c.obj)
 .text.fw_info_find
                0x000000000100226c       0x20 modules/nrf/subsys/bootloader/bl_validation/lib..__nrf__subsys__bootloader__bl_validation.a(bl_validation.c.obj)
 .text.validate_firmware
                0x000000000100228c      0x1d8 modules/nrf/subsys/bootloader/bl_validation/lib..__nrf__subsys__bootloader__bl_validation.a(bl_validation.c.obj)
 .text.s0_address_read
                0x0000000001002464        0xc modules/nrf/subsys/bootloader/bl_storage/lib..__nrf__subsys__bootloader__bl_storage.a(bl_storage.c.obj)
                0x0000000001002464                s0_address_read
 .text.pcd_fw_copy_invalidate
                0x0000000001002470       0x10 modules/nrf/subsys/pcd/lib..__nrf__subsys__pcd.a(pcd.c.obj)
                0x0000000001002470                pcd_fw_copy_invalidate
 .text.pcd_fw_copy_status_get
                0x0000000001002480       0x48 modules/nrf/subsys/pcd/lib..__nrf__subsys__pcd.a(pcd.c.obj)
                0x0000000001002480                pcd_fw_copy_status_get
 .text.pcd_fw_copy
                0x00000000010024c8       0x4c modules/nrf/subsys/pcd/lib..__nrf__subsys__pcd.a(pcd.c.obj)
                0x00000000010024c8                pcd_fw_copy
 .text.pcd_done
                0x0000000001002514       0x10 modules/nrf/subsys/pcd/lib..__nrf__subsys__pcd.a(pcd.c.obj)
                0x0000000001002514                pcd_done
 .text.check_ext_api_requests
                0x0000000001002524       0xa0 modules/nrf/subsys/fw_info/lib..__nrf__subsys__fw_info.a(fw_info.c.obj)
 .text.fw_info_ext_api_provide
                0x00000000010025c4       0xe0 modules/nrf/subsys/fw_info/lib..__nrf__subsys__fw_info.a(fw_info.c.obj)
                0x00000000010025c4                fw_info_ext_api_provide
 .text.SystemInit
                0x00000000010026a4       0xd0 modules/hal_nordic/modules/hal_nordic/nrfx/libnrfx.a(system_nrf5340_network.c.obj)
                0x00000000010026a4                SystemInit
 .text.nrfx_gppi_init
                0x0000000001002774        0xc modules/hal_nordic/modules/hal_nordic/nrfx/libnrfx.a(nrfx_gppi_dppi.c.obj)
                0x0000000001002774                nrfx_gppi_init
 .text.nrfx_gppi_domain_conn_alloc
                0x0000000001002780       0x3c modules/hal_nordic/modules/hal_nordic/nrfx/libnrfx.a(nrfx_gppi_dppi.c.obj)
                0x0000000001002780                nrfx_gppi_domain_conn_alloc
 .text.nrfx_gppi_conn_enable
                0x00000000010027bc       0x10 modules/hal_nordic/modules/hal_nordic/nrfx/libnrfx.a(nrfx_gppi_dppi.c.obj)
                0x00000000010027bc                nrfx_gppi_conn_enable
 .text.hfclk_event_handler
                0x00000000010027cc        0xc modules/hal_nordic/modules/hal_nordic/nrfx/libnrfx.a(nrfx_clock.c.obj)
 .text.lfclk_event_handler
                0x00000000010027d8        0xc modules/hal_nordic/modules/hal_nordic/nrfx/libnrfx.a(nrfx_clock.c.obj)
 .text.nrfx_clock_init
                0x00000000010027e4       0x40 modules/hal_nordic/modules/hal_nordic/nrfx/libnrfx.a(nrfx_clock.c.obj)
                0x00000000010027e4                nrfx_clock_init
 .text.nrfx_clock_enable
                0x0000000001002824       0x40 modules/hal_nordic/modules/hal_nordic/nrfx/libnrfx.a(nrfx_clock.c.obj)
                0x0000000001002824                nrfx_clock_enable
 .text.nrfx_clock_start
                0x0000000001002864       0x54 modules/hal_nordic/modules/hal_nordic/nrfx/libnrfx.a(nrfx_clock.c.obj)
                0x0000000001002864                nrfx_clock_start
 .text.nrfx_clock_stop
                0x00000000010028b8       0x54 modules/hal_nordic/modules/hal_nordic/nrfx/libnrfx.a(nrfx_clock.c.obj)
                0x00000000010028b8                nrfx_clock_stop
 .text.clock_stop
                0x000000000100290c       0x3c modules/hal_nordic/modules/hal_nordic/nrfx/libnrfx.a(nrfx_clock_hfclk.c.obj)
 .text.nrfx_clock_hfclk_init
                0x0000000001002948       0x24 modules/hal_nordic/modules/hal_nordic/nrfx/libnrfx.a(nrfx_clock_hfclk.c.obj)
                0x0000000001002948                nrfx_clock_hfclk_init
 .text.nrfx_clock_hfclk_start
                0x000000000100296c       0x58 modules/hal_nordic/modules/hal_nordic/nrfx/libnrfx.a(nrfx_clock_hfclk.c.obj)
                0x000000000100296c                nrfx_clock_hfclk_start
 .text.nrfx_clock_hfclk_stop
                0x00000000010029c4       0x30 modules/hal_nordic/modules/hal_nordic/nrfx/libnrfx.a(nrfx_clock_hfclk.c.obj)
                0x00000000010029c4                nrfx_clock_hfclk_stop
 .text.nrfx_clock_hfclk_irq_handler
                0x00000000010029f4       0x30 modules/hal_nordic/modules/hal_nordic/nrfx/libnrfx.a(nrfx_clock_hfclk.c.obj)
                0x00000000010029f4                nrfx_clock_hfclk_irq_handler
 .text.clock_stop
                0x0000000001002a24       0x34 modules/hal_nordic/modules/hal_nordic/nrfx/libnrfx.a(nrfx_clock_lfclk.c.obj)
 .text.nrfx_clock_lfclk_init
                0x0000000001002a58       0x24 modules/hal_nordic/modules/hal_nordic/nrfx/libnrfx.a(nrfx_clock_lfclk.c.obj)
                0x0000000001002a58                nrfx_clock_lfclk_init
 .text.nrfx_clock_lfclk_start
                0x0000000001002a7c       0xa4 modules/hal_nordic/modules/hal_nordic/nrfx/libnrfx.a(nrfx_clock_lfclk.c.obj)
                0x0000000001002a7c                nrfx_clock_lfclk_start
 .text.nrfx_clock_lfclk_stop
                0x0000000001002b20       0x34 modules/hal_nordic/modules/hal_nordic/nrfx/libnrfx.a(nrfx_clock_lfclk.c.obj)
                0x0000000001002b20                nrfx_clock_lfclk_stop
 .text.nrfx_clock_lfclk_irq_handler
                0x0000000001002b54       0x94 modules/hal_nordic/modules/hal_nordic/nrfx/libnrfx.a(nrfx_clock_lfclk.c.obj)
                0x0000000001002b54                nrfx_clock_lfclk_irq_handler
 .text.nvmc_word_write
                0x0000000001002be8       0x18 modules/hal_nordic/modules/hal_nordic/nrfx/libnrfx.a(nrfx_nvmc.c.obj)
 .text.nrfx_nvmc_page_erase
                0x0000000001002c00       0x54 modules/hal_nordic/modules/hal_nordic/nrfx/libnrfx.a(nrfx_nvmc.c.obj)
                0x0000000001002c00                nrfx_nvmc_page_erase
 .text.nrfx_nvmc_word_write
                0x0000000001002c54       0x5c modules/hal_nordic/modules/hal_nordic/nrfx/libnrfx.a(nrfx_nvmc.c.obj)
                0x0000000001002c54                nrfx_nvmc_word_write
 .text.do_device_init
                0x0000000001002cb0       0x48 zephyr/kernel/libkernel.a(device.c.obj)
                0x0000000001002cb0                do_device_init
 .text.z_fatal_error
                0x0000000001002cf8       0x40 zephyr/kernel/libkernel.a(fatal.c.obj)
                0x0000000001002cf8                z_fatal_error
 .text.z_sys_init_run_level
                0x0000000001002d38       0x30 zephyr/kernel/libkernel.a(init.c.obj)
 .text.bg_thread_main
                0x0000000001002d68       0x34 zephyr/kernel/libkernel.a(init.c.obj)
 .text.z_cstart
                0x0000000001002d9c       0xa0 zephyr/kernel/libkernel.a(init.c.obj)
                0x0000000001002d9c                z_cstart
 .text.first    0x0000000001002e3c       0x10 zephyr/kernel/libkernel.a(timeout.c.obj)
 .text.remove_timeout
                0x0000000001002e4c       0x38 zephyr/kernel/libkernel.a(timeout.c.obj)
 .text.sys_clock_announce
                0x0000000001002e84       0xb8 zephyr/kernel/libkernel.a(timeout.c.obj)
                0x0000000001002e84                sys_clock_announce
 .text.sha256_blocks
                0x0000000001002f3c       0xbc /home/t/asset-tracker-template/nrfxlib/crypto/nrf_oberon/lib/cortex-m33+nodsp/soft-float/liboberon_3.0.18.a(ocrypto_sha256.c.obj)
 .text.sha256_blocks.constprop.0
                0x0000000001002ff8       0x74 /home/t/asset-tracker-template/nrfxlib/crypto/nrf_oberon/lib/cortex-m33+nodsp/soft-float/liboberon_3.0.18.a(ocrypto_sha256.c.obj)
 .text.ocrypto_sha256
                0x000000000100306c      0x468 /home/t/asset-tracker-template/nrfxlib/crypto/nrf_oberon/lib/cortex-m33+nodsp/soft-float/liboberon_3.0.18.a(ocrypto_sha256.c.obj)
                0x000000000100306c                ocrypto_sha256
 .text.__l_vfprintf
                0x00000000010034d4      0x4b4 /home/t/ncs/toolchains/c5be9c56c7/opt/zephyr-sdk/arm-zephyr-eabi/bin/../lib/gcc/../../picolibc/arm-zephyr-eabi/lib/thumb/v8-m.main/nofp/libc.a(libc_tinystdio_vflprintf.c.o)
                0x00000000010034d4                __l_vfprintf
 .text._OffsetAbsSyms
                0x0000000001003988        0x2 zephyr/CMakeFiles/offsets.dir/./arch/arm/core/offsets/offsets.c.obj
                0x0000000001003988                _OffsetAbsSyms
 .text.chunk_field
                0x000000000100398a       0x16 zephyr/libzephyr.a(heap.c.obj)
 .text.chunk_set
                0x00000000010039a0       0x16 zephyr/libzephyr.a(heap.c.obj)
 .text.chunk_size
                0x00000000010039b6        0xc zephyr/libzephyr.a(heap.c.obj)
 .text.set_chunk_used
                0x00000000010039c2       0x30 zephyr/libzephyr.a(heap.c.obj)
 .text.set_chunk_size
                0x00000000010039f2        0x8 zephyr/libzephyr.a(heap.c.obj)
 .text.bucket_idx
                0x00000000010039fa       0x1e zephyr/libzephyr.a(heap.c.obj)
 .text.free_list_add
                0x0000000001003a18       0x84 zephyr/libzephyr.a(heap.c.obj)
 .text.arch_printk_char_out
                0x0000000001003a9c        0x4 zephyr/libzephyr.a(printk.c.obj)
                0x0000000001003a9c                arch_printk_char_out
 .text.printk   0x0000000001003aa0       0x1a zephyr/libzephyr.a(printk.c.obj)
                0x0000000001003aa0                printk
 .text.assert_post_action
                0x0000000001003aba       0x12 zephyr/libzephyr.a(assert.c.obj)
                0x0000000001003aba                assert_post_action
 .text.assert_print
                0x0000000001003acc       0x1a zephyr/libzephyr.a(assert.c.obj)
                0x0000000001003acc                assert_print
 .text.process_recheck
                0x0000000001003ae6       0x38 zephyr/libzephyr.a(onoff.c.obj)
 .text.validate_args
                0x0000000001003b1e       0x20 zephyr/libzephyr.a(onoff.c.obj)
 .text.notify_one
                0x0000000001003b3e       0x2c zephyr/libzephyr.a(onoff.c.obj)
 .text.transition_complete
                0x0000000001003b6a       0x1a zephyr/libzephyr.a(onoff.c.obj)
 .text.onoff_manager_init
                0x0000000001003b84       0x26 zephyr/libzephyr.a(onoff.c.obj)
                0x0000000001003b84                onoff_manager_init
 .text.sys_notify_validate
                0x0000000001003baa       0x22 zephyr/libzephyr.a(notify.c.obj)
                0x0000000001003baa                sys_notify_validate
 .text._ConfigAbsSyms
                0x0000000001003bcc        0x2 zephyr/libzephyr.a(configs.c.obj)
                0x0000000001003bcc                _ConfigAbsSyms
 .text.z_log_minimal_printk
                0x0000000001003bce       0x1a zephyr/libzephyr.a(log_minimal.c.obj)
                0x0000000001003bce                z_log_minimal_printk
 .text.find_flash_total_size
                0x0000000001003be8       0x18 zephyr/libzephyr.a(stream_flash.c.obj)
 .text.flash_sync
                0x0000000001003c00       0xcc zephyr/libzephyr.a(stream_flash.c.obj)
 .text.stream_flash_buffered_write
                0x0000000001003ccc       0x88 zephyr/libzephyr.a(stream_flash.c.obj)
                0x0000000001003ccc                stream_flash_buffered_write
 .text.arch_early_memset
                0x0000000001003d54        0x4 zephyr/arch/common/libarch__common.a(init.c.obj)
                0x0000000001003d54                arch_early_memset
 .text.arch_early_memcpy
                0x0000000001003d58        0x4 zephyr/arch/common/libarch__common.a(init.c.obj)
                0x0000000001003d58                arch_early_memcpy
 .text.z_arm_fatal_error
                0x0000000001003d5c        0xc zephyr/arch/arch/arm/core/libarch__arm__core.a(fatal.c.obj)
                0x0000000001003d5c                z_arm_fatal_error
 .text.z_do_kernel_oops
                0x0000000001003d68        0x8 zephyr/arch/arch/arm/core/libarch__arm__core.a(fatal.c.obj)
                0x0000000001003d68                z_do_kernel_oops
 .text.z_arm_nmi
                0x0000000001003d70        0xe zephyr/arch/arch/arm/core/libarch__arm__core.a(nmi.c.obj)
                0x0000000001003d70                z_arm_nmi
 .text._HandlerModeExit
                0x0000000001003d7e        0x2 zephyr/arch/arch/arm/core/cortex_m/libarch__arm__core__cortex_m.a(exc_exit.c.obj)
                0x0000000001003d7e                z_arm_exc_exit
                0x0000000001003d7e                z_arm_int_exit
 .text.z_irq_spurious
                0x0000000001003d80        0x8 zephyr/arch/arch/arm/core/cortex_m/libarch__arm__core__cortex_m.a(irq_manage.c.obj)
                0x0000000001003d80                z_irq_spurious
 .text.z_prep_c
                0x0000000001003d88       0x16 zephyr/arch/arch/arm/core/cortex_m/libarch__arm__core__cortex_m.a(prep_c.c.obj)
                0x0000000001003d88                z_prep_c
 .text.arch_irq_unlock_outlined
                0x0000000001003d9e        0xe zephyr/arch/arch/arm/core/cortex_m/libarch__arm__core__cortex_m.a(thread.c.obj)
                0x0000000001003d9e                arch_irq_unlock_outlined
 .text.arch_irq_lock_outlined
                0x0000000001003dac       0x10 zephyr/arch/arch/arm/core/cortex_m/libarch__arm__core__cortex_m.a(thread.c.obj)
                0x0000000001003dac                arch_irq_lock_outlined
 .text.arch_cpu_atomic_idle
                0x0000000001003dbc       0x3c zephyr/arch/arch/arm/core/cortex_m/libarch__arm__core__cortex_m.a(cpu_idle.c.obj)
                0x0000000001003dbc                arch_cpu_atomic_idle
 .text.picolibc_put
                0x0000000001003df8        0xa zephyr/lib/libc/picolibc/liblib__libc__picolibc.a(stdio.c.obj)
 .text.rtc_ticks_to_next_event_get
                0x0000000001003e02       0x5e zephyr/soc/soc/nrf5340/libsoc__nordic.a(soc.c.obj)
 .text.rtc_pretick_rtc1_isr_hook
                0x0000000001003e60        0x4 zephyr/soc/soc/nrf5340/libsoc__nordic.a(soc.c.obj)
                0x0000000001003e60                rtc_pretick_rtc1_isr_hook
 .text.async_start
                0x0000000001003e64       0x5a zephyr/drivers/clock_control/libdrivers__clock_control.a(clock_control_nrf.c.obj)
 .text.api_start
                0x0000000001003ebe        0xe zephyr/drivers/clock_control/libdrivers__clock_control.a(clock_control_nrf.c.obj)
 .text.api_blocking_start
                0x0000000001003ecc        0x6 zephyr/drivers/clock_control/libdrivers__clock_control.a(clock_control_nrf.c.obj)
 .text.onoff_started_callback
                0x0000000001003ed2       0x12 zephyr/drivers/clock_control/libdrivers__clock_control.a(clock_control_nrf.c.obj)
 .text.lfclk_stop
                0x0000000001003ee4        0x4 zephyr/drivers/clock_control/libdrivers__clock_control.a(clock_control_nrf.c.obj)
 .text.lfclk_start
                0x0000000001003ee8        0x4 zephyr/drivers/clock_control/libdrivers__clock_control.a(clock_control_nrf.c.obj)
 .text.api_stop
                0x0000000001003eec        0x6 zephyr/drivers/clock_control/libdrivers__clock_control.a(clock_control_nrf.c.obj)
 .text.flash_get_page_info
                0x0000000001003ef2       0x62 zephyr/drivers/flash/libdrivers__flash.a(flash_page_layout.c.obj)
 .text.z_impl_flash_get_page_info_by_offs
                0x0000000001003f54        0x8 zephyr/drivers/flash/libdrivers__flash.a(flash_page_layout.c.obj)
                0x0000000001003f54                z_impl_flash_get_page_info_by_offs
 .text.flash_page_foreach
                0x0000000001003f5c       0x58 zephyr/drivers/flash/libdrivers__flash.a(flash_page_layout.c.obj)
                0x0000000001003f5c                flash_page_foreach
 .text.flash_nrf_get_size
                0x0000000001003fb4       0x12 zephyr/drivers/flash/libdrivers__flash.a(soc_flash_nrf.c.obj)
 .text.is_regular_addr_valid
                0x0000000001003fc6       0x22 zephyr/drivers/flash/libdrivers__flash.a(soc_flash_nrf.c.obj)
 .text.flash_nrf_erase
                0x0000000001003fe8       0x50 zephyr/drivers/flash/libdrivers__flash.a(soc_flash_nrf.c.obj)
 .text.flash_nrf_read
                0x0000000001004038       0x2a zephyr/drivers/flash/libdrivers__flash.a(soc_flash_nrf.c.obj)
 .text.pinctrl_lookup_state
                0x0000000001004062       0x26 zephyr/drivers/pinctrl/libdrivers__pinctrl.a(common.c.obj)
                0x0000000001004062                pinctrl_lookup_state
 .text.uarte_nrfx_err_check
                0x0000000001004088        0xe zephyr/drivers/serial/libdrivers__serial.a(uart_nrfx_uarte.c.obj)
 .text.uarte_nrfx_poll_in
                0x0000000001004096       0x26 zephyr/drivers/serial/libdrivers__serial.a(uart_nrfx_uarte.c.obj)
 .text.is_tx_ready.isra.0
                0x00000000010040bc       0x20 zephyr/drivers/serial/libdrivers__serial.a(uart_nrfx_uarte.c.obj)
 .text.pinctrl_apply_state.isra.0
                0x00000000010040dc       0x1e zephyr/drivers/serial/libdrivers__serial.a(uart_nrfx_uarte.c.obj)
 .text.uarte_0_init
                0x00000000010040fa       0xf8 zephyr/drivers/serial/libdrivers__serial.a(uart_nrfx_uarte.c.obj)
 .text.sys_clock_set_timeout
                0x00000000010041f2        0x2 zephyr/drivers/timer/libdrivers__timer.a(nrf_rtc_timer.c.obj)
                0x00000000010041f2                sys_clock_set_timeout
 .text.sys_clock_cycle_get_32
                0x00000000010041f4        0x8 zephyr/drivers/timer/libdrivers__timer.a(nrf_rtc_timer.c.obj)
                0x00000000010041f4                sys_clock_cycle_get_32
 .text.fprotect_area
                0x00000000010041fc        0x6 modules/nrf/lib/fprotect/lib..__nrf__lib__fprotect.a(fprotect_acl.c.obj)
                0x00000000010041fc                fprotect_area
 .text.k_sys_fatal_error_handler
                0x0000000001004202        0x8 modules/nrf/lib/fatal_error/lib..__nrf__lib__fatal_error.a(fatal_error.c.obj)
                0x0000000001004202                k_sys_fatal_error_handler
 .text.crypto_init_signing
                0x000000000100420a        0x4 modules/nrf/subsys/bootloader/bl_crypto/lib..__nrf__subsys__bootloader__bl_crypto.a(bl_crypto.c.obj)
                0x000000000100420a                crypto_init_signing
 .text.crypto_init_hash
                0x000000000100420e        0x4 modules/nrf/subsys/bootloader/bl_crypto/lib..__nrf__subsys__bootloader__bl_crypto.a(bl_crypto.c.obj)
                0x000000000100420e                crypto_init_hash
 .text.bl_crypto_init
                0x0000000001004212        0xe modules/nrf/subsys/bootloader/bl_crypto/lib..__nrf__subsys__bootloader__bl_crypto.a(bl_crypto.c.obj)
                0x0000000001004212                bl_crypto_init
 .text.bl_sha256_verify
                0x0000000001004220       0x2e modules/nrf/subsys/bootloader/bl_crypto/lib..__nrf__subsys__bootloader__bl_crypto.a(bl_crypto.c.obj)
                0x0000000001004220                bl_sha256_verify
 .text.get_hash
                0x000000000100424e        0xa modules/nrf/subsys/bootloader/bl_crypto/lib..__nrf__subsys__bootloader__bl_crypto.a(bl_crypto_oberon_hash.c.obj)
                0x000000000100424e                get_hash
 .text.bl_validate_firmware
                0x0000000001004258       0x1c modules/nrf/subsys/bootloader/bl_validation/lib..__nrf__subsys__bootloader__bl_validation.a(bl_validation.c.obj)
                0x0000000001004258                bl_validate_firmware
 .text.pcd_cmd_data_ptr_get
                0x0000000001004274        0x8 modules/nrf/subsys/pcd/lib..__nrf__subsys__pcd.a(pcd.c.obj)
                0x0000000001004274                pcd_cmd_data_ptr_get
 .text.skip_ext_apis
                0x000000000100427c       0x16 modules/nrf/subsys/fw_info/lib..__nrf__subsys__fw_info.a(fw_info.c.obj)
                0x000000000100427c                skip_ext_apis
 .text.nrfx_isr
                0x0000000001004292        0x6 modules/hal_nordic/modules/hal_nordic/nrfx/libnrfx.a(nrfx_glue.c.obj)
                0x0000000001004292                nrfx_isr
 .text.nrfx_busy_wait
                0x0000000001004298        0x4 modules/hal_nordic/modules/hal_nordic/nrfx/libnrfx.a(nrfx_glue.c.obj)
                0x0000000001004298                nrfx_busy_wait
 .text.nrfx_flag32_alloc
                0x000000000100429c       0x34 modules/hal_nordic/modules/hal_nordic/nrfx/libnrfx.a(nrfx_flag32_allocator.c.obj)
                0x000000000100429c                nrfx_flag32_alloc
 .text.nrfx_gppi_conn_alloc
                0x00000000010042d0       0x3e modules/hal_nordic/modules/hal_nordic/nrfx/libnrfx.a(nrfx_gppi_dppi.c.obj)
                0x00000000010042d0                nrfx_gppi_conn_alloc
 .text.nrfx_gppi_ep_attach
                0x000000000100430e        0xc modules/hal_nordic/modules/hal_nordic/nrfx/libnrfx.a(nrfx_gppi_dppi.c.obj)
                0x000000000100430e                nrfx_gppi_ep_attach
 .text.CLOCK_POWER_IRQHandler
                0x000000000100431a        0xe modules/hal_nordic/modules/hal_nordic/nrfx/libnrfx.a(nrfx_clock.c.obj)
                0x000000000100431a                CLOCK_POWER_IRQHandler
 .text.is_valid_address
                0x0000000001004328       0x28 modules/hal_nordic/modules/hal_nordic/nrfx/libnrfx.a(nrfx_nvmc.c.obj)
 .text.nrfx_nvmc_flash_size_get
                0x0000000001004350        0x6 modules/hal_nordic/modules/hal_nordic/nrfx/libnrfx.a(nrfx_nvmc.c.obj)
                0x0000000001004350                nrfx_nvmc_flash_size_get
 .text.nrfx_nvmc_flash_page_size_get
                0x0000000001004356        0x6 modules/hal_nordic/modules/hal_nordic/nrfx/libnrfx.a(nrfx_nvmc.c.obj)
                0x0000000001004356                nrfx_nvmc_flash_page_size_get
 .text.nrfx_nvmc_flash_page_count_get
                0x000000000100435c        0x4 modules/hal_nordic/modules/hal_nordic/nrfx/libnrfx.a(nrfx_nvmc.c.obj)
                0x000000000100435c                nrfx_nvmc_flash_page_count_get
 .text.z_impl_k_busy_wait
                0x0000000001004360        0x8 zephyr/kernel/libkernel.a(busy_wait.c.obj)
                0x0000000001004360                z_impl_k_busy_wait
 .text.z_impl_device_is_ready
                0x0000000001004368       0x16 zephyr/kernel/libkernel.a(device.c.obj)
                0x0000000001004368                z_impl_device_is_ready
 .text.k_is_in_isr
                0x000000000100437e        0xc zephyr/kernel/libkernel.a(nothread.c.obj)
                0x000000000100437e                k_is_in_isr
 .text.next_timeout
                0x000000000100438a       0x2e zephyr/kernel/libkernel.a(timeout.c.obj)
 .text.boot_banner
                0x00000000010043b8        0x2 zephyr/kernel/libkernel.a(banner.c.obj)
                0x00000000010043b8                boot_banner
 .text.memcpy   0x00000000010043ba       0x1a /home/t/ncs/toolchains/c5be9c56c7/opt/zephyr-sdk/arm-zephyr-eabi/bin/../lib/gcc/../../picolibc/arm-zephyr-eabi/lib/thumb/v8-m.main/nofp/libc.a(memcpy.c.o)
                0x00000000010043ba                memcpy
                0x00000000010043ba                __aeabi_memcpy
                0x00000000010043ba                __aeabi_memcpy4
                0x00000000010043ba                __aeabi_memcpy8
 .text.memset   0x00000000010043d4       0x10 /home/t/ncs/toolchains/c5be9c56c7/opt/zephyr-sdk/arm-zephyr-eabi/bin/../lib/gcc/../../picolibc/arm-zephyr-eabi/lib/thumb/v8-m.main/nofp/libc.a(memset.c.o)
                0x00000000010043d4                memset
 .text.memcmp   0x00000000010043e4       0x20 /home/t/ncs/toolchains/c5be9c56c7/opt/zephyr-sdk/arm-zephyr-eabi/bin/../lib/gcc/../../picolibc/arm-zephyr-eabi/lib/thumb/v8-m.main/nofp/libc.a(libc_string_memcmp.c.o)
                0x00000000010043e4                memcmp
 .text.strnlen  0x0000000001004404       0x18 /home/t/ncs/toolchains/c5be9c56c7/opt/zephyr-sdk/arm-zephyr-eabi/bin/../lib/gcc/../../picolibc/arm-zephyr-eabi/lib/thumb/v8-m.main/nofp/libc.a(libc_string_strnlen.c.o)
                0x0000000001004404                strnlen
 .text.__ultoa_invert
                0x000000000100441c       0xac /home/t/ncs/toolchains/c5be9c56c7/opt/zephyr-sdk/arm-zephyr-eabi/bin/../lib/gcc/../../picolibc/arm-zephyr-eabi/lib/thumb/v8-m.main/nofp/libc.a(libc_tinystdio_vflprintf.c.o)
 *(SORT_BY_ALIGNMENT(.TEXT.*))
 *(SORT_BY_ALIGNMENT(.gnu.linkonce.t.*))
 *(SORT_BY_ALIGNMENT(.glue_7t))
 .glue_7t       0x00000000010044c8        0x0 linker stubs
 *(SORT_BY_ALIGNMENT(.glue_7))
 .glue_7        0x00000000010044c8        0x0 linker stubs
 *(SORT_BY_ALIGNMENT(.vfp11_veneer))
 .vfp11_veneer  0x00000000010044c8        0x0 linker stubs
 *(SORT_BY_ALIGNMENT(.v4_bx))
 .v4_bx         0x00000000010044c8        0x0 linker stubs
                0x00000000010044c8                . = ALIGN (0x4)
                0x00000000010044c8                __text_region_end = .

.ARM.exidx      0x00000000010044c8        0x0
                0x00000000010044c8                __exidx_start = .
 *(SORT_BY_ALIGNMENT(.ARM.exidx*) SORT_BY_ALIGNMENT(gnu.linkonce.armexidx.*))
                0x00000000010044c8                __exidx_end = .
                0x00000000010044c8                __rodata_region_start = .

initlevel       0x00000000010044c8       0x48
                0x00000000010044c8                __init_start = .
                0x00000000010044c8                __init_EARLY_start = .
 *(SORT_BY_NAME(SORT_BY_ALIGNMENT(.z_init_EARLY_P_?_*)))
 .z_init_EARLY_P_0_SUB_0_
                0x00000000010044c8        0x8 zephyr/soc/soc/nrf5340/libsoc__nordic.a(gppi_init.c.obj)
 *(SORT_BY_NAME(SORT_BY_ALIGNMENT(.z_init_EARLY_P_??_*)))
 *(SORT_BY_NAME(SORT_BY_ALIGNMENT(.z_init_EARLY_P_???_*)))
                0x00000000010044d0                __init_PRE_KERNEL_1_start = .
 *(SORT_BY_NAME(SORT_BY_ALIGNMENT(.z_init_PRE_KERNEL_1_P_?_*)))
 *(SORT_BY_NAME(SORT_BY_ALIGNMENT(.z_init_PRE_KERNEL_1_P_??_*)))
 .z_init_PRE_KERNEL_1_P_30_SUB_00046_
                0x00000000010044d0        0x8 zephyr/drivers/clock_control/libdrivers__clock_control.a(clock_control_nrf.c.obj)
 .z_init_PRE_KERNEL_1_P_50_SUB_00066_
                0x00000000010044d8        0x8 zephyr/drivers/serial/libdrivers__serial.a(uart_nrfx_uarte.c.obj)
 .z_init_PRE_KERNEL_1_P_60_SUB_0_
                0x00000000010044e0        0x8 zephyr/drivers/console/libdrivers__console.a(uart_console.c.obj)
 *(SORT_BY_NAME(SORT_BY_ALIGNMENT(.z_init_PRE_KERNEL_1_P_???_*)))
                0x00000000010044e8                __init_PRE_KERNEL_2_start = .
 *(SORT_BY_NAME(SORT_BY_ALIGNMENT(.z_init_PRE_KERNEL_2_P_?_*)))
 .z_init_PRE_KERNEL_2_P_0_SUB_0_
                0x00000000010044e8        0x8 zephyr/drivers/timer/libdrivers__timer.a(nrf_rtc_timer.c.obj)
 *(SORT_BY_NAME(SORT_BY_ALIGNMENT(.z_init_PRE_KERNEL_2_P_??_*)))
 *(SORT_BY_NAME(SORT_BY_ALIGNMENT(.z_init_PRE_KERNEL_2_P_???_*)))
                0x00000000010044f0                __init_POST_KERNEL_start = .
 *(SORT_BY_NAME(SORT_BY_ALIGNMENT(.z_init_POST_KERNEL_P_?_*)))
 *(SORT_BY_NAME(SORT_BY_ALIGNMENT(.z_init_POST_KERNEL_P_??_*)))
 .z_init_POST_KERNEL_P_35_SUB_0_
                0x00000000010044f0        0x8 zephyr/lib/libc/common/liblib__libc__common.a(malloc.c.obj)
 .z_init_POST_KERNEL_P_50_SUB_00070_
                0x00000000010044f8        0x8 zephyr/drivers/flash/libdrivers__flash.a(soc_flash_nrf.c.obj)
 .z_init_POST_KERNEL_P_90_SUB_0_
                0x0000000001004500        0x8 modules/nrf/subsys/fw_info/lib..__nrf__subsys__fw_info.a(fw_info.c.obj)
 *(SORT_BY_NAME(SORT_BY_ALIGNMENT(.z_init_POST_KERNEL_P_???_*)))
                0x0000000001004508                __init_APPLICATION_start = .
 *(SORT_BY_NAME(SORT_BY_ALIGNMENT(.z_init_APPLICATION_P_?_*)))
 .z_init_APPLICATION_P_0_SUB_0_
                0x0000000001004508        0x8 zephyr/libzephyr.a(banner.c.obj)
 *(SORT_BY_NAME(SORT_BY_ALIGNMENT(.z_init_APPLICATION_P_??_*)))
 *(SORT_BY_NAME(SORT_BY_ALIGNMENT(.z_init_APPLICATION_P_???_*)))
                0x0000000001004510                __init_SMP_start = .
 *(SORT_BY_NAME(SORT_BY_ALIGNMENT(.z_init_SMP_P_?_*)))
 *(SORT_BY_NAME(SORT_BY_ALIGNMENT(.z_init_SMP_P_??_*)))
 *(SORT_BY_NAME(SORT_BY_ALIGNMENT(.z_init_SMP_P_???_*)))
                0x0000000001004510                __init_end = .

device_area     0x0000000001004510       0x54
                0x0000000001004510                _device_list_start = .
 *(SORT_BY_NAME(SORT_BY_ALIGNMENT(._device.static.*_?_*)))
 *(SORT_BY_NAME(SORT_BY_ALIGNMENT(._device.static.*_??_*)))
 ._device.static.1_30_
                0x0000000001004510       0x1c zephyr/drivers/clock_control/libdrivers__clock_control.a(clock_control_nrf.c.obj)
                0x0000000001004510                __device_dts_ord_46
 ._device.static.1_50_
                0x000000000100452c       0x1c zephyr/drivers/serial/libdrivers__serial.a(uart_nrfx_uarte.c.obj)
                0x000000000100452c                __device_dts_ord_66
 ._device.static.3_50_
                0x0000000001004548       0x1c zephyr/drivers/flash/libdrivers__flash.a(soc_flash_nrf.c.obj)
                0x0000000001004548                __device_dts_ord_70
 *(SORT_BY_NAME(SORT_BY_ALIGNMENT(._device.static.*_???_*)))
 *(SORT_BY_NAME(SORT_BY_ALIGNMENT(._device.static.*_????_*)))
 *(SORT_BY_NAME(SORT_BY_ALIGNMENT(._device.static.*_?????_*)))
                0x0000000001004564                _device_list_end = .

sw_isr_table    0x0000000001004564       0xf0
                0x0000000001004564                . = ALIGN (0x4)
 *(SORT_BY_ALIGNMENT(.gnu.linkonce.sw_isr_table*))
 .gnu.linkonce.sw_isr_table
                0x0000000001004564       0xf0 zephyr/arch/common/libisr_tables.a(isr_tables.c.obj)
                0x0000000001004564                _sw_isr_table

initlevel_error
                0x00000000010044c8        0x0
 *(SORT_BY_NAME(SORT_BY_ALIGNMENT(.z_init_*)))
                0x0000000000000001                ASSERT ((SIZEOF (initlevel_error) == 0x0), Undefined initialization levels used.)

app_shmem_regions
                0x0000000001004654        0x0
                0x0000000001004654                __app_shmem_regions_start = .
 *(SORT_BY_NAME(SORT_BY_ALIGNMENT(.app_regions.*)))
                0x0000000001004654                __app_shmem_regions_end = .

k_p4wq_initparam_area
                0x0000000001004654        0x0
                0x0000000001004654                _k_p4wq_initparam_list_start = .
 *(SORT_BY_NAME(SORT_BY_ALIGNMENT(._k_p4wq_initparam.static.*)))
                0x0000000001004654                _k_p4wq_initparam_list_end = .

_static_thread_data_area
                0x0000000001004654        0x0
                0x0000000001004654                __static_thread_data_list_start = .
 *(SORT_BY_NAME(SORT_BY_ALIGNMENT(.__static_thread_data.static.*)))
                0x0000000001004654                __static_thread_data_list_end = .

device_deps     0x0000000001004654        0x0
                0x0000000001004654                __device_deps_start = .
 *(SORT_BY_NAME(SORT_BY_ALIGNMENT(.__device_deps_pass2*)))
                0x0000000001004654                __device_deps_end = .

flash_driver_api_area
                0x0000000001004654       0x18
                0x0000000001004654                _flash_driver_api_list_start = .
 *(SORT_BY_NAME(SORT_BY_ALIGNMENT(._flash_driver_api.static.*)))
 ._flash_driver_api.static.flash_nrf_api_
                0x0000000001004654       0x18 zephyr/drivers/flash/libdrivers__flash.a(soc_flash_nrf.c.obj)
                0x000000000100466c                _flash_driver_api_list_end = .

shared_irq_driver_api_area
                0x000000000100466c        0x0
                0x000000000100466c                _shared_irq_driver_api_list_start = .
 *(SORT_BY_NAME(SORT_BY_ALIGNMENT(._shared_irq_driver_api.static.*)))
                0x000000000100466c                _shared_irq_driver_api_list_end = .

crypto_driver_api_area
                0x000000000100466c        0x0
                0x000000000100466c                _crypto_driver_api_list_start = .
 *(SORT_BY_NAME(SORT_BY_ALIGNMENT(._crypto_driver_api.static.*)))
                0x000000000100466c                _crypto_driver_api_list_end = .

adc_driver_api_area
                0x000000000100466c        0x0
                0x000000000100466c                _adc_driver_api_list_start = .
 *(SORT_BY_NAME(SORT_BY_ALIGNMENT(._adc_driver_api.static.*)))
                0x000000000100466c                _adc_driver_api_list_end = .

auxdisplay_driver_api_area
                0x000000000100466c        0x0
                0x000000000100466c                _auxdisplay_driver_api_list_start = .
 *(SORT_BY_NAME(SORT_BY_ALIGNMENT(._auxdisplay_driver_api.static.*)))
                0x000000000100466c                _auxdisplay_driver_api_list_end = .

bbram_driver_api_area
                0x000000000100466c        0x0
                0x000000000100466c                _bbram_driver_api_list_start = .
 *(SORT_BY_NAME(SORT_BY_ALIGNMENT(._bbram_driver_api.static.*)))
                0x000000000100466c                _bbram_driver_api_list_end = .

bt_hci_driver_api_area
                0x000000000100466c        0x0
                0x000000000100466c                _bt_hci_driver_api_list_start = .
 *(SORT_BY_NAME(SORT_BY_ALIGNMENT(._bt_hci_driver_api.static.*)))
                0x000000000100466c                _bt_hci_driver_api_list_end = .

can_driver_api_area
                0x000000000100466c        0x0
                0x000000000100466c                _can_driver_api_list_start = .
 *(SORT_BY_NAME(SORT_BY_ALIGNMENT(._can_driver_api.static.*)))
                0x000000000100466c                _can_driver_api_list_end = .

cellular_driver_api_area
                0x000000000100466c        0x0
                0x000000000100466c                _cellular_driver_api_list_start = .
 *(SORT_BY_NAME(SORT_BY_ALIGNMENT(._cellular_driver_api.static.*)))
                0x000000000100466c                _cellular_driver_api_list_end = .

charger_driver_api_area
                0x000000000100466c        0x0
                0x000000000100466c                _charger_driver_api_list_start = .
 *(SORT_BY_NAME(SORT_BY_ALIGNMENT(._charger_driver_api.static.*)))
                0x000000000100466c                _charger_driver_api_list_end = .

clock_control_driver_api_area
                0x000000000100466c       0x1c
                0x000000000100466c                _clock_control_driver_api_list_start = .
 *(SORT_BY_NAME(SORT_BY_ALIGNMENT(._clock_control_driver_api.static.*)))
 ._clock_control_driver_api.static.clock_control_api_
                0x000000000100466c       0x1c zephyr/drivers/clock_control/libdrivers__clock_control.a(clock_control_nrf.c.obj)
                0x0000000001004688                _clock_control_driver_api_list_end = .

comparator_driver_api_area
                0x0000000001004688        0x0
                0x0000000001004688                _comparator_driver_api_list_start = .
 *(SORT_BY_NAME(SORT_BY_ALIGNMENT(._comparator_driver_api.static.*)))
                0x0000000001004688                _comparator_driver_api_list_end = .

coredump_driver_api_area
                0x0000000001004688        0x0
                0x0000000001004688                _coredump_driver_api_list_start = .
 *(SORT_BY_NAME(SORT_BY_ALIGNMENT(._coredump_driver_api.static.*)))
                0x0000000001004688                _coredump_driver_api_list_end = .

counter_driver_api_area
                0x0000000001004688        0x0
                0x0000000001004688                _counter_driver_api_list_start = .
 *(SORT_BY_NAME(SORT_BY_ALIGNMENT(._counter_driver_api.static.*)))
                0x0000000001004688                _counter_driver_api_list_end = .

crc_driver_api_area
                0x0000000001004688        0x0
                0x0000000001004688                _crc_driver_api_list_start = .
 *(SORT_BY_NAME(SORT_BY_ALIGNMENT(._crc_driver_api.static.*)))
                0x0000000001004688                _crc_driver_api_list_end = .

dac_driver_api_area
                0x0000000001004688        0x0
                0x0000000001004688                _dac_driver_api_list_start = .
 *(SORT_BY_NAME(SORT_BY_ALIGNMENT(._dac_driver_api.static.*)))
                0x0000000001004688                _dac_driver_api_list_end = .

dai_driver_api_area
                0x0000000001004688        0x0
                0x0000000001004688                _dai_driver_api_list_start = .
 *(SORT_BY_NAME(SORT_BY_ALIGNMENT(._dai_driver_api.static.*)))
                0x0000000001004688                _dai_driver_api_list_end = .

display_driver_api_area
                0x0000000001004688        0x0
                0x0000000001004688                _display_driver_api_list_start = .
 *(SORT_BY_NAME(SORT_BY_ALIGNMENT(._display_driver_api.static.*)))
                0x0000000001004688                _display_driver_api_list_end = .

dma_driver_api_area
                0x0000000001004688        0x0
                0x0000000001004688                _dma_driver_api_list_start = .
 *(SORT_BY_NAME(SORT_BY_ALIGNMENT(._dma_driver_api.static.*)))
                0x0000000001004688                _dma_driver_api_list_end = .

edac_driver_api_area
                0x0000000001004688        0x0
                0x0000000001004688                _edac_driver_api_list_start = .
 *(SORT_BY_NAME(SORT_BY_ALIGNMENT(._edac_driver_api.static.*)))
                0x0000000001004688                _edac_driver_api_list_end = .

eeprom_driver_api_area
                0x0000000001004688        0x0
                0x0000000001004688                _eeprom_driver_api_list_start = .
 *(SORT_BY_NAME(SORT_BY_ALIGNMENT(._eeprom_driver_api.static.*)))
                0x0000000001004688                _eeprom_driver_api_list_end = .

emul_bbram_driver_api_area
                0x0000000001004688        0x0
                0x0000000001004688                _emul_bbram_driver_api_list_start = .
 *(SORT_BY_NAME(SORT_BY_ALIGNMENT(._emul_bbram_driver_api.static.*)))
                0x0000000001004688                _emul_bbram_driver_api_list_end = .

fuel_gauge_emul_driver_api_area
                0x0000000001004688        0x0
                0x0000000001004688                _fuel_gauge_emul_driver_api_list_start = .
 *(SORT_BY_NAME(SORT_BY_ALIGNMENT(._fuel_gauge_emul_driver_api.static.*)))
                0x0000000001004688                _fuel_gauge_emul_driver_api_list_end = .

emul_sensor_driver_api_area
                0x0000000001004688        0x0
                0x0000000001004688                _emul_sensor_driver_api_list_start = .
 *(SORT_BY_NAME(SORT_BY_ALIGNMENT(._emul_sensor_driver_api.static.*)))
                0x0000000001004688                _emul_sensor_driver_api_list_end = .

entropy_driver_api_area
                0x0000000001004688        0x0
                0x0000000001004688                _entropy_driver_api_list_start = .
 *(SORT_BY_NAME(SORT_BY_ALIGNMENT(._entropy_driver_api.static.*)))
                0x0000000001004688                _entropy_driver_api_list_end = .

espi_driver_api_area
                0x0000000001004688        0x0
                0x0000000001004688                _espi_driver_api_list_start = .
 *(SORT_BY_NAME(SORT_BY_ALIGNMENT(._espi_driver_api.static.*)))
                0x0000000001004688                _espi_driver_api_list_end = .

espi_saf_driver_api_area
                0x0000000001004688        0x0
                0x0000000001004688                _espi_saf_driver_api_list_start = .
 *(SORT_BY_NAME(SORT_BY_ALIGNMENT(._espi_saf_driver_api.static.*)))
                0x0000000001004688                _espi_saf_driver_api_list_end = .

fpga_driver_api_area
                0x0000000001004688        0x0
                0x0000000001004688                _fpga_driver_api_list_start = .
 *(SORT_BY_NAME(SORT_BY_ALIGNMENT(._fpga_driver_api.static.*)))
                0x0000000001004688                _fpga_driver_api_list_end = .

fuel_gauge_driver_api_area
                0x0000000001004688        0x0
                0x0000000001004688                _fuel_gauge_driver_api_list_start = .
 *(SORT_BY_NAME(SORT_BY_ALIGNMENT(._fuel_gauge_driver_api.static.*)))
                0x0000000001004688                _fuel_gauge_driver_api_list_end = .

gnss_driver_api_area
                0x0000000001004688        0x0
                0x0000000001004688                _gnss_driver_api_list_start = .
 *(SORT_BY_NAME(SORT_BY_ALIGNMENT(._gnss_driver_api.static.*)))
                0x0000000001004688                _gnss_driver_api_list_end = .

gpio_driver_api_area
                0x0000000001004688        0x0
                0x0000000001004688                _gpio_driver_api_list_start = .
 *(SORT_BY_NAME(SORT_BY_ALIGNMENT(._gpio_driver_api.static.*)))
                0x0000000001004688                _gpio_driver_api_list_end = .

haptics_driver_api_area
                0x0000000001004688        0x0
                0x0000000001004688                _haptics_driver_api_list_start = .
 *(SORT_BY_NAME(SORT_BY_ALIGNMENT(._haptics_driver_api.static.*)))
                0x0000000001004688                _haptics_driver_api_list_end = .

hwspinlock_driver_api_area
                0x0000000001004688        0x0
                0x0000000001004688                _hwspinlock_driver_api_list_start = .
 *(SORT_BY_NAME(SORT_BY_ALIGNMENT(._hwspinlock_driver_api.static.*)))
                0x0000000001004688                _hwspinlock_driver_api_list_end = .

i2c_driver_api_area
                0x0000000001004688        0x0
                0x0000000001004688                _i2c_driver_api_list_start = .
 *(SORT_BY_NAME(SORT_BY_ALIGNMENT(._i2c_driver_api.static.*)))
                0x0000000001004688                _i2c_driver_api_list_end = .

i2c_target_driver_api_area
                0x0000000001004688        0x0
                0x0000000001004688                _i2c_target_driver_api_list_start = .
 *(SORT_BY_NAME(SORT_BY_ALIGNMENT(._i2c_target_driver_api.static.*)))
                0x0000000001004688                _i2c_target_driver_api_list_end = .

i2s_driver_api_area
                0x0000000001004688        0x0
                0x0000000001004688                _i2s_driver_api_list_start = .
 *(SORT_BY_NAME(SORT_BY_ALIGNMENT(._i2s_driver_api.static.*)))
                0x0000000001004688                _i2s_driver_api_list_end = .

i3c_driver_api_area
                0x0000000001004688        0x0
                0x0000000001004688                _i3c_driver_api_list_start = .
 *(SORT_BY_NAME(SORT_BY_ALIGNMENT(._i3c_driver_api.static.*)))
                0x0000000001004688                _i3c_driver_api_list_end = .

ipm_driver_api_area
                0x0000000001004688        0x0
                0x0000000001004688                _ipm_driver_api_list_start = .
 *(SORT_BY_NAME(SORT_BY_ALIGNMENT(._ipm_driver_api.static.*)))
                0x0000000001004688                _ipm_driver_api_list_end = .

led_driver_api_area
                0x0000000001004688        0x0
                0x0000000001004688                _led_driver_api_list_start = .
 *(SORT_BY_NAME(SORT_BY_ALIGNMENT(._led_driver_api.static.*)))
                0x0000000001004688                _led_driver_api_list_end = .

led_strip_driver_api_area
                0x0000000001004688        0x0
                0x0000000001004688                _led_strip_driver_api_list_start = .
 *(SORT_BY_NAME(SORT_BY_ALIGNMENT(._led_strip_driver_api.static.*)))
                0x0000000001004688                _led_strip_driver_api_list_end = .

lora_driver_api_area
                0x0000000001004688        0x0
                0x0000000001004688                _lora_driver_api_list_start = .
 *(SORT_BY_NAME(SORT_BY_ALIGNMENT(._lora_driver_api.static.*)))
                0x0000000001004688                _lora_driver_api_list_end = .

mbox_driver_api_area
                0x0000000001004688        0x0
                0x0000000001004688                _mbox_driver_api_list_start = .
 *(SORT_BY_NAME(SORT_BY_ALIGNMENT(._mbox_driver_api.static.*)))
                0x0000000001004688                _mbox_driver_api_list_end = .

mdio_driver_api_area
                0x0000000001004688        0x0
                0x0000000001004688                _mdio_driver_api_list_start = .
 *(SORT_BY_NAME(SORT_BY_ALIGNMENT(._mdio_driver_api.static.*)))
                0x0000000001004688                _mdio_driver_api_list_end = .

mipi_dbi_driver_api_area
                0x0000000001004688        0x0
                0x0000000001004688                _mipi_dbi_driver_api_list_start = .
 *(SORT_BY_NAME(SORT_BY_ALIGNMENT(._mipi_dbi_driver_api.static.*)))
                0x0000000001004688                _mipi_dbi_driver_api_list_end = .

mipi_dsi_driver_api_area
                0x0000000001004688        0x0
                0x0000000001004688                _mipi_dsi_driver_api_list_start = .
 *(SORT_BY_NAME(SORT_BY_ALIGNMENT(._mipi_dsi_driver_api.static.*)))
                0x0000000001004688                _mipi_dsi_driver_api_list_end = .

mspi_driver_api_area
                0x0000000001004688        0x0
                0x0000000001004688                _mspi_driver_api_list_start = .
 *(SORT_BY_NAME(SORT_BY_ALIGNMENT(._mspi_driver_api.static.*)))
                0x0000000001004688                _mspi_driver_api_list_end = .

opamp_driver_api_area
                0x0000000001004688        0x0
                0x0000000001004688                _opamp_driver_api_list_start = .
 *(SORT_BY_NAME(SORT_BY_ALIGNMENT(._opamp_driver_api.static.*)))
                0x0000000001004688                _opamp_driver_api_list_end = .

otp_driver_api_area
                0x0000000001004688        0x0
                0x0000000001004688                _otp_driver_api_list_start = .
 *(SORT_BY_NAME(SORT_BY_ALIGNMENT(._otp_driver_api.static.*)))
                0x0000000001004688                _otp_driver_api_list_end = .

peci_driver_api_area
                0x0000000001004688        0x0
                0x0000000001004688                _peci_driver_api_list_start = .
 *(SORT_BY_NAME(SORT_BY_ALIGNMENT(._peci_driver_api.static.*)))
                0x0000000001004688                _peci_driver_api_list_end = .

ps2_driver_api_area
                0x0000000001004688        0x0
                0x0000000001004688                _ps2_driver_api_list_start = .
 *(SORT_BY_NAME(SORT_BY_ALIGNMENT(._ps2_driver_api.static.*)))
                0x0000000001004688                _ps2_driver_api_list_end = .

ptp_clock_driver_api_area
                0x0000000001004688        0x0
                0x0000000001004688                _ptp_clock_driver_api_list_start = .
 *(SORT_BY_NAME(SORT_BY_ALIGNMENT(._ptp_clock_driver_api.static.*)))
                0x0000000001004688                _ptp_clock_driver_api_list_end = .

pwm_driver_api_area
                0x0000000001004688        0x0
                0x0000000001004688                _pwm_driver_api_list_start = .
 *(SORT_BY_NAME(SORT_BY_ALIGNMENT(._pwm_driver_api.static.*)))
                0x0000000001004688                _pwm_driver_api_list_end = .

regulator_parent_driver_api_area
                0x0000000001004688        0x0
                0x0000000001004688                _regulator_parent_driver_api_list_start = .
 *(SORT_BY_NAME(SORT_BY_ALIGNMENT(._regulator_parent_driver_api.static.*)))
                0x0000000001004688                _regulator_parent_driver_api_list_end = .

regulator_driver_api_area
                0x0000000001004688        0x0
                0x0000000001004688                _regulator_driver_api_list_start = .
 *(SORT_BY_NAME(SORT_BY_ALIGNMENT(._regulator_driver_api.static.*)))
                0x0000000001004688                _regulator_driver_api_list_end = .

reset_driver_api_area
                0x0000000001004688        0x0
                0x0000000001004688                _reset_driver_api_list_start = .
 *(SORT_BY_NAME(SORT_BY_ALIGNMENT(._reset_driver_api.static.*)))
                0x0000000001004688                _reset_driver_api_list_end = .

retained_mem_driver_api_area
                0x0000000001004688        0x0
                0x0000000001004688                _retained_mem_driver_api_list_start = .
 *(SORT_BY_NAME(SORT_BY_ALIGNMENT(._retained_mem_driver_api.static.*)))
                0x0000000001004688                _retained_mem_driver_api_list_end = .

rtc_driver_api_area
                0x0000000001004688        0x0
                0x0000000001004688                _rtc_driver_api_list_start = .
 *(SORT_BY_NAME(SORT_BY_ALIGNMENT(._rtc_driver_api.static.*)))
                0x0000000001004688                _rtc_driver_api_list_end = .

sdhc_driver_api_area
                0x0000000001004688        0x0
                0x0000000001004688                _sdhc_driver_api_list_start = .
 *(SORT_BY_NAME(SORT_BY_ALIGNMENT(._sdhc_driver_api.static.*)))
                0x0000000001004688                _sdhc_driver_api_list_end = .

sensor_driver_api_area
                0x0000000001004688        0x0
                0x0000000001004688                _sensor_driver_api_list_start = .
 *(SORT_BY_NAME(SORT_BY_ALIGNMENT(._sensor_driver_api.static.*)))
                0x0000000001004688                _sensor_driver_api_list_end = .

smbus_driver_api_area
                0x0000000001004688        0x0
                0x0000000001004688                _smbus_driver_api_list_start = .
 *(SORT_BY_NAME(SORT_BY_ALIGNMENT(._smbus_driver_api.static.*)))
                0x0000000001004688                _smbus_driver_api_list_end = .

spi_driver_api_area
                0x0000000001004688        0x0
                0x0000000001004688                _spi_driver_api_list_start = .
 *(SORT_BY_NAME(SORT_BY_ALIGNMENT(._spi_driver_api.static.*)))
                0x0000000001004688                _spi_driver_api_list_end = .

stepper_driver_api_area
                0x0000000001004688        0x0
                0x0000000001004688                _stepper_driver_api_list_start = .
 *(SORT_BY_NAME(SORT_BY_ALIGNMENT(._stepper_driver_api.static.*)))
                0x0000000001004688                _stepper_driver_api_list_end = .

stepper_drv_driver_api_area
                0x0000000001004688        0x0
                0x0000000001004688                _stepper_drv_driver_api_list_start = .
 *(SORT_BY_NAME(SORT_BY_ALIGNMENT(._stepper_drv_driver_api.static.*)))
                0x0000000001004688                _stepper_drv_driver_api_list_end = .

syscon_driver_api_area
                0x0000000001004688        0x0
                0x0000000001004688                _syscon_driver_api_list_start = .
 *(SORT_BY_NAME(SORT_BY_ALIGNMENT(._syscon_driver_api.static.*)))
                0x0000000001004688                _syscon_driver_api_list_end = .

tee_driver_api_area
                0x0000000001004688        0x0
                0x0000000001004688                _tee_driver_api_list_start = .
 *(SORT_BY_NAME(SORT_BY_ALIGNMENT(._tee_driver_api.static.*)))
                0x0000000001004688                _tee_driver_api_list_end = .

video_driver_api_area
                0x0000000001004688        0x0
                0x0000000001004688                _video_driver_api_list_start = .
 *(SORT_BY_NAME(SORT_BY_ALIGNMENT(._video_driver_api.static.*)))
                0x0000000001004688                _video_driver_api_list_end = .

virtio_driver_api_area
                0x0000000001004688        0x0
                0x0000000001004688                _virtio_driver_api_list_start = .
 *(SORT_BY_NAME(SORT_BY_ALIGNMENT(._virtio_driver_api.static.*)))
                0x0000000001004688                _virtio_driver_api_list_end = .

w1_driver_api_area
                0x0000000001004688        0x0
                0x0000000001004688                _w1_driver_api_list_start = .
 *(SORT_BY_NAME(SORT_BY_ALIGNMENT(._w1_driver_api.static.*)))
                0x0000000001004688                _w1_driver_api_list_end = .

wdt_driver_api_area
                0x0000000001004688        0x0
                0x0000000001004688                _wdt_driver_api_list_start = .
 *(SORT_BY_NAME(SORT_BY_ALIGNMENT(._wdt_driver_api.static.*)))
                0x0000000001004688                _wdt_driver_api_list_end = .

can_transceiver_driver_api_area
                0x0000000001004688        0x0
                0x0000000001004688                _can_transceiver_driver_api_list_start = .
 *(SORT_BY_NAME(SORT_BY_ALIGNMENT(._can_transceiver_driver_api.static.*)))
                0x0000000001004688                _can_transceiver_driver_api_list_end = .

nrf_clock_control_driver_api_area
                0x0000000001004688        0x0
                0x0000000001004688                _nrf_clock_control_driver_api_list_start = .
 *(SORT_BY_NAME(SORT_BY_ALIGNMENT(._nrf_clock_control_driver_api.static.*)))
                0x0000000001004688                _nrf_clock_control_driver_api_list_end = .

i3c_target_driver_api_area
                0x0000000001004688        0x0
                0x0000000001004688                _i3c_target_driver_api_list_start = .
 *(SORT_BY_NAME(SORT_BY_ALIGNMENT(._i3c_target_driver_api.static.*)))
                0x0000000001004688                _i3c_target_driver_api_list_end = .

its_driver_api_area
                0x0000000001004688        0x0
                0x0000000001004688                _its_driver_api_list_start = .
 *(SORT_BY_NAME(SORT_BY_ALIGNMENT(._its_driver_api.static.*)))
                0x0000000001004688                _its_driver_api_list_end = .

vtd_driver_api_area
                0x0000000001004688        0x0
                0x0000000001004688                _vtd_driver_api_list_start = .
 *(SORT_BY_NAME(SORT_BY_ALIGNMENT(._vtd_driver_api.static.*)))
                0x0000000001004688                _vtd_driver_api_list_end = .

renesas_elc_driver_api_area
                0x0000000001004688        0x0
                0x0000000001004688                _renesas_elc_driver_api_list_start = .
 *(SORT_BY_NAME(SORT_BY_ALIGNMENT(._renesas_elc_driver_api.static.*)))
                0x0000000001004688                _renesas_elc_driver_api_list_end = .

tgpio_driver_api_area
                0x0000000001004688        0x0
                0x0000000001004688                _tgpio_driver_api_list_start = .
 *(SORT_BY_NAME(SORT_BY_ALIGNMENT(._tgpio_driver_api.static.*)))
                0x0000000001004688                _tgpio_driver_api_list_end = .

pcie_ctrl_driver_api_area
                0x0000000001004688        0x0
                0x0000000001004688                _pcie_ctrl_driver_api_list_start = .
 *(SORT_BY_NAME(SORT_BY_ALIGNMENT(._pcie_ctrl_driver_api.static.*)))
                0x0000000001004688                _pcie_ctrl_driver_api_list_end = .

pcie_ep_driver_api_area
                0x0000000001004688        0x0
                0x0000000001004688                _pcie_ep_driver_api_list_start = .
 *(SORT_BY_NAME(SORT_BY_ALIGNMENT(._pcie_ep_driver_api.static.*)))
                0x0000000001004688                _pcie_ep_driver_api_list_end = .

psi5_driver_api_area
                0x0000000001004688        0x0
                0x0000000001004688                _psi5_driver_api_list_start = .
 *(SORT_BY_NAME(SORT_BY_ALIGNMENT(._psi5_driver_api.static.*)))
                0x0000000001004688                _psi5_driver_api_list_end = .

sent_driver_api_area
                0x0000000001004688        0x0
                0x0000000001004688                _sent_driver_api_list_start = .
 *(SORT_BY_NAME(SORT_BY_ALIGNMENT(._sent_driver_api.static.*)))
                0x0000000001004688                _sent_driver_api_list_end = .

svc_driver_api_area
                0x0000000001004688        0x0
                0x0000000001004688                _svc_driver_api_list_start = .
 *(SORT_BY_NAME(SORT_BY_ALIGNMENT(._svc_driver_api.static.*)))
                0x0000000001004688                _svc_driver_api_list_end = .

uart_driver_api_area
                0x0000000001004688        0xc
                0x0000000001004688                _uart_driver_api_list_start = .
 *(SORT_BY_NAME(SORT_BY_ALIGNMENT(._uart_driver_api.static.*)))
 ._uart_driver_api.static.uart_nrfx_uarte_driver_api_
                0x0000000001004688        0xc zephyr/drivers/serial/libdrivers__serial.a(uart_nrfx_uarte.c.obj)
                0x0000000001004694                _uart_driver_api_list_end = .

bc12_emul_driver_api_area
                0x0000000001004694        0x0
                0x0000000001004694                _bc12_emul_driver_api_list_start = .
 *(SORT_BY_NAME(SORT_BY_ALIGNMENT(._bc12_emul_driver_api.static.*)))
                0x0000000001004694                _bc12_emul_driver_api_list_end = .

bc12_driver_api_area
                0x0000000001004694        0x0
                0x0000000001004694                _bc12_driver_api_list_start = .
 *(SORT_BY_NAME(SORT_BY_ALIGNMENT(._bc12_driver_api.static.*)))
                0x0000000001004694                _bc12_driver_api_list_end = .

usbc_ppc_driver_api_area
                0x0000000001004694        0x0
                0x0000000001004694                _usbc_ppc_driver_api_list_start = .
 *(SORT_BY_NAME(SORT_BY_ALIGNMENT(._usbc_ppc_driver_api.static.*)))
                0x0000000001004694                _usbc_ppc_driver_api_list_end = .

tcpc_driver_api_area
                0x0000000001004694        0x0
                0x0000000001004694                _tcpc_driver_api_list_start = .
 *(SORT_BY_NAME(SORT_BY_ALIGNMENT(._tcpc_driver_api.static.*)))
                0x0000000001004694                _tcpc_driver_api_list_end = .

usbc_vbus_driver_api_area
                0x0000000001004694        0x0
                0x0000000001004694                _usbc_vbus_driver_api_list_start = .
 *(SORT_BY_NAME(SORT_BY_ALIGNMENT(._usbc_vbus_driver_api.static.*)))
                0x0000000001004694                _usbc_vbus_driver_api_list_end = .

ivshmem_driver_api_area
                0x0000000001004694        0x0
                0x0000000001004694                _ivshmem_driver_api_list_start = .
 *(SORT_BY_NAME(SORT_BY_ALIGNMENT(._ivshmem_driver_api.static.*)))
                0x0000000001004694                _ivshmem_driver_api_list_end = .

ethphy_driver_api_area
                0x0000000001004694        0x0
                0x0000000001004694                _ethphy_driver_api_list_start = .
 *(SORT_BY_NAME(SORT_BY_ALIGNMENT(._ethphy_driver_api.static.*)))
                0x0000000001004694                _ethphy_driver_api_list_end = .

ztest           0x0000000001004694        0x0
                0x0000000001004694                _ztest_expected_result_entry_list_start = .
 *(SORT_BY_NAME(SORT_BY_ALIGNMENT(._ztest_expected_result_entry.static.*)))
                0x0000000001004694                _ztest_expected_result_entry_list_end = .
                0x0000000001004694                _ztest_suite_node_list_start = .
 *(SORT_BY_NAME(SORT_BY_ALIGNMENT(._ztest_suite_node.static.*)))
                0x0000000001004694                _ztest_suite_node_list_end = .
                0x0000000001004694                _ztest_unit_test_list_start = .
 *(SORT_BY_NAME(SORT_BY_ALIGNMENT(._ztest_unit_test.static.*)))
                0x0000000001004694                _ztest_unit_test_list_end = .
                0x0000000001004694                _ztest_test_rule_list_start = .
 *(SORT_BY_NAME(SORT_BY_ALIGNMENT(._ztest_test_rule.static.*)))
                0x0000000001004694                _ztest_test_rule_list_end = .

init_array      0x0000000001004694        0x0
                0x0000000001004694                __zephyr_init_array_start = .
 *(SORT_BY_INIT_PRIORITY(.init_array.*) SORT_BY_INIT_PRIORITY(.ctors.*))
 *(SORT_BY_ALIGNMENT(.init_array) SORT_BY_ALIGNMENT(.ctors))
                0x0000000001004694                __zephyr_init_array_end = .
                0x0000000000000001                ASSERT ((__zephyr_init_array_start == __zephyr_init_array_end), GNU-style constructors required but STATIC_INIT_GNU not enabled)

bt_l2cap_fixed_chan_area
                0x0000000001004694        0x0
                0x0000000001004694                _bt_l2cap_fixed_chan_list_start = .
 *(SORT_BY_NAME(SORT_BY_ALIGNMENT(._bt_l2cap_fixed_chan.static.*)))
                0x0000000001004694                _bt_l2cap_fixed_chan_list_end = .

bt_gatt_service_static_area
                0x0000000001004694        0x0
                0x0000000001004694                _bt_gatt_service_static_list_start = .
 *(SORT_BY_NAME(SORT_BY_ALIGNMENT(._bt_gatt_service_static.static.*)))
                0x0000000001004694                _bt_gatt_service_static_list_end = .

log_strings_area
                0x0000000001004694        0x0
                0x0000000001004694                _log_strings_list_start = .
 *(SORT_BY_NAME(SORT_BY_ALIGNMENT(._log_strings.static.*)))
                0x0000000001004694                _log_strings_list_end = .

log_stmesp_ptr_area
                0x0000000001004694        0x0
                0x0000000001004694                _log_stmesp_ptr_list_start = .
 *(SORT_BY_NAME(SORT_BY_ALIGNMENT(._log_stmesp_ptr.static.*)))
                0x0000000001004694                _log_stmesp_ptr_list_end = .

log_stmesp_str_area
                0x0000000001004694        0x0
                0x0000000001004694                _log_stmesp_str_list_start = .
 *(SORT_BY_NAME(SORT_BY_ALIGNMENT(._log_stmesp_str.static.*)))
                0x0000000001004694                _log_stmesp_str_list_end = .

log_const_area  0x0000000001004694        0x8
                0x0000000001004694                _log_const_list_start = .
 *(SORT_BY_NAME(SORT_BY_ALIGNMENT(._log_const.static.*)))
 ._log_const.static.log_const_bl_validation_
                0x0000000001004694        0x8 modules/nrf/subsys/bootloader/bl_validation/lib..__nrf__subsys__bootloader__bl_validation.a(bl_validation.c.obj)
                0x0000000001004694                log_const_bl_validation
                0x000000000100469c                _log_const_list_end = .

log_backend_area
                0x000000000100469c        0x0
                0x000000000100469c                _log_backend_list_start = .
 *(SORT_BY_NAME(SORT_BY_ALIGNMENT(._log_backend.static.*)))
                0x000000000100469c                _log_backend_list_end = .

log_link_area   0x000000000100469c        0x0
                0x000000000100469c                _log_link_list_start = .
 *(SORT_BY_NAME(SORT_BY_ALIGNMENT(._log_link.static.*)))
                0x000000000100469c                _log_link_list_end = .

tracing_backend_area
                0x000000000100469c        0x0
                0x000000000100469c                _tracing_backend_list_start = .
 *(SORT_BY_NAME(SORT_BY_ALIGNMENT(._tracing_backend.static.*)))
                0x000000000100469c                _tracing_backend_list_end = .

zephyr_dbg_info
 *(SORT_BY_ALIGNMENT(.dbg_thread_info))

intc_table_area
                0x000000000100469c        0x0
                0x000000000100469c                _intc_table_list_start = .
 *(SORT_BY_NAME(SORT_BY_ALIGNMENT(._intc_table.static.*)))
                0x000000000100469c                _intc_table_list_end = .

symbol_to_keep  0x000000000100469c        0x0
                0x000000000100469c                __symbol_to_keep_start = .
 *(SORT_BY_NAME(SORT_BY_ALIGNMENT(.symbol_to_keep*)))
                0x000000000100469c                __symbol_to_keep_end = .

shell_area      0x000000000100469c        0x0
                0x000000000100469c                _shell_list_start = .
 *(SORT_BY_NAME(SORT_BY_ALIGNMENT(._shell.static.*)))
                0x000000000100469c                _shell_list_end = .

shell_root_cmds_area
                0x000000000100469c        0x0
                0x000000000100469c                _shell_root_cmds_list_start = .
 *(SORT_BY_NAME(SORT_BY_ALIGNMENT(._shell_root_cmds.static.*)))
                0x000000000100469c                _shell_root_cmds_list_end = .

shell_subcmds_area
                0x000000000100469c        0x0
                0x000000000100469c                _shell_subcmds_list_start = .
 *(SORT_BY_NAME(SORT_BY_ALIGNMENT(._shell_subcmds.static.*)))
                0x000000000100469c                _shell_subcmds_list_end = .

shell_dynamic_subcmds_area
                0x000000000100469c        0x0
                0x000000000100469c                _shell_dynamic_subcmds_list_start = .
 *(SORT_BY_NAME(SORT_BY_ALIGNMENT(._shell_dynamic_subcmds.static.*)))
                0x000000000100469c                _shell_dynamic_subcmds_list_end = .

cfb_font_area   0x000000000100469c        0x0
                0x000000000100469c                _cfb_font_list_start = .
 *(SORT_BY_NAME(SORT_BY_ALIGNMENT(._cfb_font.static.*)))
                0x000000000100469c                _cfb_font_list_end = .

tdata           0x000000000100469c        0x0
 *(SORT_BY_ALIGNMENT(.tdata) SORT_BY_ALIGNMENT(.tdata.*) SORT_BY_ALIGNMENT(.gnu.linkonce.td.*))

tbss            0x000000000100469c        0x0
 *(SORT_BY_ALIGNMENT(.tbss) SORT_BY_ALIGNMENT(.tbss.*) SORT_BY_ALIGNMENT(.gnu.linkonce.tb.*) SORT_BY_ALIGNMENT(.tcommon))
                0x000000000100469c                PROVIDE (__tdata_start = LOADADDR (tdata))
                0x0000000000000001                PROVIDE (__tdata_align = ALIGNOF (tdata))
                0x0000000000000000                PROVIDE (__tdata_size = (((SIZEOF (tdata) + __tdata_align) - 0x1) & ~ ((__tdata_align - 0x1))))
                [!provide]                        PROVIDE (__tdata_end = (__tdata_start + __tdata_size))
                0x0000000000000001                PROVIDE (__tbss_align = ALIGNOF (tbss))
                [!provide]                        PROVIDE (__tbss_start = ADDR (tbss))
                0x0000000000000000                PROVIDE (__tbss_size = (((SIZEOF (tbss) + __tbss_align) - 0x1) & ~ ((__tbss_align - 0x1))))
                [!provide]                        PROVIDE (__tbss_end = (__tbss_start + __tbss_size))
                [!provide]                        PROVIDE (__tls_start = __tdata_start)
                [!provide]                        PROVIDE (__tls_end = __tbss_end)
                [!provide]                        PROVIDE (__tls_size = (__tbss_end - __tdata_start))

rodata          0x00000000010046a0      0xa4c
 *(SORT_BY_ALIGNMENT(.rodata))
 .rodata        0x00000000010046a0        0xc app/libapp.a(main.c.obj)
 .rodata        0x00000000010046ac       0x18 modules/nrf/subsys/bootloader/bl_validation/lib..__nrf__subsys__bootloader__bl_validation.a(bl_validation.c.obj)
 .rodata        0x00000000010046c4       0x18 modules/nrf/subsys/fw_info/lib..__nrf__subsys__fw_info.a(fw_info.c.obj)
 *(SORT_BY_ALIGNMENT(.rodata.*))
 *fill*         0x00000000010046dc        0x4 
 .rodata.delay_machine_code.0
                0x00000000010046e0        0x6 zephyr/soc/soc/nrf5340/libsoc__nordic.a(soc.c.obj)
 *fill*         0x00000000010046e6        0x2 
 .rodata.fw_info_allowed_offsets
                0x00000000010046e8       0x1c app/libapp.a(main.c.obj)
 .rodata.transitions.0
                0x0000000001004704        0xc zephyr/drivers/clock_control/libdrivers__clock_control.a(clock_control_nrf.c.obj)
 .rodata.config
                0x0000000001004710       0x18 zephyr/drivers/clock_control/libdrivers__clock_control.a(clock_control_nrf.c.obj)
 .rodata.flash_nrf_parameters
                0x0000000001004728        0x8 zephyr/drivers/flash/libdrivers__flash.a(soc_flash_nrf.c.obj)
 .rodata.uarte_0z_config
                0x0000000001004730       0x24 zephyr/drivers/serial/libdrivers__serial.a(uart_nrfx_uarte.c.obj)
 .rodata.__pinctrl_dev_config__device_dts_ord_66
                0x0000000001004754        0xc zephyr/drivers/serial/libdrivers__serial.a(uart_nrfx_uarte.c.obj)
 .rodata.__pinctrl_states__device_dts_ord_66
                0x0000000001004760        0x8 zephyr/drivers/serial/libdrivers__serial.a(uart_nrfx_uarte.c.obj)
 .rodata.__pinctrl_state_pins_0__device_dts_ord_66
                0x0000000001004768       0x10 zephyr/drivers/serial/libdrivers__serial.a(uart_nrfx_uarte.c.obj)
 .rodata.fw_info_allowed_offsets
                0x0000000001004778       0x1c modules/nrf/subsys/bootloader/bl_validation/lib..__nrf__subsys__bootloader__bl_validation.a(bl_validation.c.obj)
 .rodata.fw_info_allowed_offsets
                0x0000000001004794       0x1c modules/nrf/subsys/fw_info/lib..__nrf__subsys__fw_info.a(fw_info.c.obj)
 .rodata.levels.0
                0x00000000010047b0       0x18 zephyr/kernel/libkernel.a(init.c.obj)
 .rodata.const_table
                0x00000000010047c8      0x100 /home/t/asset-tracker-template/nrfxlib/crypto/nrf_oberon/lib/cortex-m33+nodsp/soft-float/liboberon_3.0.18.a(ocrypto_sha256.c.obj)
 .rodata.main.str1.1
                0x00000000010048c8       0xb1 app/libapp.a(main.c.obj)
 .rodata.sys_heap_free.str1.1
                0x0000000001004979       0x3b zephyr/libzephyr.a(heap.c.obj)
 .rodata.process_event.str1.1
                0x00000000010049b4       0x25 zephyr/libzephyr.a(onoff.c.obj)
                                         0x3d (size before relaxing)
 .rodata.sys_notify_finalize.str1.1
                0x00000000010049d9       0x26 zephyr/libzephyr.a(notify.c.obj)
                                         0x3e (size before relaxing)
 .rodata.ncs_boot_banner.str1.1
                0x00000000010049ff       0x64 zephyr/libzephyr.a(banner.c.obj)
 .rodata.mem_manage_fault.constprop.0.str1.1
                0x0000000001004a63       0x32 zephyr/arch/arch/arm/core/cortex_m/libarch__arm__core__cortex_m.a(fault.c.obj)
                                         0x4a (size before relaxing)
 .rodata.arm_irq_priority_set.str1.1
                0x0000000001004a95       0x37 zephyr/arch/arch/arm/core/cortex_m/libarch__arm__core__cortex_m.a(irq_manage.c.obj)
                                         0x4f (size before relaxing)
 .rodata.soc_late_init_hook.str1.1
                0x0000000001004acc       0x2a zephyr/soc/soc/nrf5340/libsoc__nordic.a(soc.c.obj)
                                         0x42 (size before relaxing)
 .rodata.get_status.str1.1
                0x0000000001004af6       0x3d zephyr/drivers/clock_control/libdrivers__clock_control.a(clock_control_nrf.c.obj)
                                         0x55 (size before relaxing)
 .rodata.str1.1
                0x0000000001004b33       0x1b zephyr/drivers/clock_control/libdrivers__clock_control.a(clock_control_nrf.c.obj)
 .rodata.str1.1
                0x0000000001004b4e       0x1a zephyr/drivers/flash/libdrivers__flash.a(soc_flash_nrf.c.obj)
 .rodata.nrf_gpio_pin_port_decode.str1.1
                0x0000000001004b68       0x33 zephyr/drivers/pinctrl/libdrivers__pinctrl.a(pinctrl_nrf.c.obj)
                                         0x4b (size before relaxing)
 .rodata.drive_modes
                0x0000000001004b9b        0x9 zephyr/drivers/pinctrl/libdrivers__pinctrl.a(pinctrl_nrf.c.obj)
 .rodata.str1.1
                0x0000000001004ba4        0xe zephyr/drivers/serial/libdrivers__serial.a(uart_nrfx_uarte.c.obj)
 .rodata.fprotect_set_permission.str1.1
                0x0000000001004bb2       0x5e modules/nrf/lib/fprotect/lib..__nrf__lib__fprotect.a(fprotect_acl.c.obj)
                                         0x76 (size before relaxing)
 .rodata.bl_boot.str1.1
                0x0000000001004c10       0x47 modules/nrf/subsys/bootloader/bl_boot/lib..__nrf__subsys__bootloader__bl_boot.a(bl_boot.c.obj)
                                         0x92 (size before relaxing)
 .rodata.validate_firmware.str1.1
                0x0000000001004c57      0x26b modules/nrf/subsys/bootloader/bl_validation/lib..__nrf__subsys__bootloader__bl_validation.a(bl_validation.c.obj)
 .rodata.str1.1
                0x0000000001004ec2        0xe modules/nrf/subsys/bootloader/bl_validation/lib..__nrf__subsys__bootloader__bl_validation.a(bl_validation.c.obj)
 .rodata.check_ext_api_requests.str1.1
                0x0000000001004ed0       0x5c modules/nrf/subsys/fw_info/lib..__nrf__subsys__fw_info.a(fw_info.c.obj)
 .rodata.CSWTCH.4
                0x0000000001004f2c        0x4 modules/hal_nordic/modules/hal_nordic/nrfx/libnrfx.a(system_nrf5340_network.c.obj)
 .rodata.CSWTCH.1
                0x0000000001004f30        0x4 modules/hal_nordic/modules/hal_nordic/nrfx/libnrfx.a(system_nrf5340_network.c.obj)
 .rodata.flag_free.str1.1
                0x0000000001004f34       0x3d modules/hal_nordic/modules/hal_nordic/nrfx/libnrfx.a(nrfx_gppi_dppi.c.obj)
                                         0x55 (size before relaxing)
 .rodata.nrfx_clock_enable.str1.1
                0x0000000001004f71       0x3d modules/hal_nordic/modules/hal_nordic/nrfx/libnrfx.a(nrfx_clock.c.obj)
                                         0x55 (size before relaxing)
 .rodata.nrfx_clock_hfclk_uninit.str1.1
                0x0000000001004fae       0x43 modules/hal_nordic/modules/hal_nordic/nrfx/libnrfx.a(nrfx_clock_hfclk.c.obj)
                                         0x5b (size before relaxing)
 .rodata.nrfx_clock_lfclk_uninit.str1.1
                0x0000000001004ff1       0x43 modules/hal_nordic/modules/hal_nordic/nrfx/libnrfx.a(nrfx_clock_lfclk.c.obj)
                                         0x5b (size before relaxing)
 .rodata.partial_word_create.str1.1
                0x0000000001005034       0x3c modules/hal_nordic/modules/hal_nordic/nrfx/libnrfx.a(nrfx_nvmc.c.obj)
                                         0x54 (size before relaxing)
 .rodata.do_device_init.str1.1
                0x0000000001005070       0x23 zephyr/kernel/libkernel.a(device.c.obj)
                                         0x3b (size before relaxing)
 .rodata.z_fatal_error.str1.1
                0x0000000001005093       0x22 zephyr/kernel/libkernel.a(fatal.c.obj)
                                         0x3a (size before relaxing)
 .rodata.z_cstart.str1.1
                0x00000000010050b5       0x21 zephyr/kernel/libkernel.a(init.c.obj)
                                         0x39 (size before relaxing)
 .rodata.__l_vfprintf.str1.1
                0x00000000010050d6        0xf /home/t/ncs/toolchains/c5be9c56c7/opt/zephyr-sdk/arm-zephyr-eabi/bin/../lib/gcc/../../picolibc/arm-zephyr-eabi/lib/thumb/v8-m.main/nofp/libc.a(libc_tinystdio_vflprintf.c.o)
 *(SORT_BY_ALIGNMENT(.gnu.linkonce.r.*))
                0x00000000010050e8                . = ALIGN (0x4)
 *fill*         0x00000000010050e5        0x3 
                0x00000000010050e8                _fw_info_images_start = .
 *(SORT_BY_ALIGNMENT(.fw_info_images))
 .fw_info_images
                0x00000000010050e8        0x4 modules/nrf/subsys/fw_info/lib..__nrf__subsys__fw_info.a(fw_info.c.obj)
                0x00000000010050e8                self_image
                0x0000000000000001                _fw_info_images_size = ABSOLUTE (((. - _fw_info_images_start) / 0x4))
                0x00000000010050ec                _ext_apis_start = .
 *(SORT_BY_ALIGNMENT(.ext_apis))
                0x0000000000000000                _ext_apis_size = ABSOLUTE ((. - _ext_apis_start))
                0x00000000010050ec                _ext_apis_req_start = .
 *(SORT_BY_ALIGNMENT(.ext_apis_req))
                0x0000000000000000                _ext_apis_req_size = ABSOLUTE ((. - _ext_apis_req_start))
                0x00000000010050ec                . = ALIGN (0x4)
                [!provide]                        PROVIDE (__eh_frame_start = 0x0)
                [!provide]                        PROVIDE (__eh_frame_end = 0x0)
                [!provide]                        PROVIDE (__eh_frame_hdr_start = 0x0)
                [!provide]                        PROVIDE (__eh_frame_hdr_end = 0x0)

/DISCARD/
 *(SORT_BY_ALIGNMENT(.eh_frame))
                0x00000000010050ec                __rodata_region_end = .
                0x00000000010050ec                . = ALIGN (_region_min_align)