/home/t/asset-tracker-template/zephyr/subsys/settings/src/settings_line.c:172:12:settings_line_raw_read_until	96	static
/home/t/asset-tracker-template/zephyr/subsys/settings/src/settings_line.c:390:16:settings_line_read_cb	24	static
/home/t/asset-tracker-template/zephyr/subsys/settings/src/settings_line.c:24:5:settings_line_write	80	static
/home/t/asset-tracker-template/zephyr/subsys/settings/src/settings_line.c:150:5:settings_line_len_calc	8	static
/home/t/asset-tracker-template/zephyr/subsys/settings/src/settings_line.c:234:5:settings_line_raw_read	16	static
/home/t/asset-tracker-template/zephyr/subsys/settings/src/settings_line.c:242:5:settings_line_val_read	4	static
/home/t/asset-tracker-template/zephyr/subsys/settings/src/settings_line.c:249:8:settings_line_val_get_len	8	static
/home/t/asset-tracker-template/zephyr/subsys/settings/src/settings_line.c:265:5:settings_line_name_read	32	static
/home/t/asset-tracker-template/zephyr/subsys/settings/src/settings_line.c:275:5:settings_line_entry_copy	64	static
/home/t/asset-tracker-template/zephyr/subsys/settings/src/settings_line.c:311:6:settings_line_io_init	4	static
/home/t/asset-tracker-template/zephyr/subsys/settings/src/settings_line.c:363:5:settings_line_dup_check_cb	72	static
/home/t/asset-tracker-template/zephyr/subsys/settings/src/settings_line.c:407:5:settings_line_load_cb	40	static
