/home/t/asset-tracker-template/modules/lib/open-amp/open-amp/lib/virtio/virtqueue.c:45:5:virtqueue_create	8	static
/home/t/asset-tracker-template/modules/lib/open-amp/open-amp/lib/virtio/virtqueue.c:80:5:virtqueue_add_buffer	56	static
/home/t/asset-tracker-template/modules/lib/open-amp/open-amp/lib/virtio/virtqueue.c:135:7:virtqueue_get_buffer	16	static
/home/t/asset-tracker-template/modules/lib/open-amp/open-amp/lib/virtio/virtqueue.c:174:10:virtqueue_get_buffer_length	0	static
/home/t/asset-tracker-template/modules/lib/open-amp/open-amp/lib/virtio/virtqueue.c:182:7:virtqueue_get_buffer_addr	16	static
/home/t/asset-tracker-template/modules/lib/open-amp/open-amp/lib/virtio/virtqueue.c:190:6:virtqueue_free	16	static
/home/t/asset-tracker-template/modules/lib/open-amp/open-amp/lib/virtio/virtqueue.c:203:7:virtqueue_get_first_avail_buffer	16	static
/home/t/asset-tracker-template/modules/lib/open-amp/open-amp/lib/virtio/virtqueue.c:234:7:virtqueue_get_next_avail_buffer	32	static
/home/t/asset-tracker-template/modules/lib/open-amp/open-amp/lib/virtio/virtqueue.c:258:5:virtqueue_add_consumed_buffer	4	static
/home/t/asset-tracker-template/modules/lib/open-amp/open-amp/lib/virtio/virtqueue.c:295:5:virtqueue_enable_cb	0	static
/home/t/asset-tracker-template/modules/lib/open-amp/open-amp/lib/virtio/virtqueue.c:300:6:virtqueue_disable_cb	0	static
/home/t/asset-tracker-template/modules/lib/open-amp/open-amp/lib/virtio/virtqueue.c:333:6:virtqueue_kick	8	static
/home/t/asset-tracker-template/modules/lib/open-amp/open-amp/lib/virtio/virtqueue.c:348:6:virtqueue_dump	48	static
/home/t/asset-tracker-template/modules/lib/open-amp/open-amp/lib/virtio/virtqueue.c:367:10:virtqueue_get_desc_size	0	static
/home/t/asset-tracker-template/modules/lib/open-amp/open-amp/lib/virtio/virtqueue.c:620:6:virtqueue_notification	0	static
