/home/t/asset-tracker-template/nrf/applications/nrf5340_audio/src/bluetooth/bt_stream/broadcast/broadcast_sink.c:105:13:csip_lock_changed_cb	0	static
/home/t/asset-tracker-template/nrf/applications/nrf5340_audio/src/bluetooth/bt_stream/broadcast/broadcast_sink.c:112:16:sirk_read_req_cb	0	static
/home/t/asset-tracker-template/nrf/applications/nrf5340_audio/src/bluetooth/bt_stream/broadcast/broadcast_sink.c:329:13:stream_recv_cb	64	static
/home/t/asset-tracker-template/nrf/applications/nrf5340_audio/src/bluetooth/bt_stream/broadcast/broadcast_sink.c:219:13:le_audio_event_publish	48	static
/home/t/asset-tracker-template/nrf/applications/nrf5340_audio/src/bluetooth/bt_stream/broadcast/broadcast_sink.c:284:13:stream_stopped_cb	32	static
/home/t/asset-tracker-template/nrf/applications/nrf5340_audio/src/bluetooth/bt_stream/broadcast/broadcast_sink.c:274:13:stream_started_cb	8	static
/home/t/asset-tracker-template/nrf/applications/nrf5340_audio/src/bluetooth/bt_stream/broadcast/broadcast_sink.c:457:13:base_recv_cb	16	static
/home/t/asset-tracker-template/nrf/applications/nrf5340_audio/src/bluetooth/bt_stream/broadcast/broadcast_sink.c:235:13:get_codec_info	16	static
/home/t/asset-tracker-template/nrf/applications/nrf5340_audio/src/bluetooth/bt_stream/broadcast/broadcast_sink.c:404:13:base_subgroup_cb	192	dynamic,bounded
/home/t/asset-tracker-template/nrf/applications/nrf5340_audio/src/bluetooth/bt_stream/broadcast/broadcast_sink.c:363:13:bis_per_subgroup_parse	144	static
/home/t/asset-tracker-template/nrf/applications/nrf5340_audio/src/bluetooth/bt_stream/broadcast/broadcast_sink.c:499:13:syncable_cb.part.0	24	static
/home/t/asset-tracker-template/nrf/applications/nrf5340_audio/src/bluetooth/bt_stream/broadcast/broadcast_sink.c:499:13:syncable_cb	0	static
/home/t/asset-tracker-template/nrf/applications/nrf5340_audio/src/bluetooth/bt_stream/broadcast/broadcast_sink.c:207:13:bis_cleanup_worker	8	static
/home/t/asset-tracker-template/nrf/applications/nrf5340_audio/src/bluetooth/bt_stream/broadcast/broadcast_sink.c:129:5:broadcast_sink_uuid_populate	8	static
/home/t/asset-tracker-template/nrf/applications/nrf5340_audio/src/bluetooth/bt_stream/broadcast/broadcast_sink.c:142:5:broadcast_sink_adv_populate	32	static
/home/t/asset-tracker-template/nrf/applications/nrf5340_audio/src/bluetooth/bt_stream/broadcast/broadcast_sink.c:567:5:le_audio_concurrent_sync_num_get	8	static
/home/t/asset-tracker-template/nrf/applications/nrf5340_audio/src/bluetooth/bt_stream/broadcast/broadcast_sink.c:586:5:broadcast_sink_config_get	8	static
/home/t/asset-tracker-template/nrf/applications/nrf5340_audio/src/bluetooth/bt_stream/broadcast/broadcast_sink.c:610:5:broadcast_sink_pa_sync_set	24	static
/home/t/asset-tracker-template/nrf/applications/nrf5340_audio/src/bluetooth/bt_stream/broadcast/broadcast_sink.c:649:5:broadcast_sink_broadcast_code_set	8	static
/home/t/asset-tracker-template/nrf/applications/nrf5340_audio/src/bluetooth/bt_stream/broadcast/broadcast_sink.c:662:5:broadcast_sink_start	8	static
/home/t/asset-tracker-template/nrf/applications/nrf5340_audio/src/bluetooth/bt_stream/broadcast/broadcast_sink.c:673:5:broadcast_sink_stop	16	static
/home/t/asset-tracker-template/nrf/applications/nrf5340_audio/src/bluetooth/bt_stream/broadcast/broadcast_sink.c:697:5:broadcast_sink_disable	16	static
/home/t/asset-tracker-template/nrf/applications/nrf5340_audio/src/bluetooth/bt_stream/broadcast/broadcast_sink.c:727:5:broadcast_sink_enable	24	static
