/home/t/asset-tracker-template/zephyr/drivers/usb/udc/udc_nrf.c:1691:12:udc_nrf_host_wakeup	0	static
/home/t/asset-tracker-template/zephyr/drivers/usb/udc/udc_nrf.c:1633:12:udc_nrf_ep_set_halt	8	static
/home/t/asset-tracker-template/zephyr/drivers/usb/udc/udc_nrf.c:1187:13:udc_event_xfer_ctrl_in	16	static
/home/t/asset-tracker-template/zephyr/drivers/usb/udc/udc_nrf.c:1797:12:udc_nrf_driver_init	80	static
/home/t/asset-tracker-template/zephyr/drivers/usb/udc/udc_nrf.c:1870:13:udc_nrf_unlock	0	static
/home/t/asset-tracker-template/zephyr/drivers/usb/udc/udc_nrf.c:1787:12:udc_nrf_shutdown	8	static
/home/t/asset-tracker-template/zephyr/drivers/usb/udc/udc_nrf.c:1760:12:udc_nrf_init	16	static
/home/t/asset-tracker-template/zephyr/drivers/usb/udc/udc_nrf.c:1541:13:udc_nrf_power_handler	8	static
/home/t/asset-tracker-template/zephyr/drivers/usb/udc/udc_nrf.c:269:23:ep2bit.part.0	8	static
/home/t/asset-tracker-template/zephyr/drivers/usb/udc/udc_nrf.c:1140:13:nrf_usbd_legacy_ep_dtoggle_clear.part.0	8	static
/home/t/asset-tracker-template/zephyr/drivers/usb/udc/udc_nrf.c:1659:12:udc_nrf_set_address	8	static
/home/t/asset-tracker-template/zephyr/drivers/usb/udc/udc_nrf.c:1703:12:udc_nrf_enable	40	static
/home/t/asset-tracker-template/zephyr/drivers/usb/udc/udc_nrf.c:1865:13:udc_nrf_lock	0	static
/home/t/asset-tracker-template/zephyr/drivers/usb/udc/udc_nrf.c:1561:12:udc_nrf_ep_enqueue	16	static
/home/t/asset-tracker-template/zephyr/drivers/usb/udc/udc_nrf.c:1056:13:nrf_usbd_start_transfer	16	static
/home/t/asset-tracker-template/zephyr/drivers/usb/udc/udc_nrf.c:1171:13:udc_event_xfer_in_next	16	static
/home/t/asset-tracker-template/zephyr/drivers/usb/udc/udc_nrf.c:1267:13:udc_event_xfer_out_next	16	static
/home/t/asset-tracker-template/zephyr/drivers/usb/udc/udc_nrf.c:1529:13:udc_nrf_thread	64	static
/home/t/asset-tracker-template/zephyr/drivers/usb/udc/udc_nrf.c:1130:13:nrf_usbd_legacy_ep_stall_clear	8	static
/home/t/asset-tracker-template/zephyr/drivers/usb/udc/udc_nrf.c:1648:12:udc_nrf_ep_clear_halt	8	static
/home/t/asset-tracker-template/zephyr/drivers/usb/udc/udc_nrf.c:1602:12:udc_nrf_ep_enable	8	static
/home/t/asset-tracker-template/zephyr/drivers/usb/udc/udc_nrf.c:329:20:usbd_ep_abort	24	static
/home/t/asset-tracker-template/zephyr/drivers/usb/udc/udc_nrf.c:1735:12:udc_nrf_disable	24	static
/home/t/asset-tracker-template/zephyr/drivers/usb/udc/udc_nrf.c:1623:12:udc_nrf_ep_disable	8	static
/home/t/asset-tracker-template/zephyr/drivers/usb/udc/udc_nrf.c:1583:12:udc_nrf_ep_dequeue	16	static
/home/t/asset-tracker-template/zephyr/drivers/usb/udc/udc_nrf.c:740:13:nrf_usbd_irq_handler	80	static
