/home/t/asset-tracker-template/zephyr/drivers/usb/udc/udc_common.c:41:20:udc_pool_data_unref	8	static
/home/t/asset-tracker-template/zephyr/drivers/usb/udc/udc_common.c:24:24:udc_pool_data_alloc	24	static
/home/t/asset-tracker-template/zephyr/drivers/usb/udc/udc_common.c:655:20:udc_buf_destroy	16	static
/home/t/asset-tracker-template/zephyr/include/zephyr/drivers/usb/udc.h:708:36:udc_get_buf_info.part.0	8	static
/home/t/asset-tracker-template/zephyr/drivers/usb/udc/udc_common.c:209:13:ep_check_config.part.0.isra	0	static
/home/t/asset-tracker-template/zephyr/drivers/usb/udc/udc_common.c:63:6:udc_set_suspended	56	dynamic,bounded
/home/t/asset-tracker-template/zephyr/drivers/usb/udc/udc_common.c:74:23:udc_get_ep_cfg	0	static
/home/t/asset-tracker-template/zephyr/drivers/usb/udc/udc_common.c:81:6:udc_ep_is_busy	0	static
/home/t/asset-tracker-template/zephyr/drivers/usb/udc/udc_common.c:86:6:udc_ep_set_busy	0	static
/home/t/asset-tracker-template/zephyr/drivers/usb/udc/udc_common.c:91:5:udc_register_ep	8	static
/home/t/asset-tracker-template/zephyr/drivers/usb/udc/udc_common.c:109:17:udc_buf_get	0	static
/home/t/asset-tracker-template/zephyr/drivers/usb/udc/udc_common.c:114:17:udc_buf_get_all	16	static
/home/t/asset-tracker-template/zephyr/drivers/usb/udc/udc_common.c:135:17:udc_buf_peek	0	static
/home/t/asset-tracker-template/zephyr/drivers/usb/udc/udc_common.c:140:6:udc_buf_put	0	static
/home/t/asset-tracker-template/zephyr/drivers/usb/udc/udc_common.c:146:6:udc_ep_buf_set_setup	8	static
/home/t/asset-tracker-template/zephyr/drivers/usb/udc/udc_common.c:155:6:udc_ep_buf_has_zlp	8	static
/home/t/asset-tracker-template/zephyr/drivers/usb/udc/udc_common.c:162:6:udc_ep_buf_clear_zlp	8	static
/home/t/asset-tracker-template/zephyr/drivers/usb/udc/udc_common.c:169:5:udc_submit_event	24	static
/home/t/asset-tracker-template/zephyr/drivers/usb/udc/udc_common.c:183:5:udc_submit_ep_event	24	static
/home/t/asset-tracker-template/zephyr/drivers/usb/udc/udc_common.c:302:5:udc_ep_try_config	32	static
/home/t/asset-tracker-template/zephyr/drivers/usb/udc/udc_common.c:329:5:udc_ep_enable_internal	24	static
/home/t/asset-tracker-template/zephyr/drivers/usb/udc/udc_common.c:366:5:udc_ep_enable	40	static
/home/t/asset-tracker-template/zephyr/drivers/usb/udc/udc_common.c:394:5:udc_ep_disable_internal	16	static
/home/t/asset-tracker-template/zephyr/drivers/usb/udc/udc_common.c:416:5:udc_ep_disable	16	static
/home/t/asset-tracker-template/zephyr/drivers/usb/udc/udc_common.c:440:5:udc_ep_set_halt	16	static
/home/t/asset-tracker-template/zephyr/drivers/usb/udc/udc_common.c:477:5:udc_ep_clear_halt	24	static
/home/t/asset-tracker-template/zephyr/drivers/usb/udc/udc_common.c:539:5:udc_ep_enqueue	16	static
/home/t/asset-tracker-template/zephyr/drivers/usb/udc/udc_common.c:582:5:udc_ep_dequeue	16	static
/home/t/asset-tracker-template/zephyr/drivers/usb/udc/udc_common.c:621:17:udc_ep_buf_alloc	32	static
/home/t/asset-tracker-template/zephyr/drivers/usb/udc/udc_common.c:647:17:udc_ctrl_alloc	0	static
/home/t/asset-tracker-template/zephyr/drivers/usb/udc/udc_common.c:662:5:udc_ep_buf_free	16	static
/home/t/asset-tracker-template/zephyr/drivers/usb/udc/udc_common.c:674:20:udc_device_speed	16	static
/home/t/asset-tracker-template/zephyr/drivers/usb/udc/udc_common.c:698:5:udc_enable	24	static
/home/t/asset-tracker-template/zephyr/drivers/usb/udc/udc_common.c:729:5:udc_disable	16	static
/home/t/asset-tracker-template/zephyr/drivers/usb/udc/udc_common.c:751:5:udc_init	24	static
/home/t/asset-tracker-template/zephyr/drivers/usb/udc/udc_common.c:783:5:udc_shutdown	16	static
/home/t/asset-tracker-template/zephyr/drivers/usb/udc/udc_common.c:864:5:udc_ctrl_submit_s_out_status	24	static
/home/t/asset-tracker-template/zephyr/drivers/usb/udc/udc_common.c:883:5:udc_ctrl_submit_s_in_status	24	static
/home/t/asset-tracker-template/zephyr/drivers/usb/udc/udc_common.c:902:5:udc_ctrl_submit_s_status	24	static
/home/t/asset-tracker-template/zephyr/drivers/usb/udc/udc_common.c:917:5:udc_ctrl_submit_status	8	static
/home/t/asset-tracker-template/zephyr/drivers/usb/udc/udc_common.c:927:6:udc_ctrl_stage_is_data_out	0	static
/home/t/asset-tracker-template/zephyr/drivers/usb/udc/udc_common.c:934:6:udc_ctrl_stage_is_data_in	0	static
/home/t/asset-tracker-template/zephyr/drivers/usb/udc/udc_common.c:941:6:udc_ctrl_stage_is_status_out	0	static
/home/t/asset-tracker-template/zephyr/drivers/usb/udc/udc_common.c:948:6:udc_ctrl_stage_is_status_in	0	static
/home/t/asset-tracker-template/zephyr/drivers/usb/udc/udc_common.c:955:6:udc_ctrl_stage_is_no_data	0	static
/home/t/asset-tracker-template/zephyr/drivers/usb/udc/udc_common.c:969:6:udc_ctrl_update_stage	64	dynamic,bounded
