/home/t/asset-tracker-template/modules/crypto/oberon-psa-crypto/oberon/drivers/oberon_rsa.c:51:21:oberon_parse_length	12	static
/home/t/asset-tracker-template/modules/crypto/oberon-psa-crypto/oberon/drivers/oberon_rsa.c:75:21:oberon_parse_integer	32	static
/home/t/asset-tracker-template/modules/crypto/oberon-psa-crypto/oberon/drivers/oberon_rsa.c:123:21:oberon_parse_rsa_key	56	static
/home/t/asset-tracker-template/modules/crypto/oberon-psa-crypto/oberon/drivers/oberon_rsa.c:217:14:oberon_export_rsa_public_key	72	static
/home/t/asset-tracker-template/modules/crypto/oberon-psa-crypto/oberon/drivers/oberon_rsa.c:259:14:oberon_import_rsa_key	80	static
/home/t/asset-tracker-template/modules/crypto/oberon-psa-crypto/oberon/drivers/oberon_rsa.c:849:14:oberon_rsa_sign_hash	8	static
/home/t/asset-tracker-template/modules/crypto/oberon-psa-crypto/oberon/drivers/oberon_rsa.c:915:14:oberon_rsa_verify_hash	8	static
/home/t/asset-tracker-template/modules/crypto/oberon-psa-crypto/oberon/drivers/oberon_rsa.c:978:14:oberon_rsa_encrypt	0	static
/home/t/asset-tracker-template/modules/crypto/oberon-psa-crypto/oberon/drivers/oberon_rsa.c:1045:14:oberon_rsa_decrypt	0	static
