/home/t/asset-tracker-template/zephyr/subsys/bluetooth/audio/bap_base.c:591:13:base_subgroup_bis_cb	0	static
/home/t/asset-tracker-template/zephyr/subsys/bluetooth/audio/bap_base.c:104:37:base_pull_subgroup.constprop	24	static
/home/t/asset-tracker-template/zephyr/subsys/bluetooth/audio/bap_base.c:172:27:bt_bap_base_get_base_from_ad	40	static
/home/t/asset-tracker-template/zephyr/subsys/bluetooth/audio/bap_base.c:238:5:bt_bap_base_get_size	48	static
/home/t/asset-tracker-template/zephyr/subsys/bluetooth/audio/bap_base.c:290:5:bt_bap_base_get_pres_delay	24	static
/home/t/asset-tracker-template/zephyr/subsys/bluetooth/audio/bap_base.c:307:5:bt_bap_base_get_subgroup_count	24	static
/home/t/asset-tracker-template/zephyr/subsys/bluetooth/audio/bap_base.c:325:5:bt_bap_base_foreach_subgroup	40	static
/home/t/asset-tracker-template/zephyr/subsys/bluetooth/audio/bap_base.c:368:5:bt_bap_base_get_subgroup_codec_id	32	static
/home/t/asset-tracker-template/zephyr/subsys/bluetooth/audio/bap_base.c:392:5:bt_bap_base_get_subgroup_codec_data	32	static
/home/t/asset-tracker-template/zephyr/subsys/bluetooth/audio/bap_base.c:416:5:bt_bap_base_get_subgroup_codec_meta	32	static
/home/t/asset-tracker-template/zephyr/subsys/bluetooth/audio/bap_base.c:443:5:bt_bap_base_subgroup_codec_to_codec_cfg	32	static
/home/t/asset-tracker-template/zephyr/subsys/bluetooth/audio/bap_base.c:499:5:bt_bap_base_get_subgroup_bis_count	24	static
/home/t/asset-tracker-template/zephyr/subsys/bluetooth/audio/bap_base.c:514:5:bt_bap_base_subgroup_foreach_bis	48	static
/home/t/asset-tracker-template/zephyr/subsys/bluetooth/audio/bap_base.c:600:13:base_subgroup_cb	8	static
/home/t/asset-tracker-template/zephyr/subsys/bluetooth/audio/bap_base.c:563:5:bt_bap_base_subgroup_bis_codec_to_codec_cfg	8	static
/home/t/asset-tracker-template/zephyr/subsys/bluetooth/audio/bap_base.c:612:5:bt_bap_base_subgroup_get_bis_indexes	0	static
/home/t/asset-tracker-template/zephyr/subsys/bluetooth/audio/bap_base.c:632:5:bt_bap_base_get_bis_indexes	40	static
