/home/t/asset-tracker-template/zephyr/subsys/bluetooth/audio/bap_scan_delegator.c:1236:13:recv_state_cfg_changed	0	static
/home/t/asset-tracker-template/zephyr/subsys/bluetooth/audio/bap_scan_delegator.c:97:13:set_receive_state_changed_cb	56	static
/home/t/asset-tracker-template/zephyr/subsys/bluetooth/audio/bap_scan_delegator.c:400:41:bass_lookup_state	48	static
/home/t/asset-tracker-template/zephyr/subsys/bluetooth/audio/bap_scan_delegator.c:339:13:scan_delegator_security_changed	8	static
/home/t/asset-tracker-template/zephyr/subsys/bluetooth/audio/bap_scan_delegator.c:247:13:net_buf_put_recv_state.part.0	24	static
/home/t/asset-tracker-template/zephyr/subsys/bluetooth/audio/bap_scan_delegator.c:1242:16:read_recv_state	64	static
/home/t/asset-tracker-template/zephyr/subsys/bluetooth/audio/bap_scan_delegator.c:484:12:pa_sync_request.part.0	8	static
/home/t/asset-tracker-template/zephyr/subsys/bluetooth/audio/bap_scan_delegator.c:327:13:bis_sync_request_updated.part.0	0	static
/home/t/asset-tracker-template/zephyr/subsys/bluetooth/audio/bap_scan_delegator.c:206:13:receive_state_notify_cb	88	static
/home/t/asset-tracker-template/zephyr/subsys/bluetooth/audio/bap_scan_delegator.c:306:13:notify_work_handler	16	static
/home/t/asset-tracker-template/zephyr/subsys/bluetooth/audio/bap_scan_delegator.c:741:12:scan_delegator_mod_src	288	static
/home/t/asset-tracker-template/zephyr/subsys/bluetooth/audio/bap_scan_delegator.c:1049:12:scan_delegator_rem_src	24	static
/home/t/asset-tracker-template/zephyr/subsys/bluetooth/audio/bap_scan_delegator.c:1138:16:write_control_point	72	static
/home/t/asset-tracker-template/zephyr/subsys/bluetooth/audio/bap_scan_delegator.c:1336:5:bt_bap_scan_delegator_register	24	static
/home/t/asset-tracker-template/zephyr/subsys/bluetooth/audio/bap_scan_delegator.c:1379:5:bt_bap_scan_delegator_unregister	8	static
/home/t/asset-tracker-template/zephyr/subsys/bluetooth/audio/bap_scan_delegator.c:1401:5:bt_bap_scan_delegator_set_pa_state	16	static
/home/t/asset-tracker-template/zephyr/subsys/bluetooth/audio/bap_scan_delegator.c:1440:5:bt_bap_scan_delegator_set_bis_sync_state	24	static
/home/t/asset-tracker-template/zephyr/subsys/bluetooth/audio/bap_scan_delegator.c:1580:5:bt_bap_scan_delegator_add_src	24	static
/home/t/asset-tracker-template/zephyr/subsys/bluetooth/audio/bap_scan_delegator.c:1695:5:bt_bap_scan_delegator_mod_src	56	static
/home/t/asset-tracker-template/zephyr/subsys/bluetooth/audio/bap_scan_delegator.c:1806:5:bt_bap_scan_delegator_rem_src	32	static
/home/t/asset-tracker-template/zephyr/subsys/bluetooth/audio/bap_scan_delegator.c:1819:6:bt_bap_scan_delegator_foreach_state	4	static
/home/t/asset-tracker-template/zephyr/subsys/bluetooth/audio/bap_scan_delegator.c:1857:1:bt_bap_scan_delegator_find_state	8	static
/home/t/asset-tracker-template/zephyr/subsys/bluetooth/audio/bap_scan_delegator.c:1870:48:bt_bap_scan_delegator_lookup_src_id	0	static
