/home/t/asset-tracker-template/modules/hal/nordic/nrfx/drivers/src/nrfx_clock.c:62:13:hfclk_event_handler	0	static
/home/t/asset-tracker-template/modules/hal/nordic/nrfx/drivers/src/nrfx_clock.c:76:13:lfclk_event_handler	0	static
/home/t/asset-tracker-template/modules/hal/nordic/nrfx/drivers/src/nrfx_clock.c:83:13:hfclk192m_event_handler	0	static
/home/t/asset-tracker-template/modules/hal/nordic/nrfx/drivers/src/nrfx_clock.c:97:13:hfclkaudio_event_handler	0	static
/home/t/asset-tracker-template/modules/hal/nordic/nrfx/drivers/src/nrfx_clock.c:103:5:nrfx_clock_init	8	static
/home/t/asset-tracker-template/modules/hal/nordic/nrfx/drivers/src/nrfx_clock.c:175:6:nrfx_clock_enable	8	static
/home/t/asset-tracker-template/modules/hal/nordic/nrfx/drivers/src/nrfx_clock.c:188:6:nrfx_clock_disable	8	static
/home/t/asset-tracker-template/modules/hal/nordic/nrfx/drivers/src/nrfx_clock.c:228:6:nrfx_clock_uninit	8	static
/home/t/asset-tracker-template/modules/hal/nordic/nrfx/drivers/src/nrfx_clock.c:254:6:nrfx_clock_init_check	0	static
/home/t/asset-tracker-template/modules/hal/nordic/nrfx/drivers/src/nrfx_clock.c:259:6:nrfx_clock_start	8	static
/home/t/asset-tracker-template/modules/hal/nordic/nrfx/drivers/src/nrfx_clock.c:297:6:nrfx_clock_stop	8	static
/home/t/asset-tracker-template/modules/hal/nordic/nrfx/drivers/src/nrfx_clock.c:362:5:nrfx_clock_divider_set	8	static
/home/t/asset-tracker-template/modules/hal/nordic/nrfx/drivers/src/nrfx_clock.c:383:6:nrfx_clock_irq_handler	8	static
