/home/t/asset-tracker-template/modules/hal/nordic/nrfx/drivers/src/nrfx_nvmc.c:124:17:partial_word_create.part.0	8	static
/home/t/asset-tracker-template/modules/hal/nordic/nrfx/drivers/src/nrfx_nvmc.c:468:10:nrfx_nvmc_otp_halfword_read.part.0	8	static
/home/t/asset-tracker-template/modules/hal/nordic/nrfx/drivers/src/nrfx_nvmc.c:207:5:nrfx_nvmc_page_erase	8	static
/home/t/asset-tracker-template/modules/hal/nordic/nrfx/drivers/src/nrfx_nvmc.c:225:5:nrfx_nvmc_uicr_erase	0	static
/home/t/asset-tracker-template/modules/hal/nordic/nrfx/drivers/src/nrfx_nvmc.c:239:6:nrfx_nvmc_all_erase	0	static
/home/t/asset-tracker-template/modules/hal/nordic/nrfx/drivers/src/nrfx_nvmc.c:249:5:nrfx_nvmc_page_partial_erase_init	8	static
/home/t/asset-tracker-template/modules/hal/nordic/nrfx/drivers/src/nrfx_nvmc.c:265:6:nrfx_nvmc_page_partial_erase_continue	16	static
/home/t/asset-tracker-template/modules/hal/nordic/nrfx/drivers/src/nrfx_nvmc.c:295:6:nrfx_nvmc_fits_memory_check	0	static
/home/t/asset-tracker-template/modules/hal/nordic/nrfx/drivers/src/nrfx_nvmc.c:315:6:nrfx_nvmc_fits_uicr_check	0	static
/home/t/asset-tracker-template/modules/hal/nordic/nrfx/drivers/src/nrfx_nvmc.c:327:6:nrfx_nvmc_byte_writable_check	8	static
/home/t/asset-tracker-template/modules/hal/nordic/nrfx/drivers/src/nrfx_nvmc.c:335:6:nrfx_nvmc_halfword_writable_check	8	static
/home/t/asset-tracker-template/modules/hal/nordic/nrfx/drivers/src/nrfx_nvmc.c:353:6:nrfx_nvmc_word_writable_check	8	static
/home/t/asset-tracker-template/modules/hal/nordic/nrfx/drivers/src/nrfx_nvmc.c:381:6:nrfx_nvmc_word_write	8	static
/home/t/asset-tracker-template/modules/hal/nordic/nrfx/drivers/src/nrfx_nvmc.c:362:6:nrfx_nvmc_byte_write	16	static
/home/t/asset-tracker-template/modules/hal/nordic/nrfx/drivers/src/nrfx_nvmc.c:371:6:nrfx_nvmc_halfword_write	16	static
/home/t/asset-tracker-template/modules/hal/nordic/nrfx/drivers/src/nrfx_nvmc.c:393:6:nrfx_nvmc_bytes_write	32	static
/home/t/asset-tracker-template/modules/hal/nordic/nrfx/drivers/src/nrfx_nvmc.c:455:6:nrfx_nvmc_words_write	8	static
/home/t/asset-tracker-template/modules/hal/nordic/nrfx/drivers/src/nrfx_nvmc.c:468:10:nrfx_nvmc_otp_halfword_read	8	static
/home/t/asset-tracker-template/modules/hal/nordic/nrfx/drivers/src/nrfx_nvmc.c:479:10:nrfx_nvmc_flash_size_get	0	static
/home/t/asset-tracker-template/modules/hal/nordic/nrfx/drivers/src/nrfx_nvmc.c:484:10:nrfx_nvmc_flash_page_size_get	0	static
/home/t/asset-tracker-template/modules/hal/nordic/nrfx/drivers/src/nrfx_nvmc.c:489:10:nrfx_nvmc_flash_page_count_get	0	static
