/home/t/asset-tracker-template/modules/fs/fatfs/ff.c:3220:12:get_ldnumber	16	static
/home/t/asset-tracker-template/modules/fs/fatfs/ff.c:3695:16:validate	16	static
/home/t/asset-tracker-template/modules/fs/fatfs/ff.c:1057:16:sync_window	16	static
/home/t/asset-tracker-template/modules/fs/fatfs/ff.c:1675:16:dir_clear	24	static
/home/t/asset-tracker-template/modules/fs/fatfs/ff.c:2199:13:init_alloc_info	0	static
/home/t/asset-tracker-template/modules/fs/fatfs/ff.c:2653:13:get_fileinfo	32	static
/home/t/asset-tracker-template/modules/fs/fatfs/ff.c:1079:16:move_window	16	static
/home/t/asset-tracker-template/modules/fs/fatfs/ff.c:1359:16:change_bitmap	32	static
/home/t/asset-tracker-template/modules/fs/fatfs/ff.c:1254:16:put_fat.part.0	32	static
/home/t/asset-tracker-template/modules/fs/fatfs/ff.c:1418:16:fill_last_frag	16	static
/home/t/asset-tracker-template/modules/fs/fatfs/ff.c:1395:16:fill_first_frag	24	static
/home/t/asset-tracker-template/modules/fs/fatfs/ff.c:1176:14:get_fat	24	static
/home/t/asset-tracker-template/modules/fs/fatfs/ff.c:1714:16:dir_sdi	24	static
/home/t/asset-tracker-template/modules/fs/fatfs/ff.c:1444:16:remove_chain	32	static
/home/t/asset-tracker-template/modules/fs/fatfs/ff.c:1539:14:create_chain	32	static
/home/t/asset-tracker-template/modules/fs/fatfs/ff.c:1762:16:dir_next	32	static
/home/t/asset-tracker-template/modules/fs/fatfs/ff.c:1823:16:dir_alloc	32	static
/home/t/asset-tracker-template/modules/fs/fatfs/ff.c:2607:16:dir_remove	32	static
/home/t/asset-tracker-template/modules/fs/fatfs/ff.c:2147:16:load_xdir	24	static
/home/t/asset-tracker-template/modules/fs/fatfs/ff.c:2254:16:store_xdir	32	static
/home/t/asset-tracker-template/modules/fs/fatfs/ff.c:2334:16:dir_read.constprop	32	static
/home/t/asset-tracker-template/modules/fs/fatfs/ff.c:2412:16:dir_find	64	static
/home/t/asset-tracker-template/modules/fs/fatfs/ff.c:3101:16:follow_path	56	static
/home/t/asset-tracker-template/modules/fs/fatfs/ff.c:1110:16:sync_fs	16	static
/home/t/asset-tracker-template/modules/fs/fatfs/ff.c:3367:13:check_fs	16	static
/home/t/asset-tracker-template/modules/fs/fatfs/ff.c:3461:16:mount_volume	40	static
/home/t/asset-tracker-template/modules/fs/fatfs/ff.c:2494:16:dir_register	136	static
/home/t/asset-tracker-template/modules/fs/fatfs/ff.c:3739:9:f_mount	24	static
/home/t/asset-tracker-template/modules/fs/fatfs/ff.c:3799:9:f_open	1248	static
/home/t/asset-tracker-template/modules/fs/fatfs/ff.c:3996:9:f_read	56	static
/home/t/asset-tracker-template/modules/fs/fatfs/ff.c:4097:9:f_write	56	static
/home/t/asset-tracker-template/modules/fs/fatfs/ff.c:4218:9:f_sync	1216	static
/home/t/asset-tracker-template/modules/fs/fatfs/ff.c:4299:9:f_close	16	static
/home/t/asset-tracker-template/modules/fs/fatfs/ff.c:4555:9:f_lseek	56	static
/home/t/asset-tracker-template/modules/fs/fatfs/ff.c:4719:9:f_opendir	1152	static
/home/t/asset-tracker-template/modules/fs/fatfs/ff.c:4781:9:f_closedir	8	static
/home/t/asset-tracker-template/modules/fs/fatfs/ff.c:4811:9:f_readdir	1136	static
/home/t/asset-tracker-template/modules/fs/fatfs/ff.c:4902:9:f_stat	1224	static
/home/t/asset-tracker-template/modules/fs/fatfs/ff.c:4939:9:f_getfree	104	static
/home/t/asset-tracker-template/modules/fs/fatfs/ff.c:5036:9:f_truncate	16	static
/home/t/asset-tracker-template/modules/fs/fatfs/ff.c:5087:9:f_unlink	1360	static
/home/t/asset-tracker-template/modules/fs/fatfs/ff.c:5176:9:f_mkdir	1296	static
/home/t/asset-tracker-template/modules/fs/fatfs/ff.c:5261:9:f_rename	1392	static
/home/t/asset-tracker-template/modules/fs/fatfs/ff.c:6043:9:f_mkfs	152	static
