/home/t/asset-tracker-template/zephyr/subsys/bluetooth/host/conn.c:830:13:acl_has_data	0	static
/home/t/asset-tracker-template/zephyr/subsys/bluetooth/host/conn.c:158:13:frag_destroy	8	static
/home/t/asset-tracker-template/zephyr/subsys/bluetooth/host/conn.c:1965:13:notify_connected	24	static
/home/t/asset-tracker-template/zephyr/subsys/bluetooth/host/conn.c:3008:12:bt_conn_get_tx_power_level	32	static
/home/t/asset-tracker-template/zephyr/include/zephyr/kernel.h:836:23:k_current_get.part.0	8	static
/home/t/asset-tracker-template/zephyr/subsys/bluetooth/host/conn.c:76:13:conn_tx_destroy.part.0	8	static
/home/t/asset-tracker-template/zephyr/subsys/bluetooth/host/conn.c:1007:13:acl_get_and_clear_cb	8	static
/home/t/asset-tracker-template/zephyr/subsys/bluetooth/host/conn.c:1488:13:recycled_work_handler	24	static
/home/t/asset-tracker-template/zephyr/subsys/bluetooth/host/conn.c:1784:13:perform_auto_initiated_procedures.part.0	24	static
/home/t/asset-tracker-template/zephyr/subsys/bluetooth/host/conn.c:1784:13:perform_auto_initiated_procedures	0	static
/home/t/asset-tracker-template/zephyr/subsys/bluetooth/host/conn.c:292:13:tx_notify_process	32	static
/home/t/asset-tracker-template/zephyr/subsys/bluetooth/host/conn.c:1642:13:tx_complete_work	0	static
/home/t/asset-tracker-template/zephyr/subsys/bluetooth/host/conn.c:208:5:bt_conn_iso_init	16	static
/home/t/asset-tracker-template/zephyr/subsys/bluetooth/host/conn.c:218:15:bt_conn_get_pkts	0	static
/home/t/asset-tracker-template/zephyr/subsys/bluetooth/host/conn.c:340:6:bt_conn_tx_notify	56	static
/home/t/asset-tracker-template/zephyr/subsys/bluetooth/host/conn.c:363:17:bt_conn_new	8	static
/home/t/asset-tracker-template/zephyr/subsys/bluetooth/host/conn.c:391:6:bt_conn_reset_rx_state	8	static
/home/t/asset-tracker-template/zephyr/subsys/bluetooth/host/conn.c:492:6:bt_conn_recv	32	static
/home/t/asset-tracker-template/zephyr/subsys/bluetooth/host/conn.c:1462:17:bt_conn_ref	8	static
/home/t/asset-tracker-template/zephyr/subsys/bluetooth/host/conn.c:1498:6:bt_conn_unref	8	static
/home/t/asset-tracker-template/zephyr/subsys/bluetooth/host/conn.c:878:6:bt_conn_data_ready	8	static
/home/t/asset-tracker-template/zephyr/subsys/bluetooth/host/conn.c:1162:6:bt_conn_set_state	104	dynamic,bounded
/home/t/asset-tracker-template/zephyr/subsys/bluetooth/host/conn.c:811:13:conn_destroy	8	static
/home/t/asset-tracker-template/zephyr/subsys/bluetooth/host/conn.c:1408:6:bt_conn_foreach	24	static
/home/t/asset-tracker-template/zephyr/subsys/bluetooth/host/conn.c:823:6:bt_conn_cleanup_all	0	static
/home/t/asset-tracker-template/zephyr/subsys/bluetooth/host/conn.c:1367:17:bt_conn_lookup_handle	24	static
/home/t/asset-tracker-template/zephyr/subsys/bluetooth/host/conn.c:1403:17:bt_hci_conn_lookup_handle	0	static
/home/t/asset-tracker-template/zephyr/subsys/bluetooth/host/conn.c:1865:13:auto_initiated_procedures	8	static
/home/t/asset-tracker-template/zephyr/subsys/bluetooth/host/conn.c:1543:9:bt_conn_index	8	static
/home/t/asset-tracker-template/zephyr/subsys/bluetooth/host/conn.c:1580:17:bt_conn_create_pdu_timeout	24	static
/home/t/asset-tracker-template/zephyr/subsys/bluetooth/host/conn.c:1880:6:bt_conn_connected	8	static
/home/t/asset-tracker-template/zephyr/subsys/bluetooth/host/conn.c:1920:5:bt_conn_disconnect	8	static
/home/t/asset-tracker-template/zephyr/subsys/bluetooth/host/conn.c:1031:6:bt_conn_tx_processor	96	dynamic,bounded
/home/t/asset-tracker-template/zephyr/subsys/bluetooth/host/conn.c:2021:6:bt_conn_notify_le_param_updated	32	static
/home/t/asset-tracker-template/zephyr/subsys/bluetooth/host/conn.c:2085:6:bt_conn_le_param_req	32	static
/home/t/asset-tracker-template/zephyr/subsys/bluetooth/host/conn.c:2475:6:bt_conn_ltk_present	8	static
/home/t/asset-tracker-template/zephyr/subsys/bluetooth/host/conn.c:2494:6:bt_conn_identity_resolved	32	static
/home/t/asset-tracker-template/zephyr/subsys/bluetooth/host/conn.c:2517:5:bt_conn_le_start_encryption	32	static
/home/t/asset-tracker-template/zephyr/subsys/bluetooth/host/conn.c:2547:9:bt_conn_enc_key_size	0	static
/home/t/asset-tracker-template/zephyr/subsys/bluetooth/host/conn.c:2587:6:bt_conn_security_changed	32	static
/home/t/asset-tracker-template/zephyr/subsys/bluetooth/host/conn.c:2637:5:bt_conn_set_security	8	static
/home/t/asset-tracker-template/zephyr/subsys/bluetooth/host/conn.c:2680:15:bt_conn_get_security	0	static
/home/t/asset-tracker-template/zephyr/subsys/bluetooth/host/conn.c:2698:5:bt_conn_cb_register	4	static
/home/t/asset-tracker-template/zephyr/subsys/bluetooth/host/conn.c:2709:5:bt_conn_cb_unregister	0	static
/home/t/asset-tracker-template/zephyr/subsys/bluetooth/host/conn.c:2745:17:bt_conn_add_le	24	static
/home/t/asset-tracker-template/zephyr/subsys/bluetooth/host/conn.c:2769:6:bt_conn_is_peer_addr_le	16	static
/home/t/asset-tracker-template/zephyr/subsys/bluetooth/host/conn.c:2789:17:bt_conn_lookup_addr_le	8	static
/home/t/asset-tracker-template/zephyr/subsys/bluetooth/host/conn.c:2724:6:bt_conn_exists_le	64	dynamic,bounded
/home/t/asset-tracker-template/zephyr/subsys/bluetooth/host/conn.c:2816:17:bt_conn_lookup_state_le	16	static
/home/t/asset-tracker-template/zephyr/subsys/bluetooth/host/conn.c:2849:21:bt_conn_get_dst	0	static
/home/t/asset-tracker-template/zephyr/subsys/bluetooth/host/conn.c:2881:5:bt_conn_get_info	16	static
/home/t/asset-tracker-template/zephyr/subsys/bluetooth/host/conn.c:2958:6:bt_conn_is_type	0	static
/home/t/asset-tracker-template/zephyr/subsys/bluetooth/host/conn.c:2967:5:bt_conn_get_remote_info	0	static
/home/t/asset-tracker-template/zephyr/subsys/bluetooth/host/conn.c:3151:5:bt_conn_le_get_tx_power_level	16	static
/home/t/asset-tracker-template/zephyr/subsys/bluetooth/host/conn.c:4218:5:bt_conn_le_conn_update	16	static
/home/t/asset-tracker-template/zephyr/subsys/bluetooth/host/conn.c:2129:12:send_conn_le_param_update	16	static
/home/t/asset-tracker-template/zephyr/subsys/bluetooth/host/conn.c:2214:13:deferred_work	40	static
/home/t/asset-tracker-template/zephyr/subsys/bluetooth/host/conn.c:3780:5:bt_conn_le_param_update	8	static
/home/t/asset-tracker-template/zephyr/subsys/bluetooth/host/conn.c:4241:5:bt_conn_auth_cb_register	0	static
/home/t/asset-tracker-template/zephyr/subsys/bluetooth/host/conn.c:4269:5:bt_conn_auth_cb_overlay	0	static
/home/t/asset-tracker-template/zephyr/subsys/bluetooth/host/conn.c:4293:5:bt_conn_auth_info_cb_register	4	static
/home/t/asset-tracker-template/zephyr/subsys/bluetooth/host/conn.c:4308:5:bt_conn_auth_info_cb_unregister	0	static
/home/t/asset-tracker-template/zephyr/subsys/bluetooth/host/conn.c:4321:5:bt_conn_auth_passkey_entry	0	static
/home/t/asset-tracker-template/zephyr/subsys/bluetooth/host/conn.c:4361:5:bt_conn_auth_passkey_confirm	0	static
/home/t/asset-tracker-template/zephyr/subsys/bluetooth/host/conn.c:4383:5:bt_conn_auth_cancel	0	static
/home/t/asset-tracker-template/zephyr/subsys/bluetooth/host/conn.c:4405:5:bt_conn_auth_pairing_confirm	0	static
/home/t/asset-tracker-template/zephyr/subsys/bluetooth/host/conn.c:4428:17:bt_conn_lookup_index	0	static
/home/t/asset-tracker-template/zephyr/subsys/bluetooth/host/conn.c:4437:5:bt_conn_init	8	static
