/home/t/asset-tracker-template/zephyr/subsys/bluetooth/host/iso.c:167:13:iso_get_and_clear_cb	0	static
/home/t/asset-tracker-template/zephyr/subsys/bluetooth/host/iso.c:798:13:iso_has_data	0	static
/home/t/asset-tracker-template/zephyr/subsys/bluetooth/host/iso.c:808:24:iso_data_pull	0	static
/home/t/asset-tracker-template/zephyr/subsys/bluetooth/host/iso.c:57:13:iso_rx_buf_destroy	16	static
/home/t/asset-tracker-template/zephyr/subsys/bluetooth/host/iso.c:2707:13:cleanup_big	24	static
/home/t/asset-tracker-template/zephyr/subsys/bluetooth/host/iso.c:459:13:bt_iso_chan_disconnected	16	static
/home/t/asset-tracker-template/zephyr/subsys/bluetooth/host/iso.c:2723:13:big_disconnect	16	static
/home/t/asset-tracker-template/zephyr/subsys/bluetooth/host/iso.c:117:6:hci_iso	24	static
/home/t/asset-tracker-template/zephyr/subsys/bluetooth/host/iso.c:319:5:bt_iso_setup_data_path	32	static
/home/t/asset-tracker-template/zephyr/subsys/bluetooth/host/iso.c:409:5:bt_iso_remove_data_path	24	static
/home/t/asset-tracker-template/zephyr/subsys/bluetooth/host/iso.c:435:6:bt_iso_connected	0	static
/home/t/asset-tracker-template/zephyr/subsys/bluetooth/host/iso.c:532:6:bt_iso_disconnected	0	static
/home/t/asset-tracker-template/zephyr/subsys/bluetooth/host/iso.c:608:6:bt_iso_chan_set_state	0	static
/home/t/asset-tracker-template/zephyr/subsys/bluetooth/host/iso.c:614:5:bt_iso_chan_get_info	4	static
/home/t/asset-tracker-template/zephyr/subsys/bluetooth/host/iso.c:637:17:bt_iso_get_rx	8	static
/home/t/asset-tracker-template/zephyr/subsys/bluetooth/host/iso.c:648:6:bt_iso_buf_rx_freed_cb_set	0	static
/home/t/asset-tracker-template/zephyr/subsys/bluetooth/host/iso.c:653:6:bt_iso_recv	72	dynamic,bounded
/home/t/asset-tracker-template/zephyr/subsys/bluetooth/host/iso.c:2786:5:bt_iso_big_register_cb	4	static
/home/t/asset-tracker-template/zephyr/subsys/bluetooth/host/iso.c:3285:5:bt_iso_big_terminate	24	static
/home/t/asset-tracker-template/zephyr/subsys/bluetooth/host/iso.c:3362:6:hci_le_big_sync_established	40	static
/home/t/asset-tracker-template/zephyr/subsys/bluetooth/host/iso.c:3418:6:hci_le_big_sync_lost	0	static
/home/t/asset-tracker-template/zephyr/subsys/bluetooth/host/iso.c:3484:5:bt_iso_big_sync	88	static
/home/t/asset-tracker-template/zephyr/subsys/bluetooth/host/iso.c:3612:6:bt_iso_reset	8	static
