/home/t/asset-tracker-template/zephyr/subsys/bluetooth/host/settings.c:460:13:do_store_irk	0	static
/home/t/asset-tracker-template/zephyr/subsys/bluetooth/host/settings.c:129:12:set_setting	32	static
/home/t/asset-tracker-template/zephyr/subsys/bluetooth/host/settings.c:241:12:commit_settings	16	static
/home/t/asset-tracker-template/zephyr/subsys/bluetooth/host/settings.c:437:13:do_store_id	56	static
/home/t/asset-tracker-template/zephyr/subsys/bluetooth/host/settings.c:36:6:bt_settings_encode_key	56	static
/home/t/asset-tracker-template/zephyr/subsys/bluetooth/host/settings.c:106:5:bt_settings_decode_key	16	static
/home/t/asset-tracker-template/zephyr/subsys/bluetooth/host/settings.c:297:5:bt_settings_init	8	static
/home/t/asset-tracker-template/zephyr/subsys/bluetooth/host/settings.c:312:13:bt_testing_settings_store_hook	0	static
/home/t/asset-tracker-template/zephyr/subsys/bluetooth/host/settings.c:319:13:bt_testing_settings_delete_hook	0	static
/home/t/asset-tracker-template/zephyr/subsys/bluetooth/host/settings.c:324:5:bt_settings_store	72	static
/home/t/asset-tracker-template/zephyr/subsys/bluetooth/host/settings.c:351:5:bt_settings_delete	72	static
/home/t/asset-tracker-template/zephyr/subsys/bluetooth/host/settings.c:377:5:bt_settings_store_sc	72	static
/home/t/asset-tracker-template/zephyr/subsys/bluetooth/host/settings.c:382:5:bt_settings_delete_sc	64	static
/home/t/asset-tracker-template/zephyr/subsys/bluetooth/host/settings.c:387:5:bt_settings_store_cf	72	static
/home/t/asset-tracker-template/zephyr/subsys/bluetooth/host/settings.c:392:5:bt_settings_delete_cf	64	static
/home/t/asset-tracker-template/zephyr/subsys/bluetooth/host/settings.c:397:5:bt_settings_store_ccc	72	static
/home/t/asset-tracker-template/zephyr/subsys/bluetooth/host/settings.c:402:5:bt_settings_delete_ccc	64	static
/home/t/asset-tracker-template/zephyr/subsys/bluetooth/host/settings.c:407:5:bt_settings_store_hash	56	static
/home/t/asset-tracker-template/zephyr/subsys/bluetooth/host/settings.c:412:5:bt_settings_delete_hash	48	static
/home/t/asset-tracker-template/zephyr/subsys/bluetooth/host/settings.c:417:5:bt_settings_store_name	56	static
/home/t/asset-tracker-template/zephyr/subsys/bluetooth/host/settings.c:422:5:bt_settings_delete_name	48	static
/home/t/asset-tracker-template/zephyr/subsys/bluetooth/host/settings.c:427:5:bt_settings_store_appearance	56	static
/home/t/asset-tracker-template/zephyr/subsys/bluetooth/host/settings.c:432:5:bt_settings_delete_appearance	48	static
/home/t/asset-tracker-template/zephyr/subsys/bluetooth/host/settings.c:448:5:bt_settings_store_id	8	static
/home/t/asset-tracker-template/zephyr/subsys/bluetooth/host/settings.c:455:5:bt_settings_delete_id	48	static
/home/t/asset-tracker-template/zephyr/subsys/bluetooth/host/settings.c:473:5:bt_settings_store_irk	0	static
/home/t/asset-tracker-template/zephyr/subsys/bluetooth/host/settings.c:481:5:bt_settings_delete_irk	48	static
/home/t/asset-tracker-template/zephyr/subsys/bluetooth/host/settings.c:486:5:bt_settings_store_link_key	72	static
/home/t/asset-tracker-template/zephyr/subsys/bluetooth/host/settings.c:491:5:bt_settings_delete_link_key	64	static
/home/t/asset-tracker-template/zephyr/subsys/bluetooth/host/settings.c:496:5:bt_settings_store_keys	72	static
/home/t/asset-tracker-template/zephyr/subsys/bluetooth/host/settings.c:501:5:bt_settings_delete_keys	64	static
