/home/t/asset-tracker-template/modules/crypto/oberon-psa-crypto/library/psa_crypto_slot_management.c:383:21:psa_get_and_lock_key_slot_in_memory	8	static
/home/t/asset-tracker-template/modules/crypto/oberon-psa-crypto/library/psa_crypto_slot_management.c:331:5:psa_is_valid_key_id	0	static
/home/t/asset-tracker-template/modules/crypto/oberon-psa-crypto/library/psa_crypto_slot_management.c:430:14:psa_initialize_key_slots	0	static
/home/t/asset-tracker-template/modules/crypto/oberon-psa-crypto/library/psa_crypto_slot_management.c:451:6:psa_wipe_all_key_slots	24	static
/home/t/asset-tracker-template/modules/crypto/oberon-psa-crypto/library/psa_crypto_slot_management.c:595:14:psa_reserve_free_key_slot	24	static
/home/t/asset-tracker-template/modules/crypto/oberon-psa-crypto/library/psa_crypto_slot_management.c:810:14:psa_get_and_lock_key_slot	24	static
/home/t/asset-tracker-template/modules/crypto/oberon-psa-crypto/library/psa_crypto_slot_management.c:903:14:psa_unregister_read	0	static
/home/t/asset-tracker-template/modules/crypto/oberon-psa-crypto/library/psa_crypto_slot_management.c:937:14:psa_unregister_read_under_mutex	8	static
/home/t/asset-tracker-template/modules/crypto/oberon-psa-crypto/library/psa_crypto_slot_management.c:955:14:psa_validate_key_location	0	static
/home/t/asset-tracker-template/modules/crypto/oberon-psa-crypto/library/psa_crypto_slot_management.c:980:14:psa_validate_key_persistence	0	static
/home/t/asset-tracker-template/modules/crypto/oberon-psa-crypto/library/psa_crypto_slot_management.c:999:14:psa_open_key	0	static
/home/t/asset-tracker-template/modules/crypto/oberon-psa-crypto/library/psa_crypto_slot_management.c:1027:14:psa_close_key	16	static
/home/t/asset-tracker-template/modules/crypto/oberon-psa-crypto/library/psa_crypto_slot_management.c:1068:14:psa_purge_key	16	static
/home/t/asset-tracker-template/modules/crypto/oberon-psa-crypto/library/psa_crypto_slot_management.c:1103:6:mbedtls_psa_get_stats	8	static
