/home/t/asset-tracker-template/zephyr/kernel/msg_q.c:126:19:put_msg_in_queue	48	static
/home/t/asset-tracker-template/zephyr/kernel/msg_q.c:43:6:k_msgq_init	8	static
/home/t/asset-tracker-template/zephyr/kernel/msg_q.c:69:5:z_impl_k_msgq_alloc_init	24	static
/home/t/asset-tracker-template/zephyr/kernel/msg_q.c:106:5:k_msgq_cleanup	8	static
/home/t/asset-tracker-template/zephyr/kernel/msg_q.c:225:5:z_impl_k_msgq_put	16	static
/home/t/asset-tracker-template/zephyr/kernel/msg_q.c:230:5:z_impl_k_msgq_put_front	16	static
/home/t/asset-tracker-template/zephyr/kernel/msg_q.c:256:6:z_impl_k_msgq_get_attrs	0	static
/home/t/asset-tracker-template/zephyr/kernel/msg_q.c:274:5:z_impl_k_msgq_get	40	static
/home/t/asset-tracker-template/zephyr/kernel/msg_q.c:355:5:z_impl_k_msgq_peek	24	static
/home/t/asset-tracker-template/zephyr/kernel/msg_q.c:389:5:z_impl_k_msgq_peek_at	24	static
/home/t/asset-tracker-template/zephyr/kernel/msg_q.c:435:6:z_impl_k_msgq_purge	40	static
