Archive member included to satisfy reference by file (symbol)

app/libapp.a(main.c.obj)      (--whole-archive)
app/libapp.a(flash_map_extended.c.obj)
                              (--whole-archive)
app/libapp.a(os.c.obj)        (--whole-archive)
app/libapp.a(keys.c.obj)      (--whole-archive)
app/libapp.a(io.c.obj)        (--whole-archive)
app/libapp.a(image_validate.c.obj)
                              (--whole-archive)
app/libapp.a(bootutil_find_key.c.obj)
                              (--whole-archive)
app/libapp.a(bootutil_img_hash.c.obj)
                              (--whole-archive)
app/libapp.a(bootutil_img_security_cnt.c.obj)
                              (--whole-archive)
app/libapp.a(mcuboot_manifest.c.obj)
                              (--whole-archive)
app/libapp.a(tlv.c.obj)       (--whole-archive)
app/libapp.a(encrypted.c.obj)
                              (--whole-archive)
app/libapp.a(image_rsa.c.obj)
                              (--whole-archive)
app/libapp.a(image_ecdsa.c.obj)
                              (--whole-archive)
app/libapp.a(image_ed25519.c.obj)
                              (--whole-archive)
app/libapp.a(bootutil_misc.c.obj)
                              (--whole-archive)
app/libapp.a(bootutil_area.c.obj)
                              (--whole-archive)
app/libapp.a(bootutil_loader.c.obj)
                              (--whole-archive)
app/libapp.a(fault_injection_hardening.c.obj)
                              (--whole-archive)
app/libapp.a(loader.c.obj)    (--whole-archive)
app/libapp.a(swap_misc.c.obj)
                              (--whole-archive)
app/libapp.a(caps.c.obj)      (--whole-archive)
app/libapp.a(swap_scratch.c.obj)
                              (--whole-archive)
app/libapp.a(autogen-pubkey.c.obj)
                              (--whole-archive)
app/libapp.a(arm_cortex_m.c.obj)
                              (--whole-archive)
app/libapp.a(nrf_cleanup.c.obj)
                              (--whole-archive)
zephyr/libzephyr.a(validate_libc.c.obj)
                              (--whole-archive)
zephyr/libzephyr.a(heap.c.obj)
                              (--whole-archive)
zephyr/libzephyr.a(cbprintf_packaged.c.obj)
                              (--whole-archive)
zephyr/libzephyr.a(clock.c.obj)
                              (--whole-archive)
zephyr/libzephyr.a(printk.c.obj)
                              (--whole-archive)
zephyr/libzephyr.a(sem.c.obj)
                              (--whole-archive)
zephyr/libzephyr.a(thread_entry.c.obj)
                              (--whole-archive)
zephyr/libzephyr.a(cbprintf_nano.c.obj)
                              (--whole-archive)
zephyr/libzephyr.a(assert.c.obj)
                              (--whole-archive)
zephyr/libzephyr.a(dec.c.obj)
                              (--whole-archive)
zephyr/libzephyr.a(hex.c.obj)
                              (--whole-archive)
zephyr/libzephyr.a(rb.c.obj)  (--whole-archive)
zephyr/libzephyr.a(timeutil.c.obj)
                              (--whole-archive)
zephyr/libzephyr.a(bitarray.c.obj)
                              (--whole-archive)
zephyr/libzephyr.a(bitmask.c.obj)
                              (--whole-archive)
zephyr/libzephyr.a(getopt.c.obj)
                              (--whole-archive)
zephyr/libzephyr.a(getopt_common.c.obj)
                              (--whole-archive)
zephyr/libzephyr.a(onoff.c.obj)
                              (--whole-archive)
zephyr/libzephyr.a(notify.c.obj)
                              (--whole-archive)
zephyr/libzephyr.a(last_section_id.c.obj)
                              (--whole-archive)
zephyr/libzephyr.a(configs.c.obj)
                              (--whole-archive)
zephyr/libzephyr.a(log_minimal.c.obj)
                              (--whole-archive)
zephyr/libzephyr.a(mem_attr.c.obj)
                              (--whole-archive)
zephyr/libzephyr.a(flash_map.c.obj)
                              (--whole-archive)
zephyr/libzephyr.a(flash_map_layout.c.obj)
                              (--whole-archive)
zephyr/libzephyr.a(tracing_none.c.obj)
                              (--whole-archive)
zephyr/libzephyr.a(flash_util.c.obj)
                              (--whole-archive)
zephyr/libzephyr.a(banner.c.obj)
                              (--whole-archive)
zephyr/libzephyr.a(flash_map_partition_manager.c.obj)
                              (--whole-archive)
zephyr/libzephyr.a(nrf_cc3xx_platform_abort_zephyr.c.obj)
                              (--whole-archive)
zephyr/libzephyr.a(nrf_cc3xx_platform_no_mutex_zephyr.c.obj)
                              (--whole-archive)
zephyr/arch/common/libarch__common.a(sw_isr_common.c.obj)
                              (--whole-archive)
zephyr/arch/common/libarch__common.a(init.c.obj)
                              (--whole-archive)
zephyr/arch/common/libarch__common.a(xip.c.obj)
                              (--whole-archive)
zephyr/arch/arch/arm/core/libarch__arm__core.a(fatal.c.obj)
[...]
Memory Configuration

Name             Origin             Length             Attributes
FLASH            0x0000000000000000 0x0000000000010000 xr
RAM              0x0000000020002000 0x000000000006e000 xw
IDT_LIST         0x00000000ffff7fff 0x0000000000008000 xw
*default*        0x0000000000000000 0xffffffffffffffff

Linker script and memory map

                0x000000000000689c                vfprintf = __m_vfprintf
                0x0000000000000000                vfscanf = __m_vfscanf
LOAD zephyr/CMakeFiles/zephyr_final.dir/misc/empty_file.c.obj
LOAD zephyr/CMakeFiles/zephyr_final.dir/isr_tables.c.obj
LOAD zephyr/CMakeFiles/offsets.dir/./arch/arm/core/offsets/offsets.c.obj
LOAD app/libapp.a
LOAD zephyr/libzephyr.a
LOAD zephyr/arch/common/libarch__common.a
LOAD zephyr/arch/arch/arm/core/libarch__arm__core.a
LOAD zephyr/arch/arch/arm/core/cortex_m/libarch__arm__core__cortex_m.a
LOAD zephyr/arch/arch/arm/core/cortex_m/cmse/libarch__arm__core__cortex_m__cmse.a
LOAD zephyr/arch/arch/arm/core/mpu/libarch__arm__core__mpu.a
LOAD zephyr/lib/libc/picolibc/liblib__libc__picolibc.a
LOAD zephyr/lib/libc/common/liblib__libc__common.a
LOAD zephyr/lib/posix/c_lib_ext/liblib__posix__c_lib_ext.a
LOAD zephyr/soc/soc/nrf5340/libsoc__nordic.a
LOAD zephyr/boards/boards/arm/aurascope/lib..__nrf__boards__aurascope__aurascope.a
LOAD zephyr/drivers/clock_control/libdrivers__clock_control.a
LOAD zephyr/drivers/console/libdrivers__console.a
LOAD zephyr/drivers/flash/libdrivers__flash.a
LOAD zephyr/drivers/gpio/libdrivers__gpio.a
LOAD zephyr/drivers/pinctrl/libdrivers__pinctrl.a
LOAD zephyr/drivers/regulator/libdrivers__regulator.a
LOAD zephyr/drivers/serial/libdrivers__serial.a
LOAD zephyr/drivers/spi/libdrivers__spi.a
LOAD zephyr/drivers/timer/libdrivers__timer.a
LOAD modules/nrf/lib/fprotect/lib..__nrf__lib__fprotect.a
LOAD modules/nrf/subsys/pcd/lib..__nrf__subsys__pcd.a
LOAD modules/nrf/modules/mcuboot/hooks/lib..__nrf__modules__mcuboot__hooks.a
LOAD modules/nrf/drivers/hw_cc3xx/lib..__nrf__drivers__hw_cc3xx.a
LOAD modules/mcuboot/boot/bootutil/zephyr/libmcuboot_util.a
LOAD modules/mbedtls/libmbedTLSBase.a
LOAD modules/mbedtls/libmbedTLSCrypto.a
LOAD modules/mbedtls/libmbedTLSX509.a
LOAD modules/mbedtls/libmodules__mbedtls.a
LOAD modules/hal_nordic/modules/hal_nordic/nrfx/libnrfx.a
LOAD zephyr/kernel/libkernel.a
LOAD zephyr/arch/common/libisr_tables.a
LOAD modules/mbedtls/libmbedTLSBase.a
LOAD modules/mbedtls/libmbedTLSCrypto.a
LOAD modules/mbedtls/libmbedTLSX509.a
LOAD /home/t/asset-tracker-template/nrfxlib/crypto/nrf_cc312_platform/lib/cortex-m33/soft-float/no-interrupts/libnrf_cc312_platform_0.9.19.a
LOAD /home/t/ncs/toolchains/c5be9c56c7/opt/zephyr-sdk/arm-zephyr-eabi/bin/../lib/gcc/../../picolibc/arm-zephyr-eabi/lib/thumb/v8-m.main/nofp/libc.a
LOAD /home/t/ncs/toolchains/c5be9c56c7/opt/zephyr-sdk/arm-zephyr-eabi/bin/../lib/gcc/arm-zephyr-eabi/12.2.0/thumb/v8-m.main/nofp/libgcc.a
                0x0000000000000020                _region_min_align = 0x20

.rel.plt        0x0000000000000000        0x0
 *(SORT_BY_ALIGNMENT(.rel.plt))
                [!provide]                        PROVIDE (__rel_iplt_start = .)
 *(SORT_BY_ALIGNMENT(.rel.iplt))
 .rel.iplt      0x0000000000000000        0x0 zephyr/CMakeFiles/zephyr_final.dir/isr_tables.c.obj
                [!provide]                        PROVIDE (__rel_iplt_end = .)

.rela.plt       0x0000000000000000        0x0
 *(SORT_BY_ALIGNMENT(.rela.plt))
                [!provide]                        PROVIDE (__rela_iplt_start = .)
 *(SORT_BY_ALIGNMENT(.rela.iplt))
                [!provide]                        PROVIDE (__rela_iplt_end = .)

.rel.dyn
 *(SORT_BY_ALIGNMENT(.rel.*))

.rela.dyn
 *(SORT_BY_ALIGNMENT(.rela.*))

/DISCARD/
 *(SORT_BY_ALIGNMENT(.plt))

/DISCARD/
 *(SORT_BY_ALIGNMENT(.iplt))
                0x0000000000000000                __rom_region_start = 0x0

rom_start       0x0000000000000000      0x154
                0x0000000000000000                __rom_start_address = .
 FILL mask 0x00
                0x0000000000000000                . = (. + (0x0 - (. - __rom_start_address)))
                0x0000000000000000                . = ALIGN (0x4)
                0x0000000000000000                . = ALIGN (0x80)
                0x0000000000000000                . = ALIGN (0x200)
                0x0000000000000000                _vector_start = .
 *(SORT_BY_ALIGNMENT(.exc_vector_table))
 *(SORT_BY_ALIGNMENT(.exc_vector_table.*))
 .exc_vector_table._vector_table_section
                0x0000000000000000       0x40 zephyr/arch/arch/arm/core/cortex_m/libarch__arm__core__cortex_m.a(vector_table.S.obj)
                0x0000000000000000                _vector_table
 *(SORT_BY_ALIGNMENT(.vectors))
                0x0000000000000154                _vector_end = .
                0x0000000000000040                . = ALIGN (0x4)
 *(SORT_BY_ALIGNMENT(.gnu.linkonce.irq_vector_table*))
 .gnu.linkonce.irq_vector_table
                0x0000000000000040      0x114 zephyr/CMakeFiles/zephyr_final.dir/isr_tables.c.obj
                0x0000000000000040                _irq_vector_table
                0x0000000000000154                _vector_end = .

text            0x0000000000000154     0x9e04
                0x0000000000000154                __text_region_start = .
 *(SORT_BY_ALIGNMENT(.text))
 .text          0x0000000000000154       0x30 /home/t/ncs/toolchains/c5be9c56c7/opt/zephyr-sdk/arm-zephyr-eabi/bin/../lib/gcc/arm-zephyr-eabi/12.2.0/thumb/v8-m.main/nofp/libgcc.a(_aeabi_uldivmod.o)
                0x0000000000000154                __aeabi_uldivmod
 .text          0x0000000000000184        0x4 /home/t/ncs/toolchains/c5be9c56c7/opt/zephyr-sdk/arm-zephyr-eabi/bin/../lib/gcc/arm-zephyr-eabi/12.2.0/thumb/v8-m.main/nofp/libgcc.a(_dvmd_tls.o)
                0x0000000000000184                __aeabi_ldiv0
                0x0000000000000184                __aeabi_idiv0
 .text          0x0000000000000188      0x29c /home/t/ncs/toolchains/c5be9c56c7/opt/zephyr-sdk/arm-zephyr-eabi/bin/../lib/gcc/arm-zephyr-eabi/12.2.0/thumb/v8-m.main/nofp/libgcc.a(_udivmoddi4.o)
                0x0000000000000188                __udivmoddi4
 *(SORT_BY_ALIGNMENT(.text.*))
 .text.main     0x0000000000000424      0x140 app/libapp.a(main.c.obj)
                0x0000000000000424                main
 .text.flash_device_base
                0x0000000000000564       0x20 app/libapp.a(flash_map_extended.c.obj)
                0x0000000000000564                flash_device_base
 .text.flash_area_id_from_multi_image_slot
                0x0000000000000584       0x24 app/libapp.a(flash_map_extended.c.obj)
                0x0000000000000584                flash_area_id_from_multi_image_slot
 .text.os_heap_init
                0x00000000000005a8       0x10 app/libapp.a(os.c.obj)
                0x00000000000005a8                os_heap_init
 .text.bootutil_img_validate
                0x00000000000005b8      0x178 app/libapp.a(image_validate.c.obj)
                0x00000000000005b8                bootutil_img_validate
 .text.bootutil_find_key
                0x0000000000000730       0x6c app/libapp.a(bootutil_find_key.c.obj)
                0x0000000000000730                bootutil_find_key
 .text.bootutil_cmp_rsasig
                0x000000000000079c      0x12c app/libapp.a(image_rsa.c.obj)
 .text.bootutil_verify_sig
                0x00000000000008c8       0xd0 app/libapp.a(image_rsa.c.obj)
                0x00000000000008c8                bootutil_verify_sig
 .text.boot_initialize_area
                0x0000000000000998       0x60 app/libapp.a(bootutil_misc.c.obj)
                0x0000000000000998                boot_initialize_area
 .text.boot_read_sectors
                0x00000000000009f8       0x6c app/libapp.a(bootutil_misc.c.obj)
                0x00000000000009f8                boot_read_sectors
 .text.boot_erase_region
                0x0000000000000a64       0xd8 app/libapp.a(bootutil_area.c.obj)
                0x0000000000000a64                boot_erase_region
 .text.boot_check_header_valid
                0x0000000000000b3c       0x50 app/libapp.a(bootutil_loader.c.obj)
                0x0000000000000b3c                boot_check_header_valid
 .text.boot_check_image
                0x0000000000000b8c       0x40 app/libapp.a(bootutil_loader.c.obj)
                0x0000000000000b8c                boot_check_image
 .text.boot_validate_slot.constprop.0
                0x0000000000000bcc      0x148 app/libapp.a(loader.c.obj)
 .text.boot_get_loader_state
                0x0000000000000d14        0x8 app/libapp.a(loader.c.obj)
                0x0000000000000d14                boot_get_loader_state
 .text.boot_copy_region
                0x0000000000000d1c       0xac app/libapp.a(loader.c.obj)
                0x0000000000000d1c                boot_copy_region
 .text.context_boot_go
                0x0000000000000dc8      0x608 app/libapp.a(loader.c.obj)
                0x0000000000000dc8                context_boot_go
 .text.boot_go  0x00000000000013d0       0x18 app/libapp.a(loader.c.obj)
                0x00000000000013d0                boot_go
 .text.boot_slots_compatible
                0x00000000000013e8       0xa8 app/libapp.a(swap_scratch.c.obj)
                0x00000000000013e8                boot_slots_compatible
 .text.cleanup_arm_interrupts
                0x0000000000001490       0x38 app/libapp.a(arm_cortex_m.c.obj)
                0x0000000000001490                cleanup_arm_interrupts
 .text.nrf_cleanup_peripheral
                0x00000000000014c8      0x11c app/libapp.a(nrf_cleanup.c.obj)
                0x00000000000014c8                nrf_cleanup_peripheral
 .text.char_out
                0x00000000000015e4        0xc zephyr/libzephyr.a(printk.c.obj)
 .text.__printk_hook_install
                0x00000000000015f0        0xc zephyr/libzephyr.a(printk.c.obj)
                0x00000000000015f0                __printk_hook_install
 .text.vprintk  0x00000000000015fc       0x30 zephyr/libzephyr.a(printk.c.obj)
                0x00000000000015fc                vprintk
 .text.process_event
                0x000000000000162c      0x21c zephyr/libzephyr.a(onoff.c.obj)
 .text.mem_attr_get_regions
                0x0000000000001848        0xc zephyr/libzephyr.a(mem_attr.c.obj)
                0x0000000000001848                mem_attr_get_regions
 .text.flash_area_open
                0x0000000000001854       0x4c zephyr/libzephyr.a(flash_map.c.obj)
                0x0000000000001854                flash_area_open
 .text.flash_area_sectors
                0x00000000000018a0       0x34 zephyr/libzephyr.a(flash_map_layout.c.obj)
                0x00000000000018a0                flash_area_sectors
 .text.ncs_boot_banner
                0x00000000000018d4       0x24 zephyr/libzephyr.a(banner.c.obj)
 .text.nrf_cc3xx_platform_abort_init
                0x00000000000018f8        0xc zephyr/libzephyr.a(nrf_cc3xx_platform_abort_zephyr.c.obj)
                0x00000000000018f8                nrf_cc3xx_platform_abort_init
 .text.arch_bss_zero
                0x0000000000001904       0x18 zephyr/arch/common/libarch__common.a(init.c.obj)
                0x0000000000001904                arch_bss_zero
 .text.arch_data_copy
                0x000000000000191c       0x38 zephyr/arch/common/libarch__common.a(xip.c.obj)
                0x000000000000191c                arch_data_copy
 .text.z_SysNmiOnReset
                0x0000000000001954        0x8 zephyr/arch/arch/arm/core/libarch__arm__core.a(nmi_on_reset.S.obj)
                0x0000000000001954                z_SysNmiOnReset
 .text.usage_fault.constprop.0
                0x000000000000195c       0x5c zephyr/arch/arch/arm/core/cortex_m/libarch__arm__core__cortex_m.a(fault.c.obj)
 .text.bus_fault.constprop.0
                0x00000000000019b8       0x6c zephyr/arch/arch/arm/core/cortex_m/libarch__arm__core__cortex_m.a(fault.c.obj)
 .text.mem_manage_fault.constprop.0
                0x0000000000001a24       0x78 zephyr/arch/arch/arm/core/cortex_m/libarch__arm__core__cortex_m.a(fault.c.obj)
 .text.z_arm_fault
                0x0000000000001a9c      0x124 zephyr/arch/arch/arm/core/cortex_m/libarch__arm__core__cortex_m.a(fault.c.obj)
                0x0000000000001a9c                z_arm_fault
 .text.z_arm_fault_init
                0x0000000000001bc0       0x20 zephyr/arch/arch/arm/core/cortex_m/libarch__arm__core__cortex_m.a(fault.c.obj)
                0x0000000000001bc0                z_arm_fault_init
 .text.__fault  0x0000000000001be0       0x14 zephyr/arch/arch/arm/core/cortex_m/libarch__arm__core__cortex_m.a(fault_s.S.obj)
                0x0000000000001be0                z_arm_bus_fault
                0x0000000000001be0                z_arm_usage_fault
                0x0000000000001be0                z_arm_mpu_fault
                0x0000000000001be0                z_arm_exc_spurious
                0x0000000000001be0                z_arm_debug_monitor
                0x0000000000001be0                z_arm_hard_fault
 .text._reset_section
                0x0000000000001bf4       0x60 zephyr/arch/arch/arm/core/cortex_m/libarch__arm__core__cortex_m.a(reset.S.obj)
                0x0000000000001bf4                z_arm_reset
                0x0000000000001bf4                __start
 .text.z_arm_clear_arm_mpu_config
                0x0000000000001c54       0x24 zephyr/arch/arch/arm/core/cortex_m/libarch__arm__core__cortex_m.a(scb.c.obj)
                0x0000000000001c54                z_arm_clear_arm_mpu_config
 .text.z_arm_init_arch_hw_at_boot
                0x0000000000001c78       0x4c zephyr/arch/arch/arm/core/cortex_m/libarch__arm__core__cortex_m.a(scb.c.obj)
                0x0000000000001c78                z_arm_init_arch_hw_at_boot
 .text.z_arm_svc
                0x0000000000001cc4       0x24 zephyr/arch/arch/arm/core/cortex_m/libarch__arm__core__cortex_m.a(swap_helper.S.obj)
                0x0000000000001cc4                z_arm_svc
 .text.arm_irq_enable
                0x0000000000001ce8       0x1c zephyr/arch/arch/arm/core/cortex_m/libarch__arm__core__cortex_m.a(irq_manage.c.obj)
                0x0000000000001ce8                arm_irq_enable
 .text.arm_irq_disable
                0x0000000000001d04       0x28 zephyr/arch/arch/arm/core/cortex_m/libarch__arm__core__cortex_m.a(irq_manage.c.obj)
                0x0000000000001d04                arm_irq_disable
 .text.arm_irq_is_enabled
                0x0000000000001d2c       0x1c zephyr/arch/arch/arm/core/cortex_m/libarch__arm__core__cortex_m.a(irq_manage.c.obj)
                0x0000000000001d2c                arm_irq_is_enabled
 .text.arm_irq_priority_set
                0x0000000000001d48       0x2c zephyr/arch/arch/arm/core/cortex_m/libarch__arm__core__cortex_m.a(irq_manage.c.obj)
                0x0000000000001d48                arm_irq_priority_set
 .text.relocate_vector_table
                0x0000000000001d74       0x1c zephyr/arch/arch/arm/core/cortex_m/libarch__arm__core__cortex_m.a(prep_c.c.obj)
                0x0000000000001d74                relocate_vector_table
 .text.z_prep_c
                0x0000000000001d90       0x28 zephyr/arch/arch/arm/core/cortex_m/libarch__arm__core__cortex_m.a(prep_c.c.obj)
                0x0000000000001d90                z_prep_c
 .text.z_arm_switch_to_main_no_multithreading
                0x0000000000001db8       0x3c zephyr/arch/arch/arm/core/cortex_m/libarch__arm__core__cortex_m.a(thread.c.obj)
                0x0000000000001db8                z_arm_switch_to_main_no_multithreading
 .text.z_arm_cpu_idle_init
                0x0000000000001df4        0xc zephyr/arch/arch/arm/core/cortex_m/libarch__arm__core__cortex_m.a(cpu_idle.c.obj)
                0x0000000000001df4                z_arm_cpu_idle_init
 .text.z_arm_interrupt_init
                0x0000000000001e00       0x18 zephyr/arch/arch/arm/core/cortex_m/libarch__arm__core__cortex_m.a(irq_init.c.obj)
                0x0000000000001e00                z_arm_interrupt_init
 .text._isr_wrapper
                0x0000000000001e18       0x24 zephyr/arch/arch/arm/core/cortex_m/libarch__arm__core__cortex_m.a(isr_wrapper.c.obj)
                0x0000000000001e18                _isr_wrapper
 .text.z_arm_configure_static_mpu_regions
                0x0000000000001e3c       0x18 zephyr/arch/arch/arm/core/mpu/libarch__arm__core__mpu.a(arm_core_mpu.c.obj)
                0x0000000000001e3c                z_arm_configure_static_mpu_regions
 .text.region_init
                0x0000000000001e54       0x34 zephyr/arch/arch/arm/core/mpu/libarch__arm__core__mpu.a(arm_mpu.c.obj)
 .text.region_allocate_and_init
                0x0000000000001e88       0x24 zephyr/arch/arch/arm/core/mpu/libarch__arm__core__mpu.a(arm_mpu.c.obj)
 .text.mpu_configure_regions_and_partition.constprop.0
                0x0000000000001eac      0x148 zephyr/arch/arch/arm/core/mpu/libarch__arm__core__mpu.a(arm_mpu.c.obj)
 .text.arm_core_mpu_enable
                0x0000000000001ff4       0x18 zephyr/arch/arch/arm/core/mpu/libarch__arm__core__mpu.a(arm_mpu.c.obj)
                0x0000000000001ff4                arm_core_mpu_enable
 .text.arm_core_mpu_disable
                0x000000000000200c       0x14 zephyr/arch/arch/arm/core/mpu/libarch__arm__core__mpu.a(arm_mpu.c.obj)
                0x000000000000200c                arm_core_mpu_disable
 .text.arm_core_mpu_configure_static_mpu_regions
                0x0000000000002020       0x14 zephyr/arch/arch/arm/core/mpu/libarch__arm__core__mpu.a(arm_mpu.c.obj)
                0x0000000000002020                arm_core_mpu_configure_static_mpu_regions
 .text.z_arm_mpu_init
                0x0000000000002034      0x160 zephyr/arch/arch/arm/core/mpu/libarch__arm__core__mpu.a(arm_mpu.c.obj)
                0x0000000000002034                z_arm_mpu_init
 .text.z_impl_zephyr_fputc
                0x0000000000002194       0x10 zephyr/lib/libc/picolibc/liblib__libc__picolibc.a(stdio.c.obj)
                0x0000000000002194                z_impl_zephyr_fputc
 .text.__stdout_hook_install
                0x00000000000021a4       0x18 zephyr/lib/libc/picolibc/liblib__libc__picolibc.a(stdio.c.obj)
                0x00000000000021a4                __stdout_hook_install
 .text.abort    0x00000000000021bc       0x1c zephyr/lib/libc/common/liblib__libc__common.a(abort.c.obj)
                0x00000000000021bc                abort
 .text.malloc_prepare
                0x00000000000021d8       0x24 zephyr/lib/libc/common/liblib__libc__common.a(malloc.c.obj)
 .text.nrf_gpio_pin_control_select.constprop.0
                0x00000000000021fc       0x1c zephyr/soc/soc/nrf5340/libsoc__nordic.a(soc.c.obj)
 .text.z_arm_on_enter_cpu_idle
                0x0000000000002218       0x64 zephyr/soc/soc/nrf5340/libsoc__nordic.a(soc.c.obj)
                0x0000000000002218                z_arm_on_enter_cpu_idle
 .text.soc_early_init_hook
                0x000000000000227c       0x3c zephyr/soc/soc/nrf5340/libsoc__nordic.a(soc.c.obj)
                0x000000000000227c                soc_early_init_hook
 .text.soc_late_init_hook
                0x00000000000022b8       0x48 zephyr/soc/soc/nrf5340/libsoc__nordic.a(soc.c.obj)
                0x00000000000022b8                soc_late_init_hook
 .text.arch_busy_wait
                0x0000000000002300       0x24 zephyr/soc/soc/nrf5340/libsoc__nordic.a(soc.c.obj)
                0x0000000000002300                arch_busy_wait
 .text.assign_pins
                0x0000000000002324       0x54 zephyr/soc/soc/nrf5340/libsoc__nordic.a(nrf53_cpunet_mgmt.c.obj)
 .text.onoff_start
                0x0000000000002378       0x70 zephyr/soc/soc/nrf5340/libsoc__nordic.a(nrf53_cpunet_mgmt.c.obj)
 .text.nrf53_cpunet_mgmt_init
                0x00000000000023e8       0x10 zephyr/soc/soc/nrf5340/libsoc__nordic.a(nrf53_cpunet_mgmt.c.obj)
                0x00000000000023e8                nrf53_cpunet_mgmt_init
 .text._gppi_init
                0x00000000000023f8       0x1c zephyr/soc/soc/nrf5340/libsoc__nordic.a(gppi_init.c.obj)
 .text.board_late_init_hook
                0x0000000000002414       0x18 zephyr/boards/boards/arm/aurascope/lib..__nrf__boards__aurascope__aurascope.a(aurascope_config.c.obj)
                0x0000000000002414                board_late_init_hook
 .text.onoff_stop
                0x000000000000242c       0x30 zephyr/drivers/clock_control/libdrivers__clock_control.a(clock_control_nrf.c.obj)
 .text.onoff_start
                0x000000000000245c       0x44 zephyr/drivers/clock_control/libdrivers__clock_control.a(clock_control_nrf.c.obj)
 .text.clk_init
                0x00000000000024a0       0x64 zephyr/drivers/clock_control/libdrivers__clock_control.a(clock_control_nrf.c.obj)
 .text.generic_hfclk_stop
                0x0000000000002504       0x34 zephyr/drivers/clock_control/libdrivers__clock_control.a(clock_control_nrf.c.obj)
 .text.clkstarted_handle.constprop.0
                0x0000000000002538       0x4c zephyr/drivers/clock_control/libdrivers__clock_control.a(clock_control_nrf.c.obj)
 .text.generic_hfclk_start
                0x0000000000002584       0x78 zephyr/drivers/clock_control/libdrivers__clock_control.a(clock_control_nrf.c.obj)
 .text.clock_event_handler
                0x00000000000025fc       0x34 zephyr/drivers/clock_control/libdrivers__clock_control.a(clock_control_nrf.c.obj)
 .text.z_nrf_clock_control_lf_on
                0x0000000000002630       0xf0 zephyr/drivers/clock_control/libdrivers__clock_control.a(clock_control_nrf.c.obj)
                0x0000000000002630                z_nrf_clock_control_lf_on
 .text.uart_console_init
                0x0000000000002720       0x28 zephyr/drivers/console/libdrivers__console.a(uart_console.c.obj)
 .text.console_out
                0x0000000000002748       0x28 zephyr/drivers/console/libdrivers__console.a(uart_console.c.obj)
 .text.nrf53_errata_159
                0x0000000000002770       0x28 zephyr/drivers/flash/libdrivers__flash.a(nrf_qspi_nor.c.obj)
 .text.qspi_nor_pages_layout
                0x0000000000002798       0x10 zephyr/drivers/flash/libdrivers__flash.a(nrf_qspi_nor.c.obj)
 .text.qspi_flash_get_parameters
                0x00000000000027a8        0x8 zephyr/drivers/flash/libdrivers__flash.a(nrf_qspi_nor.c.obj)
 .text.nrf_qspi_pins_set.constprop.0
                0x00000000000027b0       0x5c zephyr/drivers/flash/libdrivers__flash.a(nrf_qspi_nor.c.obj)
 .text.qspi_nor_init
                0x000000000000280c      0x1a0 zephyr/drivers/flash/libdrivers__flash.a(nrf_qspi_nor.c.obj)
 .text.flash_nrf_pages_layout
                0x00000000000029ac       0x10 zephyr/drivers/flash/libdrivers__flash.a(soc_flash_nrf.c.obj)
 .text.flash_nrf_get_parameters
                0x00000000000029bc        0x8 zephyr/drivers/flash/libdrivers__flash.a(soc_flash_nrf.c.obj)
 .text.nrf_flash_init
                0x00000000000029c4       0x18 zephyr/drivers/flash/libdrivers__flash.a(soc_flash_nrf.c.obj)
 .text.flash_nrf_write
                0x00000000000029dc       0x80 zephyr/drivers/flash/libdrivers__flash.a(soc_flash_nrf.c.obj)
 .text.flash_sim_page_layout
                0x0000000000002a5c       0x10 zephyr/drivers/flash/libdrivers__flash.a(flash_simulator.c.obj)
 .text.flash_sim_get_parameters
                0x0000000000002a6c        0x8 zephyr/drivers/flash/libdrivers__flash.a(flash_simulator.c.obj)
 .text.flash_sim_write
                0x0000000000002a74       0x54 zephyr/drivers/flash/libdrivers__flash.a(flash_simulator.c.obj)
 .text.flash_sim_read
                0x0000000000002ac8       0x2c zephyr/drivers/flash/libdrivers__flash.a(flash_simulator.c.obj)
 .text.flash_init
                0x0000000000002af4       0x18 zephyr/drivers/flash/libdrivers__flash.a(flash_simulator.c.obj)
 .text.flash_sim_erase
                0x0000000000002b0c       0x50 zephyr/drivers/flash/libdrivers__flash.a(flash_simulator.c.obj)
 .text.z_impl_flash_simulator_get_memory
                0x0000000000002b5c       0x10 zephyr/drivers/flash/libdrivers__flash.a(flash_simulator.c.obj)
                0x0000000000002b5c                z_impl_flash_simulator_get_memory
 .text.gpio_nrfx_pin_interrupt_configure
                0x0000000000002b6c      0x100 zephyr/drivers/gpio/libdrivers__gpio.a(gpio_nrfx.c.obj)
 .text.nrfx_gpio_handler
                0x0000000000002c6c       0x4c zephyr/drivers/gpio/libdrivers__gpio.a(gpio_nrfx.c.obj)
 .text.gpio_nrfx_init
                0x0000000000002cb8       0x3c zephyr/drivers/gpio/libdrivers__gpio.a(gpio_nrfx.c.obj)
 .text.gpio_nrfx_pin_configure
                0x0000000000002cf4      0x180 zephyr/drivers/gpio/libdrivers__gpio.a(gpio_nrfx.c.obj)
 .text.nrf_gpio_pin_port_decode
                0x0000000000002e74       0x24 zephyr/drivers/pinctrl/libdrivers__pinctrl.a(pinctrl_nrf.c.obj)
 .text.pinctrl_configure_pins
                0x0000000000002e98      0x20c zephyr/drivers/pinctrl/libdrivers__pinctrl.a(pinctrl_nrf.c.obj)
                0x0000000000002e98                pinctrl_configure_pins
 .text.uarte_0_direct_isr
                0x00000000000030a4       0x5c zephyr/drivers/serial/libdrivers__serial.a(uart_nrfx_uarte.c.obj)
                0x00000000000030a4                uarte_0_direct_isr
 .text.uarte_nrfx_poll_out
                0x0000000000003100       0xb0 zephyr/drivers/serial/libdrivers__serial.a(uart_nrfx_uarte.c.obj)
 .text.spi_nrfx_transceive
                0x00000000000031b0      0x37c zephyr/drivers/spi/libdrivers__spi.a(spi_nrfx_spim.c.obj)
 .text.nrf_gpio_cfg_input
                0x000000000000352c       0x40 zephyr/drivers/spi/libdrivers__spi.a(spi_nrfx_common.c.obj)
 .text.compare_int_lock
                0x000000000000356c       0x40 zephyr/drivers/timer/libdrivers__timer.a(nrf_rtc_timer.c.obj)
 .text.sys_clock_timeout_handler
                0x00000000000035ac       0x48 zephyr/drivers/timer/libdrivers__timer.a(nrf_rtc_timer.c.obj)
 .text.compare_int_unlock
                0x00000000000035f4       0x4c zephyr/drivers/timer/libdrivers__timer.a(nrf_rtc_timer.c.obj)
 .text.z_nrf_rtc_timer_read
                0x0000000000003640       0x44 zephyr/drivers/timer/libdrivers__timer.a(nrf_rtc_timer.c.obj)
                0x0000000000003640                z_nrf_rtc_timer_read
 .text.compare_set
                0x0000000000003684      0x124 zephyr/drivers/timer/libdrivers__timer.a(nrf_rtc_timer.c.obj)
 .text.sys_clock_driver_init
                0x00000000000037a8       0x90 zephyr/drivers/timer/libdrivers__timer.a(nrf_rtc_timer.c.obj)
 .text.rtc_nrf_isr
                0x0000000000003838       0xd0 zephyr/drivers/timer/libdrivers__timer.a(nrf_rtc_timer.c.obj)
                0x0000000000003838                rtc_nrf_isr
 .text.sys_clock_set_timeout
                0x0000000000003908       0x5c zephyr/drivers/timer/libdrivers__timer.a(nrf_rtc_timer.c.obj)
                0x0000000000003908                sys_clock_set_timeout
 .text.sys_clock_elapsed
                0x0000000000003964       0x14 zephyr/drivers/timer/libdrivers__timer.a(nrf_rtc_timer.c.obj)
                0x0000000000003964                sys_clock_elapsed
 .text.sys_clock_disable
                0x0000000000003978       0x30 zephyr/drivers/timer/libdrivers__timer.a(nrf_rtc_timer.c.obj)
                0x0000000000003978                sys_clock_disable
 .text.fprotect_area
                0x00000000000039a8       0x3c modules/nrf/lib/fprotect/lib..__nrf__lib__fprotect.a(fprotect_spu.c.obj)
                0x00000000000039a8                fprotect_area
 .text.pcd_fw_copy_status_get
                0x00000000000039e4       0x48 modules/nrf/subsys/pcd/lib..__nrf__subsys__pcd.a(pcd.c.obj)
                0x00000000000039e4                pcd_fw_copy_status_get
 .text.network_core_finished_check_handler
                0x0000000000003a2c       0x20 modules/nrf/subsys/pcd/lib..__nrf__subsys__pcd.a(pcd.c.obj)
 .text.network_core_pcd_cmdset.constprop.0
                0x0000000000003a4c       0xd8 modules/nrf/subsys/pcd/lib..__nrf__subsys__pcd.a(pcd.c.obj)
 .text.pcd_network_core_update_initiate
                0x0000000000003b24       0x3c modules/nrf/subsys/pcd/lib..__nrf__subsys__pcd.a(pcd.c.obj)
                0x0000000000003b24                pcd_network_core_update_initiate
 .text.pcd_network_core_update
                0x0000000000003b60       0x14 modules/nrf/subsys/pcd/lib..__nrf__subsys__pcd.a(pcd.c.obj)
                0x0000000000003b60                pcd_network_core_update
 .text.pcd_lock_ram
                0x0000000000003b74       0x14 modules/nrf/subsys/pcd/lib..__nrf__subsys__pcd.a(pcd.c.obj)
                0x0000000000003b74                pcd_lock_ram
 .text.boot_image_check_hook
                0x0000000000003b88       0x18 modules/nrf/modules/mcuboot/hooks/lib..__nrf__modules__mcuboot__hooks.a(nrf53_hooks.c.obj)
                0x0000000000003b88                boot_image_check_hook
 .text.network_core_update
                0x0000000000003ba0       0x50 modules/nrf/modules/mcuboot/hooks/lib..__nrf__modules__mcuboot__hooks.a(nrf53_hooks.c.obj)
                0x0000000000003ba0                network_core_update
 .text.boot_write_magic
                0x0000000000003bf0       0x44 modules/mcuboot/boot/bootutil/zephyr/libmcuboot_util.a(bootutil_public.c.obj)
                0x0000000000003bf0                boot_write_magic
 .text.boot_read_swap_state
                0x0000000000003c34       0xac modules/mcuboot/boot/bootutil/zephyr/libmcuboot_util.a(bootutil_public.c.obj)
                0x0000000000003c34                boot_read_swap_state
 .text.boot_swap_type_multi
                0x0000000000003ce0      0x10c modules/mcuboot/boot/bootutil/zephyr/libmcuboot_util.a(bootutil_public.c.obj)
                0x0000000000003ce0                boot_swap_type_multi
 .text.mbedtls_ct_bool
                0x0000000000003dec       0x18 modules/mbedtls/libmbedTLSBase.a(bignum_core.c.obj)
 .text.mbedtls_mpi_core_cond_assign
                0x0000000000003e04       0x30 modules/mbedtls/libmbedTLSBase.a(bignum_core.c.obj)
                0x0000000000003e04                mbedtls_mpi_core_cond_assign
 .text.mbedtls_mpi_core_exp_mod_optionally_safe
                0x0000000000003e34      0x1a0 modules/mbedtls/libmbedTLSBase.a(bignum_core.c.obj)
 .text.mbedtls_ct_mpi_sign_if
                0x0000000000003fd4       0x1c modules/mbedtls/libmbedTLSBase.a(bignum.c.obj)
 .text.mbedtls_mpi_div_mpi
                0x0000000000003ff0      0x334 modules/mbedtls/libmbedTLSBase.a(bignum.c.obj)
                0x0000000000003ff0                mbedtls_mpi_div_mpi
 .text.mbedtls_ct_memcpy_if
                0x0000000000004324       0x4c modules/mbedtls/libmbedTLSBase.a(constant_time.c.obj)
                0x0000000000004324                mbedtls_ct_memcpy_if
 .text.mbedtls_md_info_from_type
                0x0000000000004370       0x10 modules/mbedtls/libmbedTLSBase.a(md.c.obj)
                0x0000000000004370                mbedtls_md_info_from_type
 .text.verify_header
                0x0000000000004380       0x40 modules/mbedtls/libmbedTLSBase.a(memory_buffer_alloc.c.obj)
 .text.verify_chain
                0x00000000000043c0       0x3c modules/mbedtls/libmbedTLSBase.a(memory_buffer_alloc.c.obj)
 .text.buffer_alloc_calloc
                0x00000000000043fc      0x114 modules/mbedtls/libmbedTLSBase.a(memory_buffer_alloc.c.obj)
 .text.buffer_alloc_free
                0x0000000000004510      0x124 modules/mbedtls/libmbedTLSBase.a(memory_buffer_alloc.c.obj)
 .text.mbedtls_memory_buffer_alloc_init
                0x0000000000004634       0x68 modules/mbedtls/libmbedTLSBase.a(memory_buffer_alloc.c.obj)
                0x0000000000004634                mbedtls_memory_buffer_alloc_init
 .text.mbedtls_platform_zeroize
                0x000000000000469c       0x18 modules/mbedtls/libmbedTLSBase.a(platform_util.c.obj)
                0x000000000000469c                mbedtls_platform_zeroize
 .text.mbedtls_calloc
                0x00000000000046b4        0xc modules/mbedtls/libmbedTLSBase.a(platform.c.obj)
                0x00000000000046b4                mbedtls_calloc
 .text.mbedtls_free
                0x00000000000046c0        0xc modules/mbedtls/libmbedTLSBase.a(platform.c.obj)
                0x00000000000046c0                mbedtls_free
 .text.mbedtls_platform_set_calloc_free
                0x00000000000046cc       0x14 modules/mbedtls/libmbedTLSBase.a(platform.c.obj)
                0x00000000000046cc                mbedtls_platform_set_calloc_free
 .text.rsa_check_context.constprop.0
                0x00000000000046e0       0xb8 modules/mbedtls/libmbedTLSBase.a(rsa.c.obj)
 .text.mbedtls_rsa_set_padding
                0x0000000000004798       0x30 modules/mbedtls/libmbedTLSBase.a(rsa.c.obj)
                0x0000000000004798                mbedtls_rsa_set_padding
 .text.mbedtls_rsa_check_pubkey
                0x00000000000047c8       0x4c modules/mbedtls/libmbedTLSBase.a(rsa.c.obj)
                0x00000000000047c8                mbedtls_rsa_check_pubkey
 .text.mbedtls_rsa_public
                0x0000000000004814       0x90 modules/mbedtls/libmbedTLSBase.a(rsa.c.obj)
                0x0000000000004814                mbedtls_rsa_public
 .text.mbedtls_sha256_starts
                0x00000000000048a4       0x5c modules/mbedtls/libmbedTLSBase.a(sha256.c.obj)
                0x00000000000048a4                mbedtls_sha256_starts
 .text.mbedtls_internal_sha256_process
                0x0000000000004900      0x134 modules/mbedtls/libmbedTLSBase.a(sha256.c.obj)
                0x0000000000004900                mbedtls_internal_sha256_process
 .text.nrf53_errata_42
                0x0000000000004a34       0x24 modules/hal_nordic/modules/hal_nordic/nrfx/libnrfx.a(system_nrf5340_application.c.obj)
 .text.SystemInit
                0x0000000000004a58      0x1c4 modules/hal_nordic/modules/hal_nordic/nrfx/libnrfx.a(system_nrf5340_application.c.obj)
                0x0000000000004a58                SystemInit
 .text.nrfx_gppi_init
                0x0000000000004c1c        0xc modules/hal_nordic/modules/hal_nordic/nrfx/libnrfx.a(nrfx_gppi_dppi.c.obj)
                0x0000000000004c1c                nrfx_gppi_init
 .text.nrfx_gppi_domain_conn_alloc
                0x0000000000004c28       0x1c modules/hal_nordic/modules/hal_nordic/nrfx/libnrfx.a(nrfx_gppi_dppi.c.obj)
                0x0000000000004c28                nrfx_gppi_domain_conn_alloc
 .text.nrfx_gppi_conn_enable
                0x0000000000004c44       0x10 modules/hal_nordic/modules/hal_nordic/nrfx/libnrfx.a(nrfx_gppi_dppi.c.obj)
                0x0000000000004c44                nrfx_gppi_conn_enable
 .text.hfclk_event_handler
                0x0000000000004c54        0xc modules/hal_nordic/modules/hal_nordic/nrfx/libnrfx.a(nrfx_clock.c.obj)
 .text.lfclk_event_handler
                0x0000000000004c60        0xc modules/hal_nordic/modules/hal_nordic/nrfx/libnrfx.a(nrfx_clock.c.obj)
 .text.hfclk192m_event_handler
                0x0000000000004c6c        0xc modules/hal_nordic/modules/hal_nordic/nrfx/libnrfx.a(nrfx_clock.c.obj)
 .text.hfclkaudio_event_handler
                0x0000000000004c78        0xc modules/hal_nordic/modules/hal_nordic/nrfx/libnrfx.a(nrfx_clock.c.obj)
 .text.nrfx_clock_init
                0x0000000000004c84       0x68 modules/hal_nordic/modules/hal_nordic/nrfx/libnrfx.a(nrfx_clock.c.obj)
                0x0000000000004c84                nrfx_clock_init
 .text.nrfx_clock_enable
                0x0000000000004cec       0x20 modules/hal_nordic/modules/hal_nordic/nrfx/libnrfx.a(nrfx_clock.c.obj)
                0x0000000000004cec                nrfx_clock_enable
 .text.nrfx_clock_hfclk_init
                0x0000000000004d0c       0x24 modules/hal_nordic/modules/hal_nordic/nrfx/libnrfx.a(nrfx_clock_hfclk.c.obj)
                0x0000000000004d0c                nrfx_clock_hfclk_init
 .text.nrfx_clock_hfclk_start
                0x0000000000004d30       0x38 modules/hal_nordic/modules/hal_nordic/nrfx/libnrfx.a(nrfx_clock_hfclk.c.obj)
                0x0000000000004d30                nrfx_clock_hfclk_start
 .text.nrfx_clock_hfclk_irq_handler
                0x0000000000004d68       0x30 modules/hal_nordic/modules/hal_nordic/nrfx/libnrfx.a(nrfx_clock_hfclk.c.obj)
                0x0000000000004d68                nrfx_clock_hfclk_irq_handler
 .text.nrfx_clock_hfclkaudio_init
                0x0000000000004d98       0x1c modules/hal_nordic/modules/hal_nordic/nrfx/libnrfx.a(nrfx_clock_hfclkaudio.c.obj)
                0x0000000000004d98                nrfx_clock_hfclkaudio_init
 .text.nrfx_clock_hfclkaudio_start
                0x0000000000004db4       0x3c modules/hal_nordic/modules/hal_nordic/nrfx/libnrfx.a(nrfx_clock_hfclkaudio.c.obj)
                0x0000000000004db4                nrfx_clock_hfclkaudio_start
 .text.nrfx_clock_hfclkaudio_irq_handler
                0x0000000000004df0       0x30 modules/hal_nordic/modules/hal_nordic/nrfx/libnrfx.a(nrfx_clock_hfclkaudio.c.obj)
                0x0000000000004df0                nrfx_clock_hfclkaudio_irq_handler
 .text.nrfx_clock_hfclk192m_init
                0x0000000000004e20       0x24 modules/hal_nordic/modules/hal_nordic/nrfx/libnrfx.a(nrfx_clock_hfclk192m.c.obj)
                0x0000000000004e20                nrfx_clock_hfclk192m_init
 .text.nrfx_clock_hfclk192m_start
                0x0000000000004e44       0x3c modules/hal_nordic/modules/hal_nordic/nrfx/libnrfx.a(nrfx_clock_hfclk192m.c.obj)
                0x0000000000004e44                nrfx_clock_hfclk192m_start
 .text.nrfx_clock_hfclk192m_irq_handler
                0x0000000000004e80       0x30 modules/hal_nordic/modules/hal_nordic/nrfx/libnrfx.a(nrfx_clock_hfclk192m.c.obj)
                0x0000000000004e80                nrfx_clock_hfclk192m_irq_handler
 .text.nrfx_clock_lfclk_init
                0x0000000000004eb0       0x24 modules/hal_nordic/modules/hal_nordic/nrfx/libnrfx.a(nrfx_clock_lfclk.c.obj)
                0x0000000000004eb0                nrfx_clock_lfclk_init
 .text.nrfx_clock_lfclk_start
                0x0000000000004ed4       0x88 modules/hal_nordic/modules/hal_nordic/nrfx/libnrfx.a(nrfx_clock_lfclk.c.obj)
                0x0000000000004ed4                nrfx_clock_lfclk_start
 .text.nrfx_clock_lfclk_irq_handler
                0x0000000000004f5c       0x74 modules/hal_nordic/modules/hal_nordic/nrfx/libnrfx.a(nrfx_clock_lfclk.c.obj)
                0x0000000000004f5c                nrfx_clock_lfclk_irq_handler
 .text.nrf_gpio_pin_port_decode
                0x0000000000004fd0       0x24 modules/hal_nordic/modules/hal_nordic/nrfx/libnrfx.a(nrfx_gpiote.c.obj)
 .text.get_pin_idx
                0x0000000000004ff4       0x14 modules/hal_nordic/modules/hal_nordic/nrfx/libnrfx.a(nrfx_gpiote.c.obj)
 .text.latch_pending_read_and_check
                0x0000000000005008       0x3c modules/hal_nordic/modules/hal_nordic/nrfx/libnrfx.a(nrfx_gpiote.c.obj)
 .text.pin_uninit
                0x0000000000005044       0x7c modules/hal_nordic/modules/hal_nordic/nrfx/libnrfx.a(nrfx_gpiote.c.obj)
 .text.nrfx_gpiote_init
                0x00000000000050c0       0x64 modules/hal_nordic/modules/hal_nordic/nrfx/libnrfx.a(nrfx_gpiote.c.obj)
                0x00000000000050c0                nrfx_gpiote_init
 .text.nrfx_gpiote_channel_free
                0x0000000000005124       0x14 modules/hal_nordic/modules/hal_nordic/nrfx/libnrfx.a(nrfx_gpiote.c.obj)
                0x0000000000005124                nrfx_gpiote_channel_free
 .text.nrfx_gpiote_channel_alloc
                0x0000000000005138       0x20 modules/hal_nordic/modules/hal_nordic/nrfx/libnrfx.a(nrfx_gpiote.c.obj)
                0x0000000000005138                nrfx_gpiote_channel_alloc
 .text.nrfx_gpiote_irq_handler
                0x0000000000005158      0x1cc modules/hal_nordic/modules/hal_nordic/nrfx/libnrfx.a(nrfx_gpiote.c.obj)
                0x0000000000005158                nrfx_gpiote_irq_handler
 .text.nvmc_readonly_mode_set
                0x0000000000005324       0x14 modules/hal_nordic/modules/hal_nordic/nrfx/libnrfx.a(nrfx_nvmc.c.obj)
 .text.nvmc_word_write
                0x0000000000005338       0x18 modules/hal_nordic/modules/hal_nordic/nrfx/libnrfx.a(nrfx_nvmc.c.obj)
 .text.nrfx_nvmc_page_erase
                0x0000000000005350       0x34 modules/hal_nordic/modules/hal_nordic/nrfx/libnrfx.a(nrfx_nvmc.c.obj)
                0x0000000000005350                nrfx_nvmc_page_erase
 .text.nrfx_nvmc_word_write
                0x0000000000005384       0x20 modules/hal_nordic/modules/hal_nordic/nrfx/libnrfx.a(nrfx_nvmc.c.obj)
                0x0000000000005384                nrfx_nvmc_word_write
 .text.nrfx_nvmc_bytes_write
                0x00000000000053a4       0x84 modules/hal_nordic/modules/hal_nordic/nrfx/libnrfx.a(nrfx_nvmc.c.obj)
                0x00000000000053a4                nrfx_nvmc_bytes_write
 .text.qspi_deactivate
                0x0000000000005428       0x24 modules/hal_nordic/modules/hal_nordic/nrfx/libnrfx.a(nrfx_qspi.c.obj)
 .text.qspi_errata_159_conditions_check
                0x000000000000544c       0x44 modules/hal_nordic/modules/hal_nordic/nrfx/libnrfx.a(nrfx_qspi.c.obj)
 .text.qspi_ready_wait
                0x0000000000005490       0x50 modules/hal_nordic/modules/hal_nordic/nrfx/libnrfx.a(nrfx_qspi.c.obj)
 .text.qspi_activate
                0x00000000000054e0       0x2c modules/hal_nordic/modules/hal_nordic/nrfx/libnrfx.a(nrfx_qspi.c.obj)
 .text.qspi_xfer
                0x000000000000550c       0xf4 modules/hal_nordic/modules/hal_nordic/nrfx/libnrfx.a(nrfx_qspi.c.obj)
 .text.qspi_event_xfer_handle.constprop.0
                0x0000000000005600       0x28 modules/hal_nordic/modules/hal_nordic/nrfx/libnrfx.a(nrfx_qspi.c.obj)
 .text.nrf_gpio_cfg.constprop.0
                0x0000000000005628       0x44 modules/hal_nordic/modules/hal_nordic/nrfx/libnrfx.a(nrfx_qspi.c.obj)
 .text.nrf_qspi_cinstrdata_get.constprop.0
                0x000000000000566c       0x40 modules/hal_nordic/modules/hal_nordic/nrfx/libnrfx.a(nrfx_qspi.c.obj)
 .text.nrf_qspi_cinstrdata_set.constprop.0
                0x00000000000056ac       0x64 modules/hal_nordic/modules/hal_nordic/nrfx/libnrfx.a(nrfx_qspi.c.obj)
 .text.nrf_qspi_pins_set.constprop.0
                0x0000000000005710       0x5c modules/hal_nordic/modules/hal_nordic/nrfx/libnrfx.a(nrfx_qspi.c.obj)
 .text.qspi_workaround_215_43_apply
                0x000000000000576c       0x70 modules/hal_nordic/modules/hal_nordic/nrfx/libnrfx.a(nrfx_qspi.c.obj)
 .text.qspi_configure
                0x00000000000057dc      0x178 modules/hal_nordic/modules/hal_nordic/nrfx/libnrfx.a(nrfx_qspi.c.obj)
 .text.nrfx_qspi_init
                0x0000000000005954       0x38 modules/hal_nordic/modules/hal_nordic/nrfx/libnrfx.a(nrfx_qspi.c.obj)
                0x0000000000005954                nrfx_qspi_init
 .text.nrfx_qspi_cinstr_xfer
                0x000000000000598c       0xb8 modules/hal_nordic/modules/hal_nordic/nrfx/libnrfx.a(nrfx_qspi.c.obj)
                0x000000000000598c                nrfx_qspi_cinstr_xfer
 .text.nrfx_qspi_activate
                0x0000000000005a44       0x18 modules/hal_nordic/modules/hal_nordic/nrfx/libnrfx.a(nrfx_qspi.c.obj)
                0x0000000000005a44                nrfx_qspi_activate
 .text.nrfx_qspi_deactivate
                0x0000000000005a5c       0x20 modules/hal_nordic/modules/hal_nordic/nrfx/libnrfx.a(nrfx_qspi.c.obj)
                0x0000000000005a5c                nrfx_qspi_deactivate
 .text.nrfx_qspi_init_check
                0x0000000000005a7c       0x14 modules/hal_nordic/modules/hal_nordic/nrfx/libnrfx.a(nrfx_qspi.c.obj)
                0x0000000000005a7c                nrfx_qspi_init_check
 .text.nrfx_qspi_erase
                0x0000000000005a90       0x9c modules/hal_nordic/modules/hal_nordic/nrfx/libnrfx.a(nrfx_qspi.c.obj)
                0x0000000000005a90                nrfx_qspi_erase
 .text.QSPI_IRQHandler
                0x0000000000005b2c       0x94 modules/hal_nordic/modules/hal_nordic/nrfx/libnrfx.a(nrfx_qspi.c.obj)
                0x0000000000005b2c                QSPI_IRQHandler
 .text.nrf53_errata_135
                0x0000000000005bc0       0x28 modules/hal_nordic/modules/hal_nordic/nrfx/libnrfx.a(nrfx_spim.c.obj)
 .text.nrf_gpio_pin_port_decode
                0x0000000000005be8       0x24 modules/hal_nordic/modules/hal_nordic/nrfx/libnrfx.a(nrfx_spim.c.obj)
 .text.spim_abort
                0x0000000000005c0c       0x4c modules/hal_nordic/modules/hal_nordic/nrfx/libnrfx.a(nrfx_spim.c.obj)
 .text.spim_configuration_verify
                0x0000000000005c58       0xcc modules/hal_nordic/modules/hal_nordic/nrfx/libnrfx.a(nrfx_spim.c.obj)
 .text.pin_init.constprop.0
                0x0000000000005d24       0x4c modules/hal_nordic/modules/hal_nordic/nrfx/libnrfx.a(nrfx_spim.c.obj)
 .text.spim_configure
                0x0000000000005d70      0x1d8 modules/hal_nordic/modules/hal_nordic/nrfx/libnrfx.a(nrfx_spim.c.obj)
 .text.spim_pin_uninit
                0x0000000000005f48       0x38 modules/hal_nordic/modules/hal_nordic/nrfx/libnrfx.a(nrfx_spim.c.obj)
 .text.nrfx_spim_uninit
                0x0000000000005f80       0x70 modules/hal_nordic/modules/hal_nordic/nrfx/libnrfx.a(nrfx_spim.c.obj)
                0x0000000000005f80                nrfx_spim_uninit
 .text.nrfx_spim_xfer
                0x0000000000005ff0      0x170 modules/hal_nordic/modules/hal_nordic/nrfx/libnrfx.a(nrfx_spim.c.obj)
                0x0000000000005ff0                nrfx_spim_xfer
 .text.z_sys_init_run_level
                0x0000000000006160       0x30 zephyr/kernel/libkernel.a(init.c.obj)
 .text.bg_thread_main
                0x0000000000006190       0x38 zephyr/kernel/libkernel.a(init.c.obj)
 .text.z_cstart
                0x00000000000061c8       0x78 zephyr/kernel/libkernel.a(init.c.obj)
                0x00000000000061c8                z_cstart
 .text.first    0x0000000000006240       0x10 zephyr/kernel/libkernel.a(timeout.c.obj)
 .text.elapsed  0x0000000000006250       0x14 zephyr/kernel/libkernel.a(timeout.c.obj)
 .text.remove_timeout
                0x0000000000006264       0x38 zephyr/kernel/libkernel.a(timeout.c.obj)
 .text.z_add_timeout
                0x000000000000629c      0x120 zephyr/kernel/libkernel.a(timeout.c.obj)
                0x000000000000629c                z_add_timeout
 .text.sys_clock_announce
                0x00000000000063bc       0xb8 zephyr/kernel/libkernel.a(timeout.c.obj)
                0x00000000000063bc                sys_clock_announce
 .text.sys_clock_tick_get
                0x0000000000006474       0x30 zephyr/kernel/libkernel.a(timeout.c.obj)
                0x0000000000006474                sys_clock_tick_get
 .text.z_timer_expiration_handler
                0x00000000000064a4       0xdc zephyr/kernel/libkernel.a(timer.c.obj)
                0x00000000000064a4                z_timer_expiration_handler
 .text.z_impl_k_timer_start
                0x0000000000006580       0x70 zephyr/kernel/libkernel.a(timer.c.obj)
                0x0000000000006580                z_impl_k_timer_start
 .text.nrf_cc3xx_platform_init_no_rng
                0x00000000000065f0       0x38 /home/t/asset-tracker-template/nrfxlib/crypto/nrf_cc312_platform/lib/cortex-m33/soft-float/no-interrupts/libnrf_cc312_platform_0.9.19.a(nrf_cc3xx_platform.c.obj)
                0x00000000000065f0                nrf_cc3xx_platform_init_no_rng
 .text.nrf_cc3xx_platform_abort
                0x0000000000006628       0x24 /home/t/asset-tracker-template/nrfxlib/crypto/nrf_cc312_platform/lib/cortex-m33/soft-float/no-interrupts/libnrf_cc312_platform_0.9.19.a(nrf_cc3xx_platform_abort.c.obj)
 .text.CC_PalAbort
                0x000000000000664c       0x44 /home/t/asset-tracker-template/nrfxlib/crypto/nrf_cc312_platform/lib/cortex-m33/soft-float/no-interrupts/libnrf_cc312_platform_0.9.19.a(nrf_cc3xx_platform_abort.c.obj)
                0x000000000000664c                CC_PalAbort
 .text.nrf_cc3xx_platform_set_abort
                0x0000000000006690       0x10 /home/t/asset-tracker-template/nrfxlib/crypto/nrf_cc312_platform/lib/cortex-m33/soft-float/no-interrupts/libnrf_cc312_platform_0.9.19.a(nrf_cc3xx_platform_abort.c.obj)
                0x0000000000006690                nrf_cc3xx_platform_set_abort
 .text.CC_LibInitNoRng
                0x00000000000066a0       0x28 /home/t/asset-tracker-template/nrfxlib/crypto/nrf_cc312_platform/lib/cortex-m33/soft-float/no-interrupts/libnrf_cc312_platform_0.9.19.a(cc_lib.c.obj)
                0x00000000000066a0                CC_LibInitNoRng
 .text.CC_HalInit
                0x00000000000066c8        0x4 /home/t/asset-tracker-template/nrfxlib/crypto/nrf_cc312_platform/lib/cortex-m33/soft-float/no-interrupts/libnrf_cc312_platform_0.9.19.a(cc_hal.c.obj)
                0x00000000000066c8                CC_HalInit
 .text.CC_PalInit
                0x00000000000066cc       0x5c /home/t/asset-tracker-template/nrfxlib/crypto/nrf_cc312_platform/lib/cortex-m33/soft-float/no-interrupts/libnrf_cc312_platform_0.9.19.a(cc_pal.c.obj)
                0x00000000000066cc                CC_PalInit
 .text.CC_PalTerminate
                0x0000000000006728       0x34 /home/t/asset-tracker-template/nrfxlib/crypto/nrf_cc312_platform/lib/cortex-m33/soft-float/no-interrupts/libnrf_cc312_platform_0.9.19.a(cc_pal.c.obj)
                0x0000000000006728                CC_PalTerminate
 .text.CC_PalDmaInit
                0x000000000000675c        0x4 /home/t/asset-tracker-template/nrfxlib/crypto/nrf_cc312_platform/lib/cortex-m33/soft-float/no-interrupts/libnrf_cc312_platform_0.9.19.a(cc_pal_dma.c.obj)
                0x000000000000675c                CC_PalDmaInit
 .text.CC_PalDmaTerminate
                0x0000000000006760        0x4 /home/t/asset-tracker-template/nrfxlib/crypto/nrf_cc312_platform/lib/cortex-m33/soft-float/no-interrupts/libnrf_cc312_platform_0.9.19.a(cc_pal_dma.c.obj)
                0x0000000000006760                CC_PalDmaTerminate
 .text.CC_PalMutexCreate
                0x0000000000006764       0x14 /home/t/asset-tracker-template/nrfxlib/crypto/nrf_cc312_platform/lib/cortex-m33/soft-float/no-interrupts/libnrf_cc312_platform_0.9.19.a(cc_pal_mutex.c.obj)
                0x0000000000006764                CC_PalMutexCreate
 .text.CC_PalMutexDestroy
                0x0000000000006778       0x14 /home/t/asset-tracker-template/nrfxlib/crypto/nrf_cc312_platform/lib/cortex-m33/soft-float/no-interrupts/libnrf_cc312_platform_0.9.19.a(cc_pal_mutex.c.obj)
                0x0000000000006778                CC_PalMutexDestroy
 .text.CC_PalPowerSaveModeInit
                0x000000000000678c       0x3c /home/t/asset-tracker-template/nrfxlib/crypto/nrf_cc312_platform/lib/cortex-m33/soft-float/no-interrupts/libnrf_cc312_platform_0.9.19.a(cc_pal_pm.c.obj)
                0x000000000000678c                CC_PalPowerSaveModeInit
 .text.mutex_free
                0x00000000000067c8       0x34 /home/t/asset-tracker-template/nrfxlib/crypto/nrf_cc312_platform/lib/cortex-m33/soft-float/no-interrupts/libnrf_cc312_platform_0.9.19.a(nrf_cc3xx_platform_mutex.c.obj)
 .text.mutex_lock
                0x00000000000067fc       0x48 /home/t/asset-tracker-template/nrfxlib/crypto/nrf_cc312_platform/lib/cortex-m33/soft-float/no-interrupts/libnrf_cc312_platform_0.9.19.a(nrf_cc3xx_platform_mutex.c.obj)
 .text.mutex_unlock
                0x0000000000006844       0x38 /home/t/asset-tracker-template/nrfxlib/crypto/nrf_cc312_platform/lib/cortex-m33/soft-float/no-interrupts/libnrf_cc312_platform_0.9.19.a(nrf_cc3xx_platform_mutex.c.obj)
 .text.mutex_init
                0x000000000000687c       0x20 /home/t/asset-tracker-template/nrfxlib/crypto/nrf_cc312_platform/lib/cortex-m33/soft-float/no-interrupts/libnrf_cc312_platform_0.9.19.a(nrf_cc3xx_platform_mutex.c.obj)
 .text.__m_vfprintf
                0x000000000000689c      0x294 /home/t/ncs/toolchains/c5be9c56c7/opt/zephyr-sdk/arm-zephyr-eabi/bin/../lib/gcc/../../picolibc/arm-zephyr-eabi/lib/thumb/v8-m.main/nofp/libc.a(libc_tinystdio_vfmprintf.c.o)
                0x000000000000689c                __m_vfprintf
 .text._OffsetAbsSyms
                0x0000000000006b30        0x2 zephyr/CMakeFiles/offsets.dir/./arch/arm/core/offsets/offsets.c.obj
                0x0000000000006b30                _OffsetAbsSyms
 .text.flash_area_get_device_id
                0x0000000000006b32        0x4 app/libapp.a(flash_map_extended.c.obj)
                0x0000000000006b32                flash_area_get_device_id
 .text.flash_area_get_sector
                0x0000000000006b36       0x36 app/libapp.a(flash_map_extended.c.obj)
                0x0000000000006b36                flash_area_get_sector
 .text.bootutil_img_hash
                0x0000000000006b6c       0x8a app/libapp.a(bootutil_img_hash.c.obj)
                0x0000000000006b6c                bootutil_img_hash
 .text.bootutil_tlv_iter_begin
                0x0000000000006bf6       0x9c app/libapp.a(tlv.c.obj)
                0x0000000000006bf6                bootutil_tlv_iter_begin
 .text.bootutil_tlv_iter_next
                0x0000000000006c92       0x98 app/libapp.a(tlv.c.obj)
                0x0000000000006c92                bootutil_tlv_iter_next
 .text.bootutil_tlv_iter_is_prot
                0x0000000000006d2a       0x1c app/libapp.a(tlv.c.obj)
                0x0000000000006d2a                bootutil_tlv_iter_is_prot
 .text.boot_fih_memequal
                0x0000000000006d46        0x4 app/libapp.a(bootutil_misc.c.obj)
                0x0000000000006d46                boot_fih_memequal
 .text.bootutil_max_image_size
                0x0000000000006d4a        0x6 app/libapp.a(bootutil_misc.c.obj)
                0x0000000000006d4a                bootutil_max_image_size
 .text.boot_read_image_size
                0x0000000000006d50       0xa8 app/libapp.a(bootutil_misc.c.obj)
                0x0000000000006d50                boot_read_image_size
 .text.boot_state_clear
                0x0000000000006df8       0x16 app/libapp.a(bootutil_misc.c.obj)
                0x0000000000006df8                boot_state_clear
 .text.boot_trailer_sz
                0x0000000000006e0e        0xa app/libapp.a(bootutil_area.c.obj)
                0x0000000000006e0e                boot_trailer_sz
 .text.boot_scramble_region
                0x0000000000006e18       0x10 app/libapp.a(bootutil_area.c.obj)
                0x0000000000006e18                boot_scramble_region
 .text.boot_scramble_slot
                0x0000000000006e28        0xa app/libapp.a(bootutil_area.c.obj)
                0x0000000000006e28                boot_scramble_slot
 .text.boot_check_header_erased
                0x0000000000006e32       0x2c app/libapp.a(bootutil_loader.c.obj)
                0x0000000000006e32                boot_check_header_erased
 .text.boot_read_image_headers
                0x0000000000006e5e       0x5e app/libapp.a(bootutil_loader.c.obj)
                0x0000000000006e5e                boot_read_image_headers
 .text.boot_compare_version
                0x0000000000006ebc       0x2c app/libapp.a(bootutil_loader.c.obj)
                0x0000000000006ebc                boot_compare_version
 .text.boot_add_shared_data
                0x0000000000006ee8        0x4 app/libapp.a(bootutil_loader.c.obj)
                0x0000000000006ee8                boot_add_shared_data
 .text.boot_close_all_flash_areas
                0x0000000000006eec       0x40 app/libapp.a(bootutil_loader.c.obj)
                0x0000000000006eec                boot_close_all_flash_areas
 .text.boot_open_all_flash_areas
                0x0000000000006f2c       0x60 app/libapp.a(bootutil_loader.c.obj)
                0x0000000000006f2c                boot_open_all_flash_areas
 .text.boot_status_reset
                0x0000000000006f8c       0x12 app/libapp.a(loader.c.obj)
                0x0000000000006f8c                boot_status_reset
 .text.boot_status_is_reset
                0x0000000000006f9e       0x1a app/libapp.a(loader.c.obj)
                0x0000000000006f9e                boot_status_is_reset
 .text.boot_read_image_header
                0x0000000000006fb8       0x2a app/libapp.a(swap_scratch.c.obj)
                0x0000000000006fb8                boot_read_image_header
 .text.chunk_field
                0x0000000000006fe2       0x16 zephyr/libzephyr.a(heap.c.obj)
 .text.chunk_set
                0x0000000000006ff8       0x16 zephyr/libzephyr.a(heap.c.obj)
 .text.chunk_size
                0x000000000000700e        0xc zephyr/libzephyr.a(heap.c.obj)
 .text.set_chunk_used
                0x000000000000701a       0x30 zephyr/libzephyr.a(heap.c.obj)
 .text.set_chunk_size
                0x000000000000704a        0x8 zephyr/libzephyr.a(heap.c.obj)
 .text.bucket_idx
                0x0000000000007052       0x1e zephyr/libzephyr.a(heap.c.obj)
 .text.free_list_add
                0x0000000000007070       0x84 zephyr/libzephyr.a(heap.c.obj)
 .text.sys_heap_init
                0x00000000000070f4       0xb0 zephyr/libzephyr.a(heap.c.obj)
                0x00000000000070f4                sys_heap_init
 .text.arch_printk_char_out
                0x00000000000071a4        0x4 zephyr/libzephyr.a(printk.c.obj)
                0x00000000000071a4                arch_printk_char_out
 .text.printk   0x00000000000071a8       0x1a zephyr/libzephyr.a(printk.c.obj)
                0x00000000000071a8                printk
 .text.process_recheck
                0x00000000000071c2       0x38 zephyr/libzephyr.a(onoff.c.obj)
 .text.validate_args
                0x00000000000071fa       0x20 zephyr/libzephyr.a(onoff.c.obj)
 .text.notify_one
                0x000000000000721a       0x2c zephyr/libzephyr.a(onoff.c.obj)
 .text.transition_complete
                0x0000000000007246       0x1a zephyr/libzephyr.a(onoff.c.obj)
 .text.onoff_manager_init
                0x0000000000007260       0x26 zephyr/libzephyr.a(onoff.c.obj)
                0x0000000000007260                onoff_manager_init
 .text.onoff_request
                0x0000000000007286       0xae zephyr/libzephyr.a(onoff.c.obj)
                0x0000000000007286                onoff_request
 .text.sys_notify_validate
                0x0000000000007334       0x22 zephyr/libzephyr.a(notify.c.obj)
                0x0000000000007334                sys_notify_validate
 .text.sys_notify_finalize
                0x0000000000007356       0x1a zephyr/libzephyr.a(notify.c.obj)
                0x0000000000007356                sys_notify_finalize
 .text._ConfigAbsSyms
                0x0000000000007370        0x2 zephyr/libzephyr.a(configs.c.obj)
                0x0000000000007370                _ConfigAbsSyms
 .text.z_log_minimal_printk
                0x0000000000007372       0x1a zephyr/libzephyr.a(log_minimal.c.obj)
                0x0000000000007372                z_log_minimal_printk
 .text.is_in_flash_area_bounds
                0x000000000000738c       0x1a zephyr/libzephyr.a(flash_map.c.obj)
 .text.flash_area_close
                0x00000000000073a6        0x2 zephyr/libzephyr.a(flash_map.c.obj)
                0x00000000000073a6                flash_area_close
 .text.flash_area_read
                0x00000000000073a8       0x2a zephyr/libzephyr.a(flash_map.c.obj)
                0x00000000000073a8                flash_area_read
 .text.flash_area_write
                0x00000000000073d2       0x2a zephyr/libzephyr.a(flash_map.c.obj)
                0x00000000000073d2                flash_area_write
 .text.flash_area_erase
                0x00000000000073fc       0x2a zephyr/libzephyr.a(flash_map.c.obj)
                0x00000000000073fc                flash_area_erase
 .text.flash_area_align
                0x0000000000007426        0xe zephyr/libzephyr.a(flash_map.c.obj)
                0x0000000000007426                flash_area_align
 .text.flash_area_erased_val
                0x0000000000007434        0xe zephyr/libzephyr.a(flash_map.c.obj)
                0x0000000000007434                flash_area_erased_val
 .text.get_sectors_cb
                0x0000000000007442       0x44 zephyr/libzephyr.a(flash_map_layout.c.obj)
 .text.flash_area_get_sectors
                0x0000000000007486       0x32 zephyr/libzephyr.a(flash_map_layout.c.obj)
                0x0000000000007486                flash_area_get_sectors
 .text.abort_function
                0x00000000000074b8        0x2 zephyr/libzephyr.a(nrf_cc3xx_platform_abort_zephyr.c.obj)
 .text.nrf_cc3xx_platform_mutex_init
                0x00000000000074ba        0x2 zephyr/libzephyr.a(nrf_cc3xx_platform_no_mutex_zephyr.c.obj)
                0x00000000000074ba                nrf_cc3xx_platform_mutex_init
 .text.arch_early_memset
                0x00000000000074bc        0x4 zephyr/arch/common/libarch__common.a(init.c.obj)
                0x00000000000074bc                arch_early_memset
 .text.arch_early_memcpy
                0x00000000000074c0        0x4 zephyr/arch/common/libarch__common.a(init.c.obj)
                0x00000000000074c0                arch_early_memcpy
 .text.z_arm_fatal_error
                0x00000000000074c4        0xc zephyr/arch/arch/arm/core/libarch__arm__core.a(fatal.c.obj)
                0x00000000000074c4                z_arm_fatal_error
 .text.z_do_kernel_oops
                0x00000000000074d0        0x8 zephyr/arch/arch/arm/core/libarch__arm__core.a(fatal.c.obj)
                0x00000000000074d0                z_do_kernel_oops
 .text.z_arm_nmi
                0x00000000000074d8        0xe zephyr/arch/arch/arm/core/libarch__arm__core.a(nmi.c.obj)
                0x00000000000074d8                z_arm_nmi
 .text._HandlerModeExit
                0x00000000000074e6        0x2 zephyr/arch/arch/arm/core/cortex_m/libarch__arm__core__cortex_m.a(exc_exit.c.obj)
                0x00000000000074e6                z_arm_exc_exit
                0x00000000000074e6                z_arm_int_exit
 .text.z_irq_spurious
                0x00000000000074e8        0x8 zephyr/arch/arch/arm/core/cortex_m/libarch__arm__core__cortex_m.a(irq_manage.c.obj)
                0x00000000000074e8                z_irq_spurious
 .text.arch_irq_unlock_outlined
                0x00000000000074f0        0xe zephyr/arch/arch/arm/core/cortex_m/libarch__arm__core__cortex_m.a(thread.c.obj)
                0x00000000000074f0                arch_irq_unlock_outlined
 .text.arch_irq_lock_outlined
                0x00000000000074fe       0x10 zephyr/arch/arch/arm/core/cortex_m/libarch__arm__core__cortex_m.a(thread.c.obj)
                0x00000000000074fe                arch_irq_lock_outlined
 .text.arch_cpu_atomic_idle
                0x000000000000750e       0x38 zephyr/arch/arch/arm/core/cortex_m/libarch__arm__core__cortex_m.a(cpu_idle.c.obj)
                0x000000000000750e                arch_cpu_atomic_idle
 .text.arm_cmse_mpu_region_get
                0x0000000000007546       0x12 zephyr/arch/arch/arm/core/cortex_m/cmse/libarch__arm__core__cortex_m__cmse.a(arm_core_cmse.c.obj)
                0x0000000000007546                arm_cmse_mpu_region_get
 .text.mpu_configure_region
                0x0000000000007558       0x32 zephyr/arch/arch/arm/core/mpu/libarch__arm__core__mpu.a(arm_mpu.c.obj)
 .text.__assert_no_args
                0x000000000000758a        0x6 zephyr/lib/libc/picolibc/liblib__libc__picolibc.a(assert.c.obj)
                0x000000000000758a                __assert_no_args
 .text.picolibc_put
                0x0000000000007590        0xa zephyr/lib/libc/picolibc/liblib__libc__picolibc.a(stdio.c.obj)
 .text.onoff_stop
                0x000000000000759a       0x22 zephyr/soc/soc/nrf5340/libsoc__nordic.a(nrf53_cpunet_mgmt.c.obj)
 .text.get_status
                0x00000000000075bc       0x12 zephyr/drivers/clock_control/libdrivers__clock_control.a(clock_control_nrf.c.obj)
 .text.stop     0x00000000000075ce       0x50 zephyr/drivers/clock_control/libdrivers__clock_control.a(clock_control_nrf.c.obj)
 .text.api_stop
                0x000000000000761e        0x6 zephyr/drivers/clock_control/libdrivers__clock_control.a(clock_control_nrf.c.obj)
 .text.async_start
                0x0000000000007624       0x5a zephyr/drivers/clock_control/libdrivers__clock_control.a(clock_control_nrf.c.obj)
 .text.api_start
                0x000000000000767e        0xe zephyr/drivers/clock_control/libdrivers__clock_control.a(clock_control_nrf.c.obj)
 .text.api_blocking_start
                0x000000000000768c        0x6 zephyr/drivers/clock_control/libdrivers__clock_control.a(clock_control_nrf.c.obj)
 .text.onoff_started_callback
                0x0000000000007692       0x12 zephyr/drivers/clock_control/libdrivers__clock_control.a(clock_control_nrf.c.obj)
 .text.hfclkaudio_start
                0x00000000000076a4        0x6 zephyr/drivers/clock_control/libdrivers__clock_control.a(clock_control_nrf.c.obj)
 .text.hfclk192m_start
                0x00000000000076aa        0x6 zephyr/drivers/clock_control/libdrivers__clock_control.a(clock_control_nrf.c.obj)
 .text.hfclkaudio_stop
                0x00000000000076b0        0x6 zephyr/drivers/clock_control/libdrivers__clock_control.a(clock_control_nrf.c.obj)
 .text.hfclk192m_stop
                0x00000000000076b6        0x6 zephyr/drivers/clock_control/libdrivers__clock_control.a(clock_control_nrf.c.obj)
 .text.lfclk_stop
                0x00000000000076bc        0x4 zephyr/drivers/clock_control/libdrivers__clock_control.a(clock_control_nrf.c.obj)
 .text.lfclk_start
                0x00000000000076c0        0x4 zephyr/drivers/clock_control/libdrivers__clock_control.a(clock_control_nrf.c.obj)
 .text.flash_get_page_info
                0x00000000000076c4       0x62 zephyr/drivers/flash/libdrivers__flash.a(flash_page_layout.c.obj)
 .text.z_impl_flash_get_page_info_by_offs
                0x0000000000007726        0x8 zephyr/drivers/flash/libdrivers__flash.a(flash_page_layout.c.obj)
                0x0000000000007726                z_impl_flash_get_page_info_by_offs
 .text.flash_page_foreach
                0x000000000000772e       0x58 zephyr/drivers/flash/libdrivers__flash.a(flash_page_layout.c.obj)
                0x000000000000772e                flash_page_foreach
 .text.qspi_clock_div_restore
                0x0000000000007786       0x20 zephyr/drivers/flash/libdrivers__flash.a(nrf_qspi_nor.c.obj)
 .text.qspi_handler
                0x00000000000077a6        0x8 zephyr/drivers/flash/libdrivers__flash.a(nrf_qspi_nor.c.obj)
 .text.qspi_nor_get_size
                0x00000000000077ae        0xe zephyr/drivers/flash/libdrivers__flash.a(nrf_qspi_nor.c.obj)
                0x00000000000077ae                qspi_nor_get_size
 .text.qspi_release
                0x00000000000077bc       0x16 zephyr/drivers/flash/libdrivers__flash.a(nrf_qspi_nor.c.obj)
 .text.qspi_send_cmd.constprop.0
                0x00000000000077d2       0x5a zephyr/drivers/flash/libdrivers__flash.a(nrf_qspi_nor.c.obj)
 .text.qspi_rdsr.constprop.0.isra.0
                0x000000000000782c       0x36 zephyr/drivers/flash/libdrivers__flash.a(nrf_qspi_nor.c.obj)
 .text.qspi_nor_write_protection_set.isra.0
                0x0000000000007862       0x2a zephyr/drivers/flash/libdrivers__flash.a(nrf_qspi_nor.c.obj)
 .text.qspi_wait_for_completion.isra.0
                0x000000000000788c       0x3a zephyr/drivers/flash/libdrivers__flash.a(nrf_qspi_nor.c.obj)
 .text.qspi_clock_div_change.isra.0
                0x00000000000078c6       0x32 zephyr/drivers/flash/libdrivers__flash.a(nrf_qspi_nor.c.obj)
 .text.qspi_acquire.isra.0
                0x00000000000078f8        0xa zephyr/drivers/flash/libdrivers__flash.a(nrf_qspi_nor.c.obj)
 .text.qspi_nor_read
                0x0000000000007902      0x11e zephyr/drivers/flash/libdrivers__flash.a(nrf_qspi_nor.c.obj)
 .text.qspi_nor_write
                0x0000000000007a20       0xfc zephyr/drivers/flash/libdrivers__flash.a(nrf_qspi_nor.c.obj)
 .text.qspi_nor_erase
                0x0000000000007b1c       0xe8 zephyr/drivers/flash/libdrivers__flash.a(nrf_qspi_nor.c.obj)
 .text.flash_nrf_get_size
                0x0000000000007c04       0x12 zephyr/drivers/flash/libdrivers__flash.a(soc_flash_nrf.c.obj)
 .text.is_regular_addr_valid
                0x0000000000007c16       0x22 zephyr/drivers/flash/libdrivers__flash.a(soc_flash_nrf.c.obj)
 .text.flash_nrf_erase
                0x0000000000007c38       0x4c zephyr/drivers/flash/libdrivers__flash.a(soc_flash_nrf.c.obj)
 .text.flash_nrf_read
                0x0000000000007c84       0x28 zephyr/drivers/flash/libdrivers__flash.a(soc_flash_nrf.c.obj)
 .text.flash_sim_get_size
                0x0000000000007cac        0xe zephyr/drivers/flash/libdrivers__flash.a(flash_simulator.c.obj)
 .text.gpio_nrfx_port_get_raw
                0x0000000000007cba        0xc zephyr/drivers/gpio/libdrivers__gpio.a(gpio_nrfx.c.obj)
 .text.gpio_nrfx_port_set_masked_raw
                0x0000000000007cc6       0x14 zephyr/drivers/gpio/libdrivers__gpio.a(gpio_nrfx.c.obj)
 .text.gpio_nrfx_port_set_bits_raw
                0x0000000000007cda        0xa zephyr/drivers/gpio/libdrivers__gpio.a(gpio_nrfx.c.obj)
 .text.gpio_nrfx_port_clear_bits_raw
                0x0000000000007ce4        0xa zephyr/drivers/gpio/libdrivers__gpio.a(gpio_nrfx.c.obj)
 .text.gpio_nrfx_port_toggle_bits
                0x0000000000007cee       0x14 zephyr/drivers/gpio/libdrivers__gpio.a(gpio_nrfx.c.obj)
 .text.gpio_nrfx_manage_callback
                0x0000000000007d02       0x52 zephyr/drivers/gpio/libdrivers__gpio.a(gpio_nrfx.c.obj)
 .text.gpio_nrfx_gpiote_irq_handler
                0x0000000000007d54        0x4 zephyr/drivers/gpio/libdrivers__gpio.a(gpio_nrfx.c.obj)
                0x0000000000007d54                gpio_nrfx_gpiote_irq_handler
 .text.pinctrl_lookup_state
                0x0000000000007d58       0x26 zephyr/drivers/pinctrl/libdrivers__pinctrl.a(common.c.obj)
                0x0000000000007d58                pinctrl_lookup_state
 .text.uarte_nrfx_err_check
                0x0000000000007d7e        0xe zephyr/drivers/serial/libdrivers__serial.a(uart_nrfx_uarte.c.obj)
 .text.uarte_nrfx_poll_in
                0x0000000000007d8c       0x26 zephyr/drivers/serial/libdrivers__serial.a(uart_nrfx_uarte.c.obj)
 .text.is_tx_ready.isra.0
                0x0000000000007db2       0x20 zephyr/drivers/serial/libdrivers__serial.a(uart_nrfx_uarte.c.obj)
 .text.pinctrl_apply_state.isra.0
                0x0000000000007dd2       0x1e zephyr/drivers/serial/libdrivers__serial.a(uart_nrfx_uarte.c.obj)
 .text.uarte_0_init
                0x0000000000007df0       0xf8 zephyr/drivers/serial/libdrivers__serial.a(uart_nrfx_uarte.c.obj)
 .text.irq_connect0
                0x0000000000007ee8        0xa zephyr/drivers/spi/libdrivers__spi.a(spi_nrfx_spim.c.obj)
 .text.spi_context_get_next_buf.constprop.0
                0x0000000000007ef2       0x26 zephyr/drivers/spi/libdrivers__spi.a(spi_nrfx_spim.c.obj)
 .text.pinctrl_apply_state.isra.0
                0x0000000000007f18       0x1e zephyr/drivers/spi/libdrivers__spi.a(spi_nrfx_spim.c.obj)
 .text.gpio_pin_set_dt.isra.0
                0x0000000000007f36       0x28 zephyr/drivers/spi/libdrivers__spi.a(spi_nrfx_spim.c.obj)
 .text._spi_context_cs_control
                0x0000000000007f5e       0x40 zephyr/drivers/spi/libdrivers__spi.a(spi_nrfx_spim.c.obj)
 .text.spi_nrfx_init
                0x0000000000007f9e       0xbc zephyr/drivers/spi/libdrivers__spi.a(spi_nrfx_spim.c.obj)
 .text.spi_nrfx_release
                0x000000000000805a       0x2a zephyr/drivers/spi/libdrivers__spi.a(spi_nrfx_spim.c.obj)
 .text.finish_transaction
                0x0000000000008084       0x2a zephyr/drivers/spi/libdrivers__spi.a(spi_nrfx_spim.c.obj)
 .text.transfer_next_chunk
                0x00000000000080ae       0xb8 zephyr/drivers/spi/libdrivers__spi.a(spi_nrfx_spim.c.obj)
 .text.event_handler
                0x0000000000008166       0xb2 zephyr/drivers/spi/libdrivers__spi.a(spi_nrfx_spim.c.obj)
 .text.spi_nrfx_wake_init
                0x0000000000008218       0x50 zephyr/drivers/spi/libdrivers__spi.a(spi_nrfx_common.c.obj)
                0x0000000000008218                spi_nrfx_wake_init
 .text.spi_nrfx_wake_request
                0x0000000000008268       0x50 zephyr/drivers/spi/libdrivers__spi.a(spi_nrfx_common.c.obj)
                0x0000000000008268                spi_nrfx_wake_request
 .text.event_clear
                0x00000000000082b8       0x18 zephyr/drivers/timer/libdrivers__timer.a(nrf_rtc_timer.c.obj)
 .text.sys_clock_cycle_get_32
                0x00000000000082d0        0x8 zephyr/drivers/timer/libdrivers__timer.a(nrf_rtc_timer.c.obj)
                0x00000000000082d0                sys_clock_cycle_get_32
 .text.boot_read_image_header_hook
                0x00000000000082d8       0x5e modules/nrf/modules/mcuboot/hooks/lib..__nrf__modules__mcuboot__hooks.a(nrf53_hooks.c.obj)
                0x00000000000082d8                boot_read_image_header_hook
 .text.boot_perform_update_hook
                0x0000000000008336        0x4 modules/nrf/modules/mcuboot/hooks/lib..__nrf__modules__mcuboot__hooks.a(nrf53_hooks.c.obj)
                0x0000000000008336                boot_perform_update_hook
 .text.boot_read_swap_state_primary_slot_hook
                0x000000000000833a       0x18 modules/nrf/modules/mcuboot/hooks/lib..__nrf__modules__mcuboot__hooks.a(nrf53_hooks.c.obj)
                0x000000000000833a                boot_read_swap_state_primary_slot_hook
 .text.boot_copy_region_post_hook
                0x0000000000008352        0xc modules/nrf/modules/mcuboot/hooks/lib..__nrf__modules__mcuboot__hooks.a(nrf53_hooks.c.obj)
                0x0000000000008352                boot_copy_region_post_hook
 .text.hw_cc3xx_init_internal
                0x000000000000835e        0x4 modules/nrf/drivers/hw_cc3xx/lib..__nrf__drivers__hw_cc3xx.a(hw_cc3xx.c.obj)
 .text.hw_cc3xx_init
                0x0000000000008362       0x12 modules/nrf/drivers/hw_cc3xx/lib..__nrf__drivers__hw_cc3xx.a(hw_cc3xx.c.obj)
 .text.boot_swap_info_off
                0x0000000000008374        0xc modules/mcuboot/boot/bootutil/zephyr/libmcuboot_util.a(bootutil_public.c.obj)
                0x0000000000008374                boot_swap_info_off
 .text.boot_magic_compatible_check
                0x0000000000008380       0x1c modules/mcuboot/boot/bootutil/zephyr/libmcuboot_util.a(bootutil_public.c.obj)
                0x0000000000008380                boot_magic_compatible_check
 .text.bootutil_buffer_is_erased
                0x000000000000839c       0x26 modules/mcuboot/boot/bootutil/zephyr/libmcuboot_util.a(bootutil_public.c.obj)
                0x000000000000839c                bootutil_buffer_is_erased
 .text.boot_read_flag
                0x00000000000083c2       0x38 modules/mcuboot/boot/bootutil/zephyr/libmcuboot_util.a(bootutil_public.c.obj)
 .text.boot_read_image_ok
                0x00000000000083fa        0xc modules/mcuboot/boot/bootutil/zephyr/libmcuboot_util.a(bootutil_public.c.obj)
                0x00000000000083fa                boot_read_image_ok
 .text.boot_read_swap_state_by_id
                0x0000000000008406       0x28 modules/mcuboot/boot/bootutil/zephyr/libmcuboot_util.a(bootutil_public.c.obj)
                0x0000000000008406                boot_read_swap_state_by_id
 .text.mbedtls_asn1_get_len
                0x000000000000842e       0x68 modules/mbedtls/libmbedTLSBase.a(asn1parse.c.obj)
                0x000000000000842e                mbedtls_asn1_get_len
 .text.mbedtls_asn1_get_tag
                0x0000000000008496       0x28 modules/mbedtls/libmbedTLSBase.a(asn1parse.c.obj)
                0x0000000000008496                mbedtls_asn1_get_tag
 .text.mbedtls_asn1_get_mpi
                0x00000000000084be       0x26 modules/mbedtls/libmbedTLSBase.a(asn1parse.c.obj)
                0x00000000000084be                mbedtls_asn1_get_mpi
 .text.mbedtls_mpi_core_bitlen
                0x00000000000084e4       0x1e modules/mbedtls/libmbedTLSBase.a(bignum_core.c.obj)
                0x00000000000084e4                mbedtls_mpi_core_bitlen
 .text.mbedtls_mpi_core_bigendian_to_host
                0x0000000000008502       0x26 modules/mbedtls/libmbedTLSBase.a(bignum_core.c.obj)
                0x0000000000008502                mbedtls_mpi_core_bigendian_to_host
 .text.mbedtls_mpi_core_read_be
                0x0000000000008528       0x4a modules/mbedtls/libmbedTLSBase.a(bignum_core.c.obj)
                0x0000000000008528                mbedtls_mpi_core_read_be
 .text.mbedtls_mpi_core_write_be
                0x0000000000008572       0x64 modules/mbedtls/libmbedTLSBase.a(bignum_core.c.obj)
                0x0000000000008572                mbedtls_mpi_core_write_be
 .text.mbedtls_mpi_core_shift_r
                0x00000000000085d6       0x7c modules/mbedtls/libmbedTLSBase.a(bignum_core.c.obj)
                0x00000000000085d6                mbedtls_mpi_core_shift_r
 .text.mbedtls_mpi_core_shift_l
                0x0000000000008652       0x6c modules/mbedtls/libmbedTLSBase.a(bignum_core.c.obj)
                0x0000000000008652                mbedtls_mpi_core_shift_l
 .text.mbedtls_mpi_core_add
                0x00000000000086be       0x2c modules/mbedtls/libmbedTLSBase.a(bignum_core.c.obj)
                0x00000000000086be                mbedtls_mpi_core_add
 .text.mbedtls_mpi_core_sub
                0x00000000000086ea       0x3a modules/mbedtls/libmbedTLSBase.a(bignum_core.c.obj)
                0x00000000000086ea                mbedtls_mpi_core_sub
 .text.mbedtls_mpi_core_mla
                0x0000000000008724      0x178 modules/mbedtls/libmbedTLSBase.a(bignum_core.c.obj)
                0x0000000000008724                mbedtls_mpi_core_mla
 .text.mbedtls_mpi_core_montmul_init
                0x000000000000889c       0x22 modules/mbedtls/libmbedTLSBase.a(bignum_core.c.obj)
                0x000000000000889c                mbedtls_mpi_core_montmul_init
 .text.mbedtls_mpi_core_montmul
                0x00000000000088be       0x96 modules/mbedtls/libmbedTLSBase.a(bignum_core.c.obj)
                0x00000000000088be                mbedtls_mpi_core_montmul
 .text.mbedtls_mpi_core_get_mont_r2_unsafe
                0x0000000000008954       0x34 modules/mbedtls/libmbedTLSBase.a(bignum_core.c.obj)
                0x0000000000008954                mbedtls_mpi_core_get_mont_r2_unsafe
 .text.mbedtls_mpi_core_exp_mod_working_limbs
                0x0000000000008988       0x16 modules/mbedtls/libmbedTLSBase.a(bignum_core.c.obj)
                0x0000000000008988                mbedtls_mpi_core_exp_mod_working_limbs
 .text.mbedtls_mpi_core_exp_mod
                0x000000000000899e       0x20 modules/mbedtls/libmbedTLSBase.a(bignum_core.c.obj)
                0x000000000000899e                mbedtls_mpi_core_exp_mod
 .text.mbedtls_mpi_core_exp_mod_unsafe
                0x00000000000089be       0x22 modules/mbedtls/libmbedTLSBase.a(bignum_core.c.obj)
                0x00000000000089be                mbedtls_mpi_core_exp_mod_unsafe
 .text.mbedtls_mpi_core_sub_int
                0x00000000000089e0       0x22 modules/mbedtls/libmbedTLSBase.a(bignum_core.c.obj)
                0x00000000000089e0                mbedtls_mpi_core_sub_int
 .text.mbedtls_mpi_core_check_zero_ct
                0x0000000000008a02       0x18 modules/mbedtls/libmbedTLSBase.a(bignum_core.c.obj)
                0x0000000000008a02                mbedtls_mpi_core_check_zero_ct
 .text.mbedtls_mpi_core_to_mont_rep
                0x0000000000008a1a       0x18 modules/mbedtls/libmbedTLSBase.a(bignum_core.c.obj)
                0x0000000000008a1a                mbedtls_mpi_core_to_mont_rep
 .text.mbedtls_mpi_core_from_mont_rep
                0x0000000000008a32       0x20 modules/mbedtls/libmbedTLSBase.a(bignum_core.c.obj)
                0x0000000000008a32                mbedtls_mpi_core_from_mont_rep
 .text.mbedtls_mpi_init
                0x0000000000008a52        0xa modules/mbedtls/libmbedTLSBase.a(bignum.c.obj)
                0x0000000000008a52                mbedtls_mpi_init
 .text.mbedtls_mpi_free
                0x0000000000008a5c       0x1c modules/mbedtls/libmbedTLSBase.a(bignum.c.obj)
                0x0000000000008a5c                mbedtls_mpi_free
 .text.mbedtls_mpi_grow
                0x0000000000008a78       0x48 modules/mbedtls/libmbedTLSBase.a(bignum.c.obj)
                0x0000000000008a78                mbedtls_mpi_grow
 .text.mbedtls_mpi_resize_clear
                0x0000000000008ac0       0x36 modules/mbedtls/libmbedTLSBase.a(bignum.c.obj)
 .text.mbedtls_mpi_shrink
                0x0000000000008af6       0x62 modules/mbedtls/libmbedTLSBase.a(bignum.c.obj)
                0x0000000000008af6                mbedtls_mpi_shrink
 .text.mbedtls_mpi_copy
                0x0000000000008b58       0x6a modules/mbedtls/libmbedTLSBase.a(bignum.c.obj)
                0x0000000000008b58                mbedtls_mpi_copy
 .text.mbedtls_mpi_lset
                0x0000000000008bc2       0x38 modules/mbedtls/libmbedTLSBase.a(bignum.c.obj)
                0x0000000000008bc2                mbedtls_mpi_lset
 .text.mbedtls_mpi_get_bit
                0x0000000000008bfa       0x20 modules/mbedtls/libmbedTLSBase.a(bignum.c.obj)
                0x0000000000008bfa                mbedtls_mpi_get_bit
 .text.mbedtls_mpi_bitlen
                0x0000000000008c1a        0x8 modules/mbedtls/libmbedTLSBase.a(bignum.c.obj)
                0x0000000000008c1a                mbedtls_mpi_bitlen
 .text.mbedtls_mpi_size
                0x0000000000008c22        0xc modules/mbedtls/libmbedTLSBase.a(bignum.c.obj)
                0x0000000000008c22                mbedtls_mpi_size
 .text.mbedtls_mpi_read_binary
                0x0000000000008c2e       0x2c modules/mbedtls/libmbedTLSBase.a(bignum.c.obj)
                0x0000000000008c2e                mbedtls_mpi_read_binary
 .text.mbedtls_mpi_write_binary
                0x0000000000008c5a        0xc modules/mbedtls/libmbedTLSBase.a(bignum.c.obj)
                0x0000000000008c5a                mbedtls_mpi_write_binary
 .text.mbedtls_mpi_shift_l
                0x0000000000008c66       0x3a modules/mbedtls/libmbedTLSBase.a(bignum.c.obj)
                0x0000000000008c66                mbedtls_mpi_shift_l
 .text.mbedtls_mpi_shift_r
                0x0000000000008ca0       0x12 modules/mbedtls/libmbedTLSBase.a(bignum.c.obj)
                0x0000000000008ca0                mbedtls_mpi_shift_r
 .text.mbedtls_mpi_cmp_abs
                0x0000000000008cb2       0x5e modules/mbedtls/libmbedTLSBase.a(bignum.c.obj)
                0x0000000000008cb2                mbedtls_mpi_cmp_abs
 .text.mbedtls_mpi_cmp_mpi
                0x0000000000008d10       0x90 modules/mbedtls/libmbedTLSBase.a(bignum.c.obj)
                0x0000000000008d10                mbedtls_mpi_cmp_mpi
 .text.mbedtls_mpi_cmp_int
                0x0000000000008da0       0x30 modules/mbedtls/libmbedTLSBase.a(bignum.c.obj)
                0x0000000000008da0                mbedtls_mpi_cmp_int
 .text.mbedtls_mpi_add_abs
                0x0000000000008dd0       0x90 modules/mbedtls/libmbedTLSBase.a(bignum.c.obj)
                0x0000000000008dd0                mbedtls_mpi_add_abs
 .text.mbedtls_mpi_sub_abs
                0x0000000000008e60       0xa2 modules/mbedtls/libmbedTLSBase.a(bignum.c.obj)
                0x0000000000008e60                mbedtls_mpi_sub_abs
 .text.add_sub_mpi
                0x0000000000008f02       0x62 modules/mbedtls/libmbedTLSBase.a(bignum.c.obj)
 .text.mbedtls_mpi_add_mpi
                0x0000000000008f64        0x6 modules/mbedtls/libmbedTLSBase.a(bignum.c.obj)
                0x0000000000008f64                mbedtls_mpi_add_mpi
 .text.mbedtls_mpi_sub_mpi
                0x0000000000008f6a        0x8 modules/mbedtls/libmbedTLSBase.a(bignum.c.obj)
                0x0000000000008f6a                mbedtls_mpi_sub_mpi
 .text.mbedtls_mpi_mul_int
                0x0000000000008f72       0x62 modules/mbedtls/libmbedTLSBase.a(bignum.c.obj)
                0x0000000000008f72                mbedtls_mpi_mul_int
 .text.mbedtls_mpi_mod_mpi
                0x0000000000008fd4       0x64 modules/mbedtls/libmbedTLSBase.a(bignum.c.obj)
                0x0000000000008fd4                mbedtls_mpi_mod_mpi
 .text.mbedtls_mpi_exp_mod_optionally_safe
                0x0000000000009038      0x1da modules/mbedtls/libmbedTLSBase.a(bignum.c.obj)
 .text.mbedtls_mpi_exp_mod_unsafe
                0x0000000000009212       0x14 modules/mbedtls/libmbedTLSBase.a(bignum.c.obj)
                0x0000000000009212                mbedtls_mpi_exp_mod_unsafe
 .text.mbedtls_zeroize_and_free
                0x0000000000009226       0x14 modules/mbedtls/libmbedTLSBase.a(platform_util.c.obj)
                0x0000000000009226                mbedtls_zeroize_and_free
 .text.platform_calloc_uninit
                0x000000000000923a        0x4 modules/mbedtls/libmbedTLSBase.a(platform.c.obj)
 .text.platform_exit_uninit
                0x000000000000923e        0x2 modules/mbedtls/libmbedTLSBase.a(platform.c.obj)
 .text.platform_free_uninit
                0x0000000000009240        0x2 modules/mbedtls/libmbedTLSBase.a(platform.c.obj)
 .text.mbedtls_rsa_import
                0x0000000000009242       0x86 modules/mbedtls/libmbedTLSBase.a(rsa.c.obj)
                0x0000000000009242                mbedtls_rsa_import
 .text.mbedtls_rsa_init
                0x00000000000092c8        0x8 modules/mbedtls/libmbedTLSBase.a(rsa.c.obj)
                0x00000000000092c8                mbedtls_rsa_init
 .text.mbedtls_rsa_get_len
                0x00000000000092d0        0x4 modules/mbedtls/libmbedTLSBase.a(rsa.c.obj)
                0x00000000000092d0                mbedtls_rsa_get_len
 .text.mbedtls_rsa_free
                0x00000000000092d4       0x72 modules/mbedtls/libmbedTLSBase.a(rsa.c.obj)
                0x00000000000092d4                mbedtls_rsa_free
 .text.mbedtls_sha256_init
                0x0000000000009346        0x8 modules/mbedtls/libmbedTLSBase.a(sha256.c.obj)
                0x0000000000009346                mbedtls_sha256_init
 .text.mbedtls_sha256_free
                0x000000000000934e        0xa modules/mbedtls/libmbedTLSBase.a(sha256.c.obj)
                0x000000000000934e                mbedtls_sha256_free
 .text.mbedtls_sha256_update
                0x0000000000009358       0x7e modules/mbedtls/libmbedTLSBase.a(sha256.c.obj)
                0x0000000000009358                mbedtls_sha256_update
 .text.mbedtls_sha256_finish
                0x00000000000093d6       0x9c modules/mbedtls/libmbedTLSBase.a(sha256.c.obj)
                0x00000000000093d6                mbedtls_sha256_finish
 .text._mbedtls_init
                0x0000000000009472        0x4 modules/mbedtls/libmbedTLSBase.a(zephyr_init.c.obj)
 .text.nrfx_isr
                0x0000000000009476        0x6 modules/hal_nordic/modules/hal_nordic/nrfx/libnrfx.a(nrfx_glue.c.obj)
                0x0000000000009476                nrfx_isr
 .text.nrfx_busy_wait
                0x000000000000947c        0x4 modules/hal_nordic/modules/hal_nordic/nrfx/libnrfx.a(nrfx_glue.c.obj)
                0x000000000000947c                nrfx_busy_wait
 .text.nrfx_flag32_alloc
                0x0000000000009480       0x34 modules/hal_nordic/modules/hal_nordic/nrfx/libnrfx.a(nrfx_flag32_allocator.c.obj)
                0x0000000000009480                nrfx_flag32_alloc
 .text.nrfx_flag32_free
                0x00000000000094b4       0x32 modules/hal_nordic/modules/hal_nordic/nrfx/libnrfx.a(nrfx_flag32_allocator.c.obj)
                0x00000000000094b4                nrfx_flag32_free
 .text.nrfx_gppi_conn_alloc
                0x00000000000094e6       0x3e modules/hal_nordic/modules/hal_nordic/nrfx/libnrfx.a(nrfx_gppi_dppi.c.obj)
                0x00000000000094e6                nrfx_gppi_conn_alloc
 .text.nrfx_clock_start
                0x0000000000009524       0x1e modules/hal_nordic/modules/hal_nordic/nrfx/libnrfx.a(nrfx_clock.c.obj)
                0x0000000000009524                nrfx_clock_start
 .text.nrfx_clock_stop
                0x0000000000009542       0x1e modules/hal_nordic/modules/hal_nordic/nrfx/libnrfx.a(nrfx_clock.c.obj)
                0x0000000000009542                nrfx_clock_stop
 .text.CLOCK_POWER_IRQHandler
                0x0000000000009560       0x16 modules/hal_nordic/modules/hal_nordic/nrfx/libnrfx.a(nrfx_clock.c.obj)
                0x0000000000009560                CLOCK_POWER_IRQHandler
 .text.clock_stop
                0x0000000000009576       0x38 modules/hal_nordic/modules/hal_nordic/nrfx/libnrfx.a(nrfx_clock_hfclk.c.obj)
 .text.nrfx_clock_hfclk_stop
                0x00000000000095ae        0x4 modules/hal_nordic/modules/hal_nordic/nrfx/libnrfx.a(nrfx_clock_hfclk.c.obj)
                0x00000000000095ae                nrfx_clock_hfclk_stop
 .text.clock_stop
                0x00000000000095b2       0x34 modules/hal_nordic/modules/hal_nordic/nrfx/libnrfx.a(nrfx_clock_hfclkaudio.c.obj)
 .text.nrfx_clock_hfclkaudio_stop
                0x00000000000095e6        0x4 modules/hal_nordic/modules/hal_nordic/nrfx/libnrfx.a(nrfx_clock_hfclkaudio.c.obj)
                0x00000000000095e6                nrfx_clock_hfclkaudio_stop
 .text.clock_stop
                0x00000000000095ea       0x34 modules/hal_nordic/modules/hal_nordic/nrfx/libnrfx.a(nrfx_clock_hfclk192m.c.obj)
 .text.nrfx_clock_hfclk192m_stop
                0x000000000000961e        0x4 modules/hal_nordic/modules/hal_nordic/nrfx/libnrfx.a(nrfx_clock_hfclk192m.c.obj)
                0x000000000000961e                nrfx_clock_hfclk192m_stop
 .text.clock_stop
                0x0000000000009622       0x32 modules/hal_nordic/modules/hal_nordic/nrfx/libnrfx.a(nrfx_clock_lfclk.c.obj)
 .text.nrfx_clock_lfclk_stop
                0x0000000000009654        0x4 modules/hal_nordic/modules/hal_nordic/nrfx/libnrfx.a(nrfx_clock_lfclk.c.obj)
                0x0000000000009654                nrfx_clock_lfclk_stop
 .text.nrf_gpio_reconfigure
                0x0000000000009658       0x92 modules/hal_nordic/modules/hal_nordic/nrfx/libnrfx.a(nrfx_gpiote.c.obj)
 .text.nrf_gpio_cfg_sense_set
                0x00000000000096ea       0x1e modules/hal_nordic/modules/hal_nordic/nrfx/libnrfx.a(nrfx_gpiote.c.obj)
 .text.pin_in_use_by_te
                0x0000000000009708       0x16 modules/hal_nordic/modules/hal_nordic/nrfx/libnrfx.a(nrfx_gpiote.c.obj)
 .text.pin_is_output
                0x000000000000971e       0x16 modules/hal_nordic/modules/hal_nordic/nrfx/libnrfx.a(nrfx_gpiote.c.obj)
 .text.pin_te_get
                0x0000000000009734       0x14 modules/hal_nordic/modules/hal_nordic/nrfx/libnrfx.a(nrfx_gpiote.c.obj)
 .text.call_handler
                0x0000000000009748       0x3e modules/hal_nordic/modules/hal_nordic/nrfx/libnrfx.a(nrfx_gpiote.c.obj)
 .text.release_handler
                0x0000000000009786       0x54 modules/hal_nordic/modules/hal_nordic/nrfx/libnrfx.a(nrfx_gpiote.c.obj)
 .text.pin_in_event_get
                0x00000000000097da       0x22 modules/hal_nordic/modules/hal_nordic/nrfx/libnrfx.a(nrfx_gpiote.c.obj)
 .text.__nrfy_internal_gpiote_events_process
                0x00000000000097fc       0x4e modules/hal_nordic/modules/hal_nordic/nrfx/libnrfx.a(nrfx_gpiote.c.obj)
 .text.pin_trigger_disable
                0x000000000000984a       0x46 modules/hal_nordic/modules/hal_nordic/nrfx/libnrfx.a(nrfx_gpiote.c.obj)
 .text.nrfx_gpiote_input_configure
                0x0000000000009890      0x170 modules/hal_nordic/modules/hal_nordic/nrfx/libnrfx.a(nrfx_gpiote.c.obj)
                0x0000000000009890                nrfx_gpiote_input_configure
 .text.nrfx_gpiote_output_configure
                0x0000000000009a00       0xf2 modules/hal_nordic/modules/hal_nordic/nrfx/libnrfx.a(nrfx_gpiote.c.obj)
                0x0000000000009a00                nrfx_gpiote_output_configure
 .text.nrfx_gpiote_global_callback_set
                0x0000000000009af2        0x6 modules/hal_nordic/modules/hal_nordic/nrfx/libnrfx.a(nrfx_gpiote.c.obj)
                0x0000000000009af2                nrfx_gpiote_global_callback_set
 .text.nrfx_gpiote_channel_get
                0x0000000000009af8       0x26 modules/hal_nordic/modules/hal_nordic/nrfx/libnrfx.a(nrfx_gpiote.c.obj)
                0x0000000000009af8                nrfx_gpiote_channel_get
 .text.nrfx_gpiote_init_check
                0x0000000000009b1e        0xc modules/hal_nordic/modules/hal_nordic/nrfx/libnrfx.a(nrfx_gpiote.c.obj)
                0x0000000000009b1e                nrfx_gpiote_init_check
 .text.nrfx_gpiote_pin_uninit
                0x0000000000009b2a        0x4 modules/hal_nordic/modules/hal_nordic/nrfx/libnrfx.a(nrfx_gpiote.c.obj)
                0x0000000000009b2a                nrfx_gpiote_pin_uninit
 .text.nrfx_gpiote_trigger_enable
                0x0000000000009b2e       0xa4 modules/hal_nordic/modules/hal_nordic/nrfx/libnrfx.a(nrfx_gpiote.c.obj)
                0x0000000000009b2e                nrfx_gpiote_trigger_enable
 .text.nrfx_gpiote_trigger_disable
                0x0000000000009bd2        0x4 modules/hal_nordic/modules/hal_nordic/nrfx/libnrfx.a(nrfx_gpiote.c.obj)
                0x0000000000009bd2                nrfx_gpiote_trigger_disable
 .text.nrfx_gpiote_in_event_get
                0x0000000000009bd6        0x4 modules/hal_nordic/modules/hal_nordic/nrfx/libnrfx.a(nrfx_gpiote.c.obj)
                0x0000000000009bd6                nrfx_gpiote_in_event_get
 .text.partial_word_create
                0x0000000000009bda       0x1c modules/hal_nordic/modules/hal_nordic/nrfx/libnrfx.a(nrfx_nvmc.c.obj)
 .text.nrfx_nvmc_flash_size_get
                0x0000000000009bf6        0x6 modules/hal_nordic/modules/hal_nordic/nrfx/libnrfx.a(nrfx_nvmc.c.obj)
                0x0000000000009bf6                nrfx_nvmc_flash_size_get
 .text.nrfx_nvmc_flash_page_size_get
                0x0000000000009bfc        0x6 modules/hal_nordic/modules/hal_nordic/nrfx/libnrfx.a(nrfx_nvmc.c.obj)
                0x0000000000009bfc                nrfx_nvmc_flash_page_size_get
 .text.nrfx_nvmc_flash_page_count_get
                0x0000000000009c02        0x6 modules/hal_nordic/modules/hal_nordic/nrfx/libnrfx.a(nrfx_nvmc.c.obj)
                0x0000000000009c02                nrfx_nvmc_flash_page_count_get
 .text.nrfx_qspi_write
                0x0000000000009c08        0x6 modules/hal_nordic/modules/hal_nordic/nrfx/libnrfx.a(nrfx_qspi.c.obj)
                0x0000000000009c08                nrfx_qspi_write
 .text.nrfx_qspi_read
                0x0000000000009c0e        0x6 modules/hal_nordic/modules/hal_nordic/nrfx/libnrfx.a(nrfx_qspi.c.obj)
                0x0000000000009c0e                nrfx_qspi_read
 .text.nrfx_qspi_chip_erase
                0x0000000000009c14        0x8 modules/hal_nordic/modules/hal_nordic/nrfx/libnrfx.a(nrfx_qspi.c.obj)
                0x0000000000009c14                nrfx_qspi_chip_erase
 .text.__nrfy_internal_spim_event_handle