/home/t/asset-tracker-template/zephyr/subsys/disk/disk_access.c:27:19:disk_access_get_di	32	static
/home/t/asset-tracker-template/zephyr/subsys/disk/disk_access.c:57:5:disk_access_init	8	static
/home/t/asset-tracker-template/zephyr/subsys/disk/disk_access.c:80:5:disk_access_status	8	static
/home/t/asset-tracker-template/zephyr/subsys/disk/disk_access.c:93:5:disk_access_read	24	static
/home/t/asset-tracker-template/zephyr/subsys/disk/disk_access.c:107:5:disk_access_write	24	static
/home/t/asset-tracker-template/zephyr/subsys/disk/disk_access.c:121:5:disk_access_erase	32	static
/home/t/asset-tracker-template/zephyr/subsys/disk/disk_access.c:151:5:disk_access_ioctl	24	static
/home/t/asset-tracker-template/zephyr/subsys/disk/disk_access.c:198:5:disk_access_register	16	static
/home/t/asset-tracker-template/zephyr/subsys/disk/disk_access.c:223:5:disk_access_unregister	16	static
