/home/t/asset-tracker-template/modules/lib/open-amp/open-amp/lib/remoteproc/remoteproc.c:927:12:remoteproc_virtio_notify	0	static
/home/t/asset-tracker-template/modules/lib/open-amp/open-amp/lib/remoteproc/remoteproc.c:36:1:remoteproc_get_mem	48	static
/home/t/asset-tracker-template/modules/lib/open-amp/open-amp/lib/remoteproc/remoteproc.c:103:14:remoteproc_get_rsc_table	56	static
/home/t/asset-tracker-template/modules/lib/open-amp/open-amp/lib/remoteproc/remoteproc.c:153:5:remoteproc_set_rsc_table	96	static
/home/t/asset-tracker-template/modules/lib/open-amp/open-amp/lib/remoteproc/remoteproc.c:175:20:remoteproc_init	16	static
/home/t/asset-tracker-template/modules/lib/open-amp/open-amp/lib/remoteproc/remoteproc.c:193:5:remoteproc_remove	16	static
/home/t/asset-tracker-template/modules/lib/open-amp/open-amp/lib/remoteproc/remoteproc.c:211:5:remoteproc_config	16	static
/home/t/asset-tracker-template/modules/lib/open-amp/open-amp/lib/remoteproc/remoteproc.c:237:5:remoteproc_start	16	static
/home/t/asset-tracker-template/modules/lib/open-amp/open-amp/lib/remoteproc/remoteproc.c:256:5:remoteproc_stop	16	static
/home/t/asset-tracker-template/modules/lib/open-amp/open-amp/lib/remoteproc/remoteproc.c:278:5:remoteproc_shutdown	16	static
/home/t/asset-tracker-template/modules/lib/open-amp/open-amp/lib/remoteproc/remoteproc.c:303:6:remoteproc_init_mem	24	static
/home/t/asset-tracker-template/modules/lib/open-amp/open-amp/lib/remoteproc/remoteproc.c:319:6:remoteproc_add_mem	4	static
/home/t/asset-tracker-template/modules/lib/open-amp/open-amp/lib/remoteproc/remoteproc.c:327:1:remoteproc_get_io_with_name	80	static
/home/t/asset-tracker-template/modules/lib/open-amp/open-amp/lib/remoteproc/remoteproc.c:345:1:remoteproc_get_io_with_pa	80	static
/home/t/asset-tracker-template/modules/lib/open-amp/open-amp/lib/remoteproc/remoteproc.c:362:1:remoteproc_get_io_with_da	96	static
/home/t/asset-tracker-template/modules/lib/open-amp/open-amp/lib/remoteproc/remoteproc.c:387:1:remoteproc_get_io_with_va	88	static
/home/t/asset-tracker-template/modules/lib/open-amp/open-amp/lib/remoteproc/remoteproc.c:403:7:remoteproc_mmap	112	static
/home/t/asset-tracker-template/modules/lib/open-amp/open-amp/lib/remoteproc/remoteproc.c:443:5:remoteproc_load	144	static
/home/t/asset-tracker-template/modules/lib/open-amp/open-amp/lib/remoteproc/remoteproc.c:714:5:remoteproc_load_noblock	96	static
/home/t/asset-tracker-template/modules/lib/open-amp/open-amp/lib/remoteproc/remoteproc.c:905:14:remoteproc_allocate_id	8	static
/home/t/asset-tracker-template/modules/lib/open-amp/open-amp/lib/remoteproc/remoteproc.c:1033:6:remoteproc_remove_virtio	4	static
/home/t/asset-tracker-template/modules/lib/open-amp/open-amp/lib/remoteproc/remoteproc.c:938:1:remoteproc_create_virtio	64	static
/home/t/asset-tracker-template/modules/lib/open-amp/open-amp/lib/remoteproc/remoteproc.c:1050:5:remoteproc_get_notification	16	static
