/home/t/asset-tracker-template/zephyr/subsys/shell/backends/shell_rtt.c:170:12:read	8	static
/home/t/asset-tracker-template/zephyr/subsys/shell/backends/shell_rtt.c:83:12:enable	8	static
/home/t/asset-tracker-template/zephyr/subsys/shell/backends/shell_rtt.c:74:12:uninit	8	static
/home/t/asset-tracker-template/zephyr/subsys/shell/backends/shell_rtt.c:37:13:timer_handler	8	static
/home/t/asset-tracker-template/zephyr/subsys/shell/backends/shell_rtt.c:46:12:init	32	static
/home/t/asset-tracker-template/zephyr/subsys/shell/backends/shell_rtt.c:186:12:enable_shell_rtt	16	static
/home/t/asset-tracker-template/zephyr/include/zephyr/logging/log_msg.h:738:24:log_msg_generic_get_wlen	0	static
/home/t/asset-tracker-template/zephyr/subsys/shell/backends/shell_rtt.c:137:12:write	40	static
/home/t/asset-tracker-template/zephyr/subsys/shell/backends/shell_rtt.c:200:21:shell_backend_rtt_get_ptr	0	static
