/home/t/asset-tracker-template/zephyr/kernel/work.c:69:13:handle_flush	0	static
/home/t/asset-tracker-template/zephyr/kernel/work.c:655:13:work_queue_main	56	static
/home/t/asset-tracker-template/zephyr/kernel/work.c:501:12:cancel_async_locked	4	static
/home/t/asset-tracker-template/zephyr/kernel/work.c:320:12:submit_to_queue_locked	24	static
/home/t/asset-tracker-template/zephyr/kernel/work.c:966:13:work_timeout	24	static
/home/t/asset-tracker-template/zephyr/kernel/work.c:440:13:work_flush_locked	24	static
/home/t/asset-tracker-template/zephyr/kernel/work.c:153:6:k_work_init	8	static
/home/t/asset-tracker-template/zephyr/kernel/work.c:169:5:k_work_busy_get	16	static
/home/t/asset-tracker-template/zephyr/kernel/work.c:378:5:z_work_submit_to_queue	24	static
/home/t/asset-tracker-template/zephyr/kernel/work.c:393:5:k_work_submit_to_queue	8	static
/home/t/asset-tracker-template/zephyr/kernel/work.c:414:5:k_work_submit	8	static
/home/t/asset-tracker-template/zephyr/kernel/work.c:458:6:k_work_flush	16	static
/home/t/asset-tracker-template/zephyr/kernel/work.c:553:5:k_work_cancel	16	static
/home/t/asset-tracker-template/zephyr/kernel/work.c:570:6:k_work_cancel_sync	32	static
/home/t/asset-tracker-template/zephyr/kernel/work.c:771:6:k_work_queue_init	8	static
/home/t/asset-tracker-template/zephyr/kernel/work.c:782:6:k_work_queue_run	16	static
/home/t/asset-tracker-template/zephyr/kernel/work.c:812:6:k_work_queue_start	48	static
/home/t/asset-tracker-template/zephyr/kernel/work.c:866:5:k_work_queue_drain	32	static
/home/t/asset-tracker-template/zephyr/kernel/work.c:898:5:k_work_queue_unplug	16	static
/home/t/asset-tracker-template/zephyr/kernel/work.c:918:5:k_work_queue_stop	32	static
/home/t/asset-tracker-template/zephyr/kernel/work.c:989:6:k_work_init_delayable	16	static
/home/t/asset-tracker-template/zephyr/kernel/work.c:1007:5:k_work_delayable_busy_get	16	static
/home/t/asset-tracker-template/zephyr/kernel/work.c:1108:5:k_work_schedule_for_queue	32	static
/home/t/asset-tracker-template/zephyr/kernel/work.c:1132:5:k_work_schedule	0	static
/home/t/asset-tracker-template/zephyr/kernel/work.c:1143:5:k_work_reschedule_for_queue	32	static
/home/t/asset-tracker-template/zephyr/kernel/work.c:1167:5:k_work_reschedule	0	static
/home/t/asset-tracker-template/zephyr/kernel/work.c:1178:5:k_work_cancel_delayable	16	static
/home/t/asset-tracker-template/zephyr/kernel/work.c:1194:6:k_work_cancel_delayable_sync	24	static
/home/t/asset-tracker-template/zephyr/kernel/work.c:1226:6:k_work_flush_delayable	32	static
