/home/t/asset-tracker-template/zephyr/include/zephyr/sys/timeutil.h:543:19:timespec_compare.part.0	8	static
/home/t/asset-tracker-template/zephyr/include/zephyr/sys/timeutil.h:439:20:timespec_add.part.0	8	static
/home/t/asset-tracker-template/zephyr/include/zephyr/sys/timeutil.h:482:20:timespec_negate.part.0	8	static
/home/t/asset-tracker-template/zephyr/lib/os/clock.c:53:5:sys_clock_from_clockid	0	static
/home/t/asset-tracker-template/zephyr/lib/os/clock.c:104:6:z_impl_sys_clock_getrtoffset	16	static
/home/t/asset-tracker-template/zephyr/lib/os/clock.c:69:5:sys_clock_gettime	40	static
/home/t/asset-tracker-template/zephyr/lib/os/clock.c:124:5:z_impl_sys_clock_settime	40	static
/home/t/asset-tracker-template/zephyr/lib/os/clock.c:156:5:z_impl_sys_clock_nanosleep	48	static
