/home/t/asset-tracker-template/nrf/applications/nrf5340_audio/src/audio/audio_datapath.c:535:13:tone_stop_worker	0	static
/home/t/asset-tracker-template/nrf/applications/nrf5340_audio/src/audio/audio_datapath.c:544:13:tone_stop_timer_handler	0	static
/home/t/asset-tracker-template/nrf/applications/nrf5340_audio/src/audio/audio_datapath.c:382:13:pres_comp_state_set	64	dynamic,bounded
/home/t/asset-tracker-template/nrf/applications/nrf5340_audio/src/audio/audio_datapath.c:1304:12:cmd_audio_pres_comp_disable	16	static
/home/t/asset-tracker-template/nrf/applications/nrf5340_audio/src/audio/audio_datapath.c:1256:12:cmd_hfclkaudio_drift_comp_enable	8	static
/home/t/asset-tracker-template/nrf/applications/nrf5340_audio/src/audio/audio_datapath.c:921:13:audio_datapath_sdu_ref_update.part.0	0	static
/home/t/asset-tracker-template/nrf/applications/nrf5340_audio/src/audio/audio_datapath.c:921:13:audio_datapath_sdu_ref_update	8	static
/home/t/asset-tracker-template/nrf/applications/nrf5340_audio/src/audio/audio_datapath.c:253:13:drift_comp_state_set.part.0	48	dynamic,bounded
/home/t/asset-tracker-template/nrf/applications/nrf5340_audio/src/audio/audio_datapath.c:253:13:drift_comp_state_set	4	static
/home/t/asset-tracker-template/nrf/applications/nrf5340_audio/src/audio/audio_datapath.c:1288:12:cmd_audio_pres_comp_enable	8	static
/home/t/asset-tracker-template/nrf/applications/nrf5340_audio/src/audio/audio_datapath.c:1269:12:cmd_hfclkaudio_drift_comp_disable	8	static
/home/t/asset-tracker-template/nrf/applications/nrf5340_audio/src/audio/audio_datapath.c:551:5:audio_datapath_tone_play.part.0	8	static
/home/t/asset-tracker-template/nrf/applications/nrf5340_audio/src/audio/audio_datapath.c:668:13:audio_datapath_i2s_blk_complete	176	dynamic,bounded
/home/t/asset-tracker-template/nrf/applications/nrf5340_audio/src/audio/audio_datapath.c:1244:12:cmd_i2s_tone_stop	8	static
/home/t/asset-tracker-template/nrf/applications/nrf5340_audio/src/audio/audio_datapath.c:1193:12:cmd_i2s_tone_play	48	static
/home/t/asset-tracker-template/nrf/applications/nrf5340_audio/src/audio/audio_datapath.c:551:5:audio_datapath_tone_play	0	static
/home/t/asset-tracker-template/nrf/applications/nrf5340_audio/src/audio/audio_datapath.c:580:6:audio_datapath_tone_stop	8	static
/home/t/asset-tracker-template/nrf/applications/nrf5340_audio/src/audio/audio_datapath.c:949:5:audio_datapath_pres_delay_us_set	8	static
/home/t/asset-tracker-template/nrf/applications/nrf5340_audio/src/audio/audio_datapath.c:964:6:audio_datapath_pres_delay_us_get	0	static
/home/t/asset-tracker-template/nrf/applications/nrf5340_audio/src/audio/audio_datapath.c:969:6:audio_datapath_stream_out	56	static
/home/t/asset-tracker-template/nrf/applications/nrf5340_audio/src/audio/audio_datapath.c:1128:5:audio_datapath_start	16	static
/home/t/asset-tracker-template/nrf/applications/nrf5340_audio/src/audio/audio_datapath.c:1152:5:audio_datapath_stop	16	static
/home/t/asset-tracker-template/nrf/applications/nrf5340_audio/src/audio/audio_datapath.c:1169:5:audio_datapath_init	8	static
