/home/t/asset-tracker-template/zephyr/subsys/usb/device_next/usbd_class.c:209:1:usbd_class_node_get	56	dynamic,bounded
/home/t/asset-tracker-template/zephyr/subsys/usb/device_next/usbd_class.c:27:8:usbd_class_desc_len	8	static
/home/t/asset-tracker-template/zephyr/subsys/usb/device_next/usbd_class.c:47:1:usbd_class_get_by_config	8	static
/home/t/asset-tracker-template/zephyr/subsys/usb/device_next/usbd_class.c:70:1:usbd_class_get_by_iface	8	static
/home/t/asset-tracker-template/zephyr/subsys/usb/device_next/usbd_class.c:117:5:usbd_class_handle_xfer	8	static
/home/t/asset-tracker-template/zephyr/subsys/usb/device_next/usbd_class.c:140:1:usbd_class_get_by_ep	16	static
/home/t/asset-tracker-template/zephyr/subsys/usb/device_next/usbd_class.c:178:1:usbd_class_get_by_req	8	static
/home/t/asset-tracker-template/zephyr/subsys/usb/device_next/usbd_class.c:268:5:usbd_class_remove_all	16	static
/home/t/asset-tracker-template/zephyr/subsys/usb/device_next/usbd_class.c:296:5:usbd_register_class	32	static
/home/t/asset-tracker-template/zephyr/subsys/usb/device_next/usbd_class.c:356:5:usbd_register_all_classes	80	dynamic,bounded
/home/t/asset-tracker-template/zephyr/subsys/usb/device_next/usbd_class.c:401:5:usbd_unregister_class	40	static
/home/t/asset-tracker-template/zephyr/subsys/usb/device_next/usbd_class.c:469:5:usbd_unregister_all_classes	72	dynamic,bounded
