/home/t/asset-tracker-template/zephyr/subsys/usb/device_next/usbd_device.c:41:1:get_device_descriptor.part.0	8	static
/home/t/asset-tracker-template/zephyr/subsys/usb/device_next/usbd_device.c:23:17:usbd_bus_speed	0	static
/home/t/asset-tracker-template/zephyr/subsys/usb/device_next/usbd_device.c:28:17:usbd_caps_speed	0	static
/home/t/asset-tracker-template/zephyr/subsys/usb/device_next/usbd_device.c:55:5:usbd_device_set_bcd_usb	24	static
/home/t/asset-tracker-template/zephyr/subsys/usb/device_next/usbd_device.c:81:5:usbd_device_set_vid	16	static
/home/t/asset-tracker-template/zephyr/subsys/usb/device_next/usbd_device.c:107:5:usbd_device_set_pid	16	static
/home/t/asset-tracker-template/zephyr/subsys/usb/device_next/usbd_device.c:133:5:usbd_device_set_bcd_device	16	static
/home/t/asset-tracker-template/zephyr/subsys/usb/device_next/usbd_device.c:159:5:usbd_device_set_code_triple	32	static
/home/t/asset-tracker-template/zephyr/subsys/usb/device_next/usbd_device.c:189:5:usbd_wakeup_request	16	static
/home/t/asset-tracker-template/zephyr/subsys/usb/device_next/usbd_device.c:216:6:usbd_self_powered	16	static
/home/t/asset-tracker-template/zephyr/subsys/usb/device_next/usbd_device.c:223:6:usbd_is_suspended	0	static
/home/t/asset-tracker-template/zephyr/subsys/usb/device_next/usbd_device.c:228:5:usbd_init	16	static
/home/t/asset-tracker-template/zephyr/subsys/usb/device_next/usbd_device.c:271:5:usbd_enable	16	static
/home/t/asset-tracker-template/zephyr/subsys/usb/device_next/usbd_device.c:311:5:usbd_disable	16	static
/home/t/asset-tracker-template/zephyr/subsys/usb/device_next/usbd_device.c:339:5:usbd_shutdown	16	static
/home/t/asset-tracker-template/zephyr/subsys/usb/device_next/usbd_device.c:357:6:usbd_can_detect_vbus	0	static
/home/t/asset-tracker-template/zephyr/subsys/usb/device_next/usbd_device.c:364:24:usbd_device_get_vreq	0	static
/home/t/asset-tracker-template/zephyr/subsys/usb/device_next/usbd_device.c:378:5:usbd_device_register_vreq	24	static
/home/t/asset-tracker-template/zephyr/subsys/usb/device_next/usbd_device.c:417:6:usbd_device_unregister_all_vreq	4	static
