/home/t/asset-tracker-template/modules/lib/open-amp/open-amp/lib/remoteproc/remoteproc_virtio.c:238:13:rproc_virtio_write_config	16	static
/home/t/asset-tracker-template/modules/lib/open-amp/open-amp/lib/remoteproc/remoteproc_virtio.c:216:13:rproc_virtio_read_config	12	static
/home/t/asset-tracker-template/modules/lib/open-amp/open-amp/lib/remoteproc/remoteproc_virtio.c:102:13:rproc_virtio_virtqueue_notify	8	static
/home/t/asset-tracker-template/nrf/applications/nrf5340_audio/build_broadcast_source_bigbuf/nrf5340_audio/modules/libmetal/libmetal/lib/include/metal/io.h:269:1:metal_io_write.part.0	8	static
/home/t/asset-tracker-template/nrf/applications/nrf5340_audio/build_broadcast_source_bigbuf/nrf5340_audio/modules/libmetal/libmetal/lib/include/metal/io.h:235:1:metal_io_read.part.0	8	static
/home/t/asset-tracker-template/modules/lib/open-amp/open-amp/lib/remoteproc/remoteproc_virtio.c:188:13:rproc_virtio_set_features	32	static
/home/t/asset-tracker-template/modules/lib/open-amp/open-amp/lib/remoteproc/remoteproc_virtio.c:74:12:rproc_virtio_create_virtqueues	72	static
/home/t/asset-tracker-template/modules/lib/open-amp/open-amp/lib/remoteproc/remoteproc_virtio.c:133:13:rproc_virtio_set_status	32	static
/home/t/asset-tracker-template/modules/lib/open-amp/open-amp/lib/remoteproc/remoteproc_virtio.c:260:13:rproc_virtio_reset_device	0	static
/home/t/asset-tracker-template/modules/lib/open-amp/open-amp/lib/remoteproc/remoteproc_virtio.c:20:13:rproc_virtio_delete_virtqueues	16	static
/home/t/asset-tracker-template/modules/lib/open-amp/open-amp/lib/remoteproc/remoteproc_virtio.c:116:22:rproc_virtio_get_status	16	static
/home/t/asset-tracker-template/modules/lib/open-amp/open-amp/lib/remoteproc/remoteproc_virtio.c:151:17:rproc_virtio_get_dfeatures	16	static
/home/t/asset-tracker-template/modules/lib/open-amp/open-amp/lib/remoteproc/remoteproc_virtio.c:205:17:rproc_virtio_negotiate_features	16	static
/home/t/asset-tracker-template/modules/lib/open-amp/open-amp/lib/remoteproc/remoteproc_virtio.c:168:17:rproc_virtio_get_features	16	static
/home/t/asset-tracker-template/modules/lib/open-amp/open-amp/lib/remoteproc/remoteproc_virtio.c:290:1:rproc_virtio_create_vdev	40	static
/home/t/asset-tracker-template/modules/lib/open-amp/open-amp/lib/remoteproc/remoteproc_virtio.c:344:6:rproc_virtio_remove_vdev	8	static
/home/t/asset-tracker-template/modules/lib/open-amp/open-amp/lib/remoteproc/remoteproc_virtio.c:356:5:rproc_virtio_init_vring	8	static
/home/t/asset-tracker-template/modules/lib/open-amp/open-amp/lib/remoteproc/remoteproc_virtio.c:377:5:rproc_virtio_notified	24	static
/home/t/asset-tracker-template/modules/lib/open-amp/open-amp/lib/remoteproc/remoteproc_virtio.c:400:6:rproc_virtio_wait_remote_ready	8	static
