/home/t/asset-tracker-template/modules/hal/nordic/nrfx/drivers/src/nrfx_timer.c:184:6:nrfx_timer_disable.part.0	8	static
/home/t/asset-tracker-template/modules/hal/nordic/nrfx/drivers/src/nrfx_timer.c:61:12:timer_configure	16	static
/home/t/asset-tracker-template/modules/hal/nordic/nrfx/drivers/src/nrfx_timer.c:88:5:nrfx_timer_init	8	static
/home/t/asset-tracker-template/modules/hal/nordic/nrfx/drivers/src/nrfx_timer.c:131:5:nrfx_timer_reconfigure	8	static
/home/t/asset-tracker-template/modules/hal/nordic/nrfx/drivers/src/nrfx_timer.c:153:6:nrfx_timer_uninit	8	static
/home/t/asset-tracker-template/modules/hal/nordic/nrfx/drivers/src/nrfx_timer.c:168:6:nrfx_timer_init_check	8	static
/home/t/asset-tracker-template/modules/hal/nordic/nrfx/drivers/src/nrfx_timer.c:175:6:nrfx_timer_enable	8	static
/home/t/asset-tracker-template/modules/hal/nordic/nrfx/drivers/src/nrfx_timer.c:184:6:nrfx_timer_disable	8	static
/home/t/asset-tracker-template/modules/hal/nordic/nrfx/drivers/src/nrfx_timer.c:198:6:nrfx_timer_is_enabled	8	static
/home/t/asset-tracker-template/modules/hal/nordic/nrfx/drivers/src/nrfx_timer.c:205:6:nrfx_timer_resume	8	static
/home/t/asset-tracker-template/modules/hal/nordic/nrfx/drivers/src/nrfx_timer.c:213:6:nrfx_timer_pause	8	static
/home/t/asset-tracker-template/modules/hal/nordic/nrfx/drivers/src/nrfx_timer.c:221:6:nrfx_timer_clear	8	static
/home/t/asset-tracker-template/modules/hal/nordic/nrfx/drivers/src/nrfx_timer.c:228:6:nrfx_timer_increment	8	static
/home/t/asset-tracker-template/modules/hal/nordic/nrfx/drivers/src/nrfx_timer.c:236:10:nrfx_timer_capture	8	static
/home/t/asset-tracker-template/modules/hal/nordic/nrfx/drivers/src/nrfx_timer.c:243:10:nrfx_timer_us_to_ticks	8	static
/home/t/asset-tracker-template/modules/hal/nordic/nrfx/drivers/src/nrfx_timer.c:253:10:nrfx_timer_ms_to_ticks	8	static
/home/t/asset-tracker-template/modules/hal/nordic/nrfx/drivers/src/nrfx_timer.c:263:6:nrfx_timer_compare	16	static
/home/t/asset-tracker-template/modules/hal/nordic/nrfx/drivers/src/nrfx_timer.c:289:6:nrfx_timer_extended_compare	24	static
/home/t/asset-tracker-template/modules/hal/nordic/nrfx/drivers/src/nrfx_timer.c:313:6:nrfx_timer_compare_int_enable	16	static
/home/t/asset-tracker-template/modules/hal/nordic/nrfx/drivers/src/nrfx_timer.c:322:6:nrfx_timer_compare_int_disable	8	static
/home/t/asset-tracker-template/modules/hal/nordic/nrfx/drivers/src/nrfx_timer.c:330:6:nrfx_timer_irq_handler	24	static
