/home/t/asset-tracker-template/nrf/subsys/nrf_security/src/psa_crypto_driver_wrappers.c:176:14:psa_driver_wrapper_init	0	static
/home/t/asset-tracker-template/nrf/subsys/nrf_security/src/psa_crypto_driver_wrappers.c:202:6:psa_driver_wrapper_free	0	static
/home/t/asset-tracker-template/nrf/subsys/nrf_security/src/psa_crypto_driver_wrappers.c:208:14:psa_driver_wrapper_sign_message_with_context	0	static
/home/t/asset-tracker-template/nrf/subsys/nrf_security/src/psa_crypto_driver_wrappers.c:270:14:psa_driver_wrapper_verify_message_with_context	0	static
/home/t/asset-tracker-template/nrf/subsys/nrf_security/src/psa_crypto_driver_wrappers.c:334:14:psa_driver_wrapper_sign_hash_with_context	0	static
/home/t/asset-tracker-template/nrf/subsys/nrf_security/src/psa_crypto_driver_wrappers.c:397:14:psa_driver_wrapper_verify_hash_with_context	0	static
/home/t/asset-tracker-template/nrf/subsys/nrf_security/src/psa_crypto_driver_wrappers.c:474:1:psa_driver_wrapper_get_key_buffer_size_from_key_data	0	static
/home/t/asset-tracker-template/nrf/subsys/nrf_security/src/psa_crypto_driver_wrappers.c:513:14:psa_driver_wrapper_get_key_buffer_size	0	static
/home/t/asset-tracker-template/nrf/subsys/nrf_security/src/psa_crypto_driver_wrappers.c:545:14:psa_driver_wrapper_generate_key	24	static
/home/t/asset-tracker-template/nrf/subsys/nrf_security/src/psa_crypto_driver_wrappers.c:614:14:psa_driver_wrapper_import_key	56	static
/home/t/asset-tracker-template/nrf/subsys/nrf_security/src/psa_crypto_driver_wrappers.c:684:14:psa_driver_wrapper_export_key	4	static
/home/t/asset-tracker-template/nrf/subsys/nrf_security/src/psa_crypto_driver_wrappers.c:711:14:psa_driver_wrapper_export_public_key	40	static
/home/t/asset-tracker-template/nrf/subsys/nrf_security/src/psa_crypto_driver_wrappers.c:773:14:psa_driver_wrapper_get_builtin_key	0	static
/home/t/asset-tracker-template/nrf/subsys/nrf_security/src/psa_crypto_driver_wrappers.c:808:14:psa_driver_wrapper_copy_key	0	static
/home/t/asset-tracker-template/nrf/subsys/nrf_security/src/psa_crypto_driver_wrappers.c:837:14:psa_driver_wrapper_derive_key	4	static
/home/t/asset-tracker-template/nrf/subsys/nrf_security/src/psa_crypto_driver_wrappers.c:888:14:psa_driver_wrapper_cipher_encrypt	4	static
/home/t/asset-tracker-template/nrf/subsys/nrf_security/src/psa_crypto_driver_wrappers.c:963:14:psa_driver_wrapper_cipher_decrypt	4	static
/home/t/asset-tracker-template/nrf/subsys/nrf_security/src/psa_crypto_driver_wrappers.c:1023:14:psa_driver_wrapper_cipher_encrypt_setup	24	static
/home/t/asset-tracker-template/nrf/subsys/nrf_security/src/psa_crypto_driver_wrappers.c:1086:14:psa_driver_wrapper_cipher_decrypt_setup	24	static
/home/t/asset-tracker-template/nrf/subsys/nrf_security/src/psa_crypto_driver_wrappers.c:1149:14:psa_driver_wrapper_cipher_set_iv	0	static
/home/t/asset-tracker-template/nrf/subsys/nrf_security/src/psa_crypto_driver_wrappers.c:1173:14:psa_driver_wrapper_cipher_update	4	static
/home/t/asset-tracker-template/nrf/subsys/nrf_security/src/psa_crypto_driver_wrappers.c:1205:14:psa_driver_wrapper_cipher_finish	4	static
/home/t/asset-tracker-template/nrf/subsys/nrf_security/src/psa_crypto_driver_wrappers.c:1233:14:psa_driver_wrapper_cipher_abort	8	static
/home/t/asset-tracker-template/nrf/subsys/nrf_security/src/psa_crypto_driver_wrappers.c:1268:14:psa_driver_wrapper_hash_compute	0	static
/home/t/asset-tracker-template/nrf/subsys/nrf_security/src/psa_crypto_driver_wrappers.c:1308:14:psa_driver_wrapper_hash_setup	0	static
/home/t/asset-tracker-template/nrf/subsys/nrf_security/src/psa_crypto_driver_wrappers.c:1354:14:psa_driver_wrapper_hash_clone	0	static
/home/t/asset-tracker-template/nrf/subsys/nrf_security/src/psa_crypto_driver_wrappers.c:1382:14:psa_driver_wrapper_hash_update	0	static
/home/t/asset-tracker-template/nrf/subsys/nrf_security/src/psa_crypto_driver_wrappers.c:1405:14:psa_driver_wrapper_hash_finish	0	static
/home/t/asset-tracker-template/nrf/subsys/nrf_security/src/psa_crypto_driver_wrappers.c:1432:14:psa_driver_wrapper_hash_abort	0	static
/home/t/asset-tracker-template/nrf/subsys/nrf_security/src/psa_crypto_driver_wrappers.c:1455:14:psa_driver_wrapper_xof_setup	0	static
/home/t/asset-tracker-template/nrf/subsys/nrf_security/src/psa_crypto_driver_wrappers.c:1473:14:psa_driver_wrapper_xof_set_context	0	static
/home/t/asset-tracker-template/nrf/subsys/nrf_security/src/psa_crypto_driver_wrappers.c:1491:14:psa_driver_wrapper_xof_update	0	static
/home/t/asset-tracker-template/nrf/subsys/nrf_security/src/psa_crypto_driver_wrappers.c:1508:14:psa_driver_wrapper_xof_output	0	static
/home/t/asset-tracker-template/nrf/subsys/nrf_security/src/psa_crypto_driver_wrappers.c:1525:14:psa_driver_wrapper_xof_abort	0	static
/home/t/asset-tracker-template/nrf/subsys/nrf_security/src/psa_crypto_driver_wrappers.c:1539:14:psa_driver_wrapper_aead_encrypt	0	static
/home/t/asset-tracker-template/nrf/subsys/nrf_security/src/psa_crypto_driver_wrappers.c:1609:14:psa_driver_wrapper_aead_decrypt	0	static
/home/t/asset-tracker-template/nrf/subsys/nrf_security/src/psa_crypto_driver_wrappers.c:1685:14:psa_driver_wrapper_aead_encrypt_setup	0	static
/home/t/asset-tracker-template/nrf/subsys/nrf_security/src/psa_crypto_driver_wrappers.c:1749:14:psa_driver_wrapper_aead_decrypt_setup	0	static
/home/t/asset-tracker-template/nrf/subsys/nrf_security/src/psa_crypto_driver_wrappers.c:1812:14:psa_driver_wrapper_aead_set_nonce	0	static
/home/t/asset-tracker-template/nrf/subsys/nrf_security/src/psa_crypto_driver_wrappers.c:1838:14:psa_driver_wrapper_aead_set_lengths	0	static
/home/t/asset-tracker-template/nrf/subsys/nrf_security/src/psa_crypto_driver_wrappers.c:1865:14:psa_driver_wrapper_aead_update_ad	0	static
/home/t/asset-tracker-template/nrf/subsys/nrf_security/src/psa_crypto_driver_wrappers.c:1891:14:psa_driver_wrapper_aead_update	0	static
/home/t/asset-tracker-template/nrf/subsys/nrf_security/src/psa_crypto_driver_wrappers.c:1923:14:psa_driver_wrapper_aead_finish	0	static
/home/t/asset-tracker-template/nrf/subsys/nrf_security/src/psa_crypto_driver_wrappers.c:1959:14:psa_driver_wrapper_aead_verify	0	static
/home/t/asset-tracker-template/nrf/subsys/nrf_security/src/psa_crypto_driver_wrappers.c:1991:14:psa_driver_wrapper_aead_abort	0	static
/home/t/asset-tracker-template/nrf/subsys/nrf_security/src/psa_crypto_driver_wrappers.c:2014:14:psa_driver_wrapper_mac_compute	8	static
/home/t/asset-tracker-template/nrf/subsys/nrf_security/src/psa_crypto_driver_wrappers.c:2076:14:psa_driver_wrapper_mac_sign_setup	32	static
/home/t/asset-tracker-template/nrf/subsys/nrf_security/src/psa_crypto_driver_wrappers.c:2141:14:psa_driver_wrapper_mac_verify_setup	32	static
/home/t/asset-tracker-template/nrf/subsys/nrf_security/src/psa_crypto_driver_wrappers.c:2205:14:psa_driver_wrapper_mac_update	0	static
/home/t/asset-tracker-template/nrf/subsys/nrf_security/src/psa_crypto_driver_wrappers.c:2228:14:psa_driver_wrapper_mac_sign_finish	4	static
/home/t/asset-tracker-template/nrf/subsys/nrf_security/src/psa_crypto_driver_wrappers.c:2263:14:psa_driver_wrapper_mac_verify_finish	0	static
/home/t/asset-tracker-template/nrf/subsys/nrf_security/src/psa_crypto_driver_wrappers.c:2295:14:psa_driver_wrapper_mac_abort	0	static
/home/t/asset-tracker-template/nrf/subsys/nrf_security/src/psa_crypto_driver_wrappers.c:2318:14:psa_driver_wrapper_key_derivation_setup	0	static
/home/t/asset-tracker-template/nrf/subsys/nrf_security/src/psa_crypto_driver_wrappers.c:2348:1:psa_driver_wrapper_key_derivation_set_capacity	0	static
/home/t/asset-tracker-template/nrf/subsys/nrf_security/src/psa_crypto_driver_wrappers.c:2368:1:psa_driver_wrapper_key_derivation_input_bytes	0	static
/home/t/asset-tracker-template/nrf/subsys/nrf_security/src/psa_crypto_driver_wrappers.c:2392:14:psa_driver_wrapper_key_derivation_input_key	0	static
/home/t/asset-tracker-template/nrf/subsys/nrf_security/src/psa_crypto_driver_wrappers.c:2418:1:psa_driver_wrapper_key_derivation_input_integer	0	static
/home/t/asset-tracker-template/nrf/subsys/nrf_security/src/psa_crypto_driver_wrappers.c:2441:1:psa_driver_wrapper_key_derivation_output_bytes	0	static
/home/t/asset-tracker-template/nrf/subsys/nrf_security/src/psa_crypto_driver_wrappers.c:2463:14:psa_driver_wrapper_key_derivation_abort	0	static
/home/t/asset-tracker-template/nrf/subsys/nrf_security/src/psa_crypto_driver_wrappers.c:2483:14:psa_driver_wrapper_key_agreement	4	static
/home/t/asset-tracker-template/nrf/subsys/nrf_security/src/psa_crypto_driver_wrappers.c:2554:14:psa_driver_wrapper_encapsulate	0	static
/home/t/asset-tracker-template/nrf/subsys/nrf_security/src/psa_crypto_driver_wrappers.c:2601:14:psa_driver_wrapper_decapsulate	0	static
/home/t/asset-tracker-template/nrf/subsys/nrf_security/src/psa_crypto_driver_wrappers.c:2651:14:psa_driver_wrapper_pake_setup	0	static
/home/t/asset-tracker-template/nrf/subsys/nrf_security/src/psa_crypto_driver_wrappers.c:2705:14:psa_driver_wrapper_pake_set_role	0	static
/home/t/asset-tracker-template/nrf/subsys/nrf_security/src/psa_crypto_driver_wrappers.c:2727:14:psa_driver_wrapper_pake_set_user	0	static
/home/t/asset-tracker-template/nrf/subsys/nrf_security/src/psa_crypto_driver_wrappers.c:2754:14:psa_driver_wrapper_pake_set_peer	0	static
/home/t/asset-tracker-template/nrf/subsys/nrf_security/src/psa_crypto_driver_wrappers.c:2781:14:psa_driver_wrapper_pake_set_context	0	static
/home/t/asset-tracker-template/nrf/subsys/nrf_security/src/psa_crypto_driver_wrappers.c:2808:14:psa_driver_wrapper_pake_output	0	static
/home/t/asset-tracker-template/nrf/subsys/nrf_security/src/psa_crypto_driver_wrappers.c:2838:14:psa_driver_wrapper_pake_input	0	static
/home/t/asset-tracker-template/nrf/subsys/nrf_security/src/psa_crypto_driver_wrappers.c:2866:14:psa_driver_wrapper_pake_get_shared_key	0	static
/home/t/asset-tracker-template/nrf/subsys/nrf_security/src/psa_crypto_driver_wrappers.c:2898:14:psa_driver_wrapper_pake_abort	0	static
/home/t/asset-tracker-template/nrf/subsys/nrf_security/src/psa_crypto_driver_wrappers.c:2924:14:psa_driver_wrapper_asymmetric_encrypt	0	static
/home/t/asset-tracker-template/nrf/subsys/nrf_security/src/psa_crypto_driver_wrappers.c:2981:14:psa_driver_wrapper_asymmetric_decrypt	0	static
/home/t/asset-tracker-template/nrf/subsys/nrf_security/src/psa_crypto_driver_wrappers.c:3038:14:psa_driver_wrapper_init_random	0	static
/home/t/asset-tracker-template/nrf/subsys/nrf_security/src/psa_crypto_driver_wrappers.c:3058:14:psa_driver_wrapper_wrap_key	0	static
/home/t/asset-tracker-template/nrf/subsys/nrf_security/src/psa_crypto_driver_wrappers.c:3097:14:psa_driver_wrapper_unwrap_key	0	static
/home/t/asset-tracker-template/nrf/subsys/nrf_security/src/psa_crypto_driver_wrappers.c:3137:14:psa_driver_wrapper_get_random	16	static
/home/t/asset-tracker-template/nrf/subsys/nrf_security/src/psa_crypto_driver_wrappers.c:3185:14:psa_driver_wrapper_free_random	0	static
/home/t/asset-tracker-template/nrf/subsys/nrf_security/src/psa_crypto_driver_wrappers.c:3201:14:psa_driver_wrapper_get_entropy	0	static
/home/t/asset-tracker-template/nrf/subsys/nrf_security/src/psa_crypto_driver_wrappers.c:3217:14:psa_driver_wrapper_destroy_builtin_key	0	static
