/home/t/asset-tracker-template/modules/hal/nordic/nrfx/drivers/src/nrfx_saadc.c:853:13:saadc_pre_calibration_state_restore	4	static
/home/t/asset-tracker-template/modules/hal/nordic/nrfx/drivers/src/nrfx_saadc.c:151:12:saadc_channel_count_get	8	static
/home/t/asset-tracker-template/modules/hal/nordic/nrfx/drivers/src/nrfx_saadc.c:87:13:saadc_limits_set	16	static
/home/t/asset-tracker-template/modules/hal/nordic/nrfx/drivers/src/nrfx_saadc.c:229:12:saadc_channel_config	16	static
/home/t/asset-tracker-template/modules/hal/nordic/nrfx/drivers/src/nrfx_saadc.c:295:13:saadc_generic_mode_set	24	static
/home/t/asset-tracker-template/modules/hal/nordic/nrfx/drivers/src/nrfx_saadc.c:361:5:nrfx_saadc_init	16	static
/home/t/asset-tracker-template/modules/hal/nordic/nrfx/drivers/src/nrfx_saadc.c:420:6:nrfx_saadc_init_check	0	static
/home/t/asset-tracker-template/modules/hal/nordic/nrfx/drivers/src/nrfx_saadc.c:425:10:nrfx_saadc_interval_to_cc	8	static
/home/t/asset-tracker-template/modules/hal/nordic/nrfx/drivers/src/nrfx_saadc.c:432:5:nrfx_saadc_channels_config	24	static
/home/t/asset-tracker-template/modules/hal/nordic/nrfx/drivers/src/nrfx_saadc.c:463:5:nrfx_saadc_channel_config	8	static
/home/t/asset-tracker-template/modules/hal/nordic/nrfx/drivers/src/nrfx_saadc.c:476:10:nrfx_saadc_channels_configured_get	8	static
/home/t/asset-tracker-template/modules/hal/nordic/nrfx/drivers/src/nrfx_saadc.c:483:5:nrfx_saadc_channels_deconfig	16	static
/home/t/asset-tracker-template/modules/hal/nordic/nrfx/drivers/src/nrfx_saadc.c:497:5:nrfx_saadc_simple_mode_set	48	static
/home/t/asset-tracker-template/modules/hal/nordic/nrfx/drivers/src/nrfx_saadc.c:545:5:nrfx_saadc_advanced_mode_set	48	static
/home/t/asset-tracker-template/modules/hal/nordic/nrfx/drivers/src/nrfx_saadc.c:609:5:nrfx_saadc_buffer_set	16	static
/home/t/asset-tracker-template/modules/hal/nordic/nrfx/drivers/src/nrfx_saadc.c:666:5:nrfx_saadc_mode_trigger	16	static
/home/t/asset-tracker-template/modules/hal/nordic/nrfx/drivers/src/nrfx_saadc.c:763:6:nrfx_saadc_abort	8	static
/home/t/asset-tracker-template/modules/hal/nordic/nrfx/drivers/src/nrfx_saadc.c:409:6:nrfx_saadc_uninit	24	static
/home/t/asset-tracker-template/modules/hal/nordic/nrfx/drivers/src/nrfx_saadc.c:780:5:nrfx_saadc_limits_set	16	static
/home/t/asset-tracker-template/modules/hal/nordic/nrfx/drivers/src/nrfx_saadc.c:806:5:nrfx_saadc_offset_calibrate	24	static
/home/t/asset-tracker-template/modules/hal/nordic/nrfx/drivers/src/nrfx_saadc.c:1007:6:SAADC_IRQHandler	40	static
