/home/t/asset-tracker-template/zephyr/subsys/bluetooth/host/buf.c:103:13:hci_rx_pool_destroy	16	static
/home/t/asset-tracker-template/zephyr/subsys/bluetooth/host/buf.c:118:17:bt_buf_get_rx	16	static
/home/t/asset-tracker-template/zephyr/subsys/bluetooth/host/buf.c:145:6:bt_buf_rx_freed_cb_set	0	static
/home/t/asset-tracker-template/zephyr/subsys/bluetooth/host/buf.c:154:17:bt_buf_get_evt	8	static
/home/t/asset-tracker-template/zephyr/subsys/bluetooth/host/buf.c:209:17:bt_buf_make_view	24	static
/home/t/asset-tracker-template/zephyr/subsys/bluetooth/host/buf.c:247:6:bt_buf_destroy_view	16	static
/home/t/asset-tracker-template/zephyr/subsys/bluetooth/host/buf.c:262:6:bt_buf_has_view	0	static
