/home/t/asset-tracker-template/zephyr/subsys/bluetooth/host/conn.c:158:13:frag_destroy	8	static
/home/t/asset-tracker-template/zephyr/subsys/bluetooth/host/conn.c:1488:13:recycled_work_handler	8	static
/home/t/asset-tracker-template/zephyr/include/zephyr/kernel.h:836:23:k_current_get.part.0	8	static
/home/t/asset-tracker-template/zephyr/subsys/bluetooth/host/conn.c:76:13:conn_tx_destroy.part.0	8	static
/home/t/asset-tracker-template/zephyr/subsys/bluetooth/host/conn.c:292:13:tx_notify_process	32	static
/home/t/asset-tracker-template/zephyr/subsys/bluetooth/host/conn.c:1642:13:tx_complete_work	0	static
/home/t/asset-tracker-template/zephyr/subsys/bluetooth/host/conn.c:208:5:bt_conn_iso_init	16	static
/home/t/asset-tracker-template/zephyr/subsys/bluetooth/host/conn.c:218:15:bt_conn_get_pkts	0	static
/home/t/asset-tracker-template/zephyr/subsys/bluetooth/host/conn.c:340:6:bt_conn_tx_notify	56	static
/home/t/asset-tracker-template/zephyr/subsys/bluetooth/host/conn.c:363:17:bt_conn_new	8	static
/home/t/asset-tracker-template/zephyr/subsys/bluetooth/host/conn.c:391:6:bt_conn_reset_rx_state	8	static
/home/t/asset-tracker-template/zephyr/subsys/bluetooth/host/conn.c:492:6:bt_conn_recv	8	static
/home/t/asset-tracker-template/zephyr/subsys/bluetooth/host/conn.c:1462:17:bt_conn_ref	8	static
/home/t/asset-tracker-template/zephyr/subsys/bluetooth/host/conn.c:1162:6:bt_conn_set_state	104	dynamic,bounded
/home/t/asset-tracker-template/zephyr/subsys/bluetooth/host/conn.c:1498:6:bt_conn_unref	8	static
/home/t/asset-tracker-template/zephyr/subsys/bluetooth/host/conn.c:878:6:bt_conn_data_ready	8	static
/home/t/asset-tracker-template/zephyr/subsys/bluetooth/host/conn.c:1408:6:bt_conn_foreach	16	static
/home/t/asset-tracker-template/zephyr/subsys/bluetooth/host/conn.c:1031:6:bt_conn_tx_processor	96	dynamic,bounded
/home/t/asset-tracker-template/zephyr/subsys/bluetooth/host/conn.c:1367:17:bt_conn_lookup_handle	24	static
/home/t/asset-tracker-template/zephyr/subsys/bluetooth/host/conn.c:1403:17:bt_hci_conn_lookup_handle	0	static
/home/t/asset-tracker-template/zephyr/subsys/bluetooth/host/conn.c:823:6:bt_conn_cleanup_all	16	static
/home/t/asset-tracker-template/zephyr/subsys/bluetooth/host/conn.c:1543:9:bt_conn_index	8	static
/home/t/asset-tracker-template/zephyr/subsys/bluetooth/host/conn.c:1580:17:bt_conn_create_pdu_timeout	24	static
/home/t/asset-tracker-template/zephyr/subsys/bluetooth/host/conn.c:1668:5:bt_conn_disconnect	0	static
