/home/t/asset-tracker-template/zephyr/subsys/bluetooth/host/hci_core.c:631:13:hci_num_completed_packets	80	dynamic,bounded
/home/t/asset-tracker-template/zephyr/subsys/bluetooth/host/hci_core.c:2450:13:hci_hardware_error	8	static
/home/t/asset-tracker-template/zephyr/subsys/bluetooth/host/hci_core.c:4475:13:rx_queue_put	8	static
/home/t/asset-tracker-template/zephyr/subsys/bluetooth/host/hci_core.c:5183:12:bt_tx_processor_init	32	static
/home/t/asset-tracker-template/zephyr/subsys/bluetooth/host/hci_core.c:2539:13:hci_cmd_done.part.0	40	static
/home/t/asset-tracker-template/zephyr/subsys/bluetooth/host/hci_core.c:230:13:handle_event.part.0	56	dynamic,bounded
/home/t/asset-tracker-template/zephyr/subsys/bluetooth/host/hci_core.c:230:13:handle_event	16	static
/home/t/asset-tracker-template/zephyr/subsys/bluetooth/host/hci_core.c:4555:5:bt_hci_recv	24	static
/home/t/asset-tracker-template/zephyr/subsys/bluetooth/host/hci_core.c:4624:13:rx_work_handler	16	static
/home/t/asset-tracker-template/zephyr/subsys/bluetooth/host/hci_core.c:2893:13:hci_vendor_event	64	dynamic,bounded
/home/t/asset-tracker-template/zephyr/subsys/bluetooth/host/hci_core.c:3100:13:hci_le_meta_event	24	static
/home/t/asset-tracker-template/zephyr/subsys/bluetooth/host/hci_core.c:4409:13:hci_le_meta_prio_event	8	static
/home/t/asset-tracker-template/zephyr/subsys/bluetooth/host/hci_core.c:171:6:bt_drv_quirk_no_auto_dle	0	static
/home/t/asset-tracker-template/zephyr/subsys/bluetooth/host/hci_core.c:176:6:bt_hci_cmd_state_set_init	8	static
/home/t/asset-tracker-template/zephyr/subsys/bluetooth/host/hci_core.c:258:6:bt_send_one_host_num_completed_packets	0	static
/home/t/asset-tracker-template/zephyr/subsys/bluetooth/host/hci_core.c:369:17:bt_hci_cmd_alloc	16	static
/home/t/asset-tracker-template/zephyr/subsys/bluetooth/host/hci_core.c:346:17:bt_hci_cmd_create	24	static
/home/t/asset-tracker-template/zephyr/subsys/bluetooth/host/hci_core.c:600:9:bt_get_phy	0	static
/home/t/asset-tracker-template/zephyr/subsys/bluetooth/host/hci_core.c:614:5:bt_get_df_cte_type	0	static
/home/t/asset-tracker-template/zephyr/subsys/bluetooth/host/hci_core.c:2653:5:bt_hci_get_conn_handle	0	static
/home/t/asset-tracker-template/zephyr/subsys/bluetooth/host/hci_core.c:2664:5:bt_hci_get_adv_handle	0	static
/home/t/asset-tracker-template/zephyr/subsys/bluetooth/host/hci_core.c:4061:13:bt_hci_get_ver_str	80	static
/home/t/asset-tracker-template/zephyr/subsys/bluetooth/host/hci_core.c:4356:5:bt_send	0	static
/home/t/asset-tracker-template/zephyr/subsys/bluetooth/host/hci_core.c:4567:6:bt_finalize_init	0	static
/home/t/asset-tracker-template/zephyr/subsys/bluetooth/host/hci_core.c:4857:6:bt_is_ready	0	static
/home/t/asset-tracker-template/zephyr/subsys/bluetooth/host/hci_core.c:4869:5:bt_set_name	16	static
/home/t/asset-tracker-template/zephyr/subsys/bluetooth/host/hci_core.c:4899:13:bt_get_name	0	static
/home/t/asset-tracker-template/zephyr/subsys/bluetooth/host/hci_core.c:4908:10:bt_get_appearance	0	static
/home/t/asset-tracker-template/zephyr/subsys/bluetooth/host/hci_core.c:4936:5:bt_le_get_local_features	4	static
/home/t/asset-tracker-template/zephyr/subsys/bluetooth/host/hci_core.c:4959:6:bt_le_bond_exists	0	static
/home/t/asset-tracker-template/zephyr/subsys/bluetooth/host/hci_core.c:5209:6:bt_tx_irq_raise	8	static
/home/t/asset-tracker-template/zephyr/subsys/bluetooth/host/hci_core.c:391:5:bt_hci_cmd_send	16	static
/home/t/asset-tracker-template/zephyr/subsys/bluetooth/host/hci_core.c:439:5:bt_hci_cmd_send_sync	96	dynamic,bounded
/home/t/asset-tracker-template/zephyr/subsys/bluetooth/host/hci_core.c:541:5:bt_hci_le_rand	32	static
/home/t/asset-tracker-template/zephyr/subsys/bluetooth/host/hci_core.c:573:5:bt_hci_le_read_max_data_len	24	static
/home/t/asset-tracker-template/zephyr/subsys/bluetooth/host/hci_core.c:4766:5:bt_disable	16	static
/home/t/asset-tracker-template/zephyr/subsys/bluetooth/host/hci_core.c:5045:5:bt_le_set_chan_map	16	static
/home/t/asset-tracker-template/zephyr/subsys/bluetooth/host/hci_core.c:5092:5:bt_configure_data_path	32	static
/home/t/asset-tracker-template/zephyr/subsys/bluetooth/host/hci_core.c:4578:12:bt_init	40	static
/home/t/asset-tracker-template/zephyr/subsys/bluetooth/host/hci_core.c:4614:13:init_work	8	static
/home/t/asset-tracker-template/zephyr/subsys/bluetooth/host/hci_core.c:4694:5:bt_enable	32	static
/home/t/asset-tracker-template/zephyr/subsys/bluetooth/host/hci_core.c:2632:13:hci_cmd_status	16	static
/home/t/asset-tracker-template/zephyr/subsys/bluetooth/host/hci_core.c:2597:13:hci_cmd_complete	64	dynamic,bounded
/home/t/asset-tracker-template/zephyr/subsys/bluetooth/host/hci_core.c:5141:13:tx_processor	16	static
