/home/t/asset-tracker-template/modules/crypto/mbedtls/library/oid.c:1021:12:oid_subidentifier_encode_into	12	static
/home/t/asset-tracker-template/modules/crypto/mbedtls/library/oid.c:260:1:mbedtls_oid_get_attr_short_name	24	static
/home/t/asset-tracker-template/modules/crypto/mbedtls/library/oid.c:329:1:mbedtls_oid_get_x509_ext_type	24	static
/home/t/asset-tracker-template/modules/crypto/mbedtls/library/oid.c:351:1:mbedtls_oid_get_extended_key_usage	24	static
/home/t/asset-tracker-template/modules/crypto/mbedtls/library/oid.c:364:1:mbedtls_oid_get_certificate_policies	0	static
/home/t/asset-tracker-template/modules/crypto/mbedtls/library/oid.c:477:1:mbedtls_oid_get_sig_alg_desc	0	static
/home/t/asset-tracker-template/modules/crypto/mbedtls/library/oid.c:484:1:mbedtls_oid_get_sig_alg	0	static
/home/t/asset-tracker-template/modules/crypto/mbedtls/library/oid.c:491:1:mbedtls_oid_get_oid_by_sig_alg	0	static
/home/t/asset-tracker-template/modules/crypto/mbedtls/library/oid.c:528:1:mbedtls_oid_get_pk_alg	24	static
/home/t/asset-tracker-template/modules/crypto/mbedtls/library/oid.c:529:1:mbedtls_oid_get_oid_by_pk_alg	4	static
/home/t/asset-tracker-template/modules/crypto/mbedtls/library/oid.c:619:1:mbedtls_oid_get_ec_grp	8	static
/home/t/asset-tracker-template/modules/crypto/mbedtls/library/oid.c:620:1:mbedtls_oid_get_oid_by_ec_grp	4	static
/home/t/asset-tracker-template/modules/crypto/mbedtls/library/oid.c:656:1:mbedtls_oid_get_ec_grp_algid	0	static
/home/t/asset-tracker-template/modules/crypto/mbedtls/library/oid.c:661:1:mbedtls_oid_get_oid_by_ec_grp_algid	0	static
/home/t/asset-tracker-template/modules/crypto/mbedtls/library/oid.c:796:1:mbedtls_oid_get_md_alg	0	static
/home/t/asset-tracker-template/modules/crypto/mbedtls/library/oid.c:797:1:mbedtls_oid_get_oid_by_md	0	static
/home/t/asset-tracker-template/modules/crypto/mbedtls/library/oid.c:880:1:mbedtls_oid_get_md_hmac	0	static
/home/t/asset-tracker-template/modules/crypto/mbedtls/library/oid.c:923:5:mbedtls_oid_get_numeric_string	48	static
/home/t/asset-tracker-template/modules/crypto/mbedtls/library/oid.c:1043:5:mbedtls_oid_from_numeric_string	40	static
