/home/t/asset-tracker-template/zephyr/include/zephyr/sys/byteorder.h:686:20:sys_memcpy_swap.part.0	8	static
/home/t/asset-tracker-template/zephyr/subsys/bluetooth/crypto/bt_crypto.c:19:5:bt_crypto_f4	112	static
/home/t/asset-tracker-template/zephyr/subsys/bluetooth/crypto/bt_crypto.c:56:5:bt_crypto_f5	136	static
/home/t/asset-tracker-template/zephyr/subsys/bluetooth/crypto/bt_crypto.c:117:5:bt_crypto_f6	128	static
/home/t/asset-tracker-template/zephyr/subsys/bluetooth/crypto/bt_crypto.c:160:5:bt_crypto_g2	120	static
/home/t/asset-tracker-template/zephyr/subsys/bluetooth/crypto/bt_crypto.c:192:5:bt_crypto_h6	40	static
/home/t/asset-tracker-template/zephyr/subsys/bluetooth/crypto/bt_crypto.c:216:5:bt_crypto_h7	48	static
/home/t/asset-tracker-template/zephyr/subsys/bluetooth/crypto/bt_crypto.c:240:5:bt_crypto_h8	80	static
