/home/t/asset-tracker-template/zephyr/arch/arm/core/cortex_m/scb.c:41:13:sys_arch_reboot	0	static
/home/t/asset-tracker-template/zephyr/arch/arm/core/cortex_m/scb.c:57:6:z_arm_clear_arm_mpu_config	0	static
/home/t/asset-tracker-template/zephyr/arch/arm/core/cortex_m/scb.c:93:6:z_arm_init_arch_hw_at_boot	0	static
/home/t/asset-tracker-template/zephyr/arch/arm/core/cortex_m/scb.c:169:6:z_arm_save_scb_context	8	static
/home/t/asset-tracker-template/zephyr/arch/arm/core/cortex_m/scb.c:211:6:z_arm_restore_scb_context	8	static
