/home/t/asset-tracker-template/zephyr/lib/net_buf/buf.c:95:17:generic_data_ref	0	static
/home/t/asset-tracker-template/zephyr/lib/net_buf/buf.c:165:17:fixed_data_alloc	8	static
/home/t/asset-tracker-template/zephyr/lib/net_buf/buf.c:176:13:fixed_data_unref	0	static
/home/t/asset-tracker-template/zephyr/lib/net_buf/buf.c:144:13:mem_pool_data_unref	0	static
/home/t/asset-tracker-template/zephyr/lib/net_buf/buf.c:106:17:mem_pool_data_alloc	32	static
/home/t/asset-tracker-template/zephyr/lib/net_buf/buf.c:204:13:heap_data_unref	0	static
/home/t/asset-tracker-template/zephyr/lib/net_buf/buf.c:188:17:heap_data_alloc	8	static
/home/t/asset-tracker-template/zephyr/lib/net_buf/buf.c:559:17:net_buf_frag_last.part.0	8	static
/home/t/asset-tracker-template/zephyr/lib/net_buf/buf.c:570:6:net_buf_frag_insert.part.0	8	static
/home/t/asset-tracker-template/zephyr/lib/net_buf/buf.c:48:22:net_buf_pool_get	0	static
/home/t/asset-tracker-template/zephyr/lib/net_buf/buf.c:62:5:net_buf_id	0	static
/home/t/asset-tracker-template/zephyr/lib/net_buf/buf.c:88:6:net_buf_reset	8	static
/home/t/asset-tracker-template/zephyr/lib/net_buf/buf.c:249:17:net_buf_alloc_len	56	static
/home/t/asset-tracker-template/zephyr/lib/net_buf/buf.c:372:17:net_buf_alloc_fixed	0	static
/home/t/asset-tracker-template/zephyr/lib/net_buf/buf.c:385:17:net_buf_alloc_with_data	16	static
/home/t/asset-tracker-template/zephyr/lib/net_buf/buf.c:409:6:net_buf_slist_put	16	static
/home/t/asset-tracker-template/zephyr/lib/net_buf/buf.c:421:17:net_buf_slist_get	16	static
/home/t/asset-tracker-template/zephyr/lib/net_buf/buf.c:440:6:net_buf_unref	32	static
/home/t/asset-tracker-template/zephyr/lib/net_buf/buf.c:484:17:net_buf_ref	8	static
/home/t/asset-tracker-template/zephyr/lib/net_buf/buf.c:494:17:net_buf_clone	48	static
/home/t/asset-tracker-template/zephyr/lib/net_buf/buf.c:541:5:net_buf_user_data_copy	8	static
/home/t/asset-tracker-template/zephyr/lib/net_buf/buf.c:559:17:net_buf_frag_last	8	static
/home/t/asset-tracker-template/zephyr/lib/net_buf/buf.c:570:6:net_buf_frag_insert	8	static
/home/t/asset-tracker-template/zephyr/lib/net_buf/buf.c:582:17:net_buf_frag_add	8	static
/home/t/asset-tracker-template/zephyr/lib/net_buf/buf.c:600:17:net_buf_frag_del	8	static
/home/t/asset-tracker-template/zephyr/lib/net_buf/buf.c:626:8:net_buf_linearize	24	static
/home/t/asset-tracker-template/zephyr/lib/net_buf/buf.c:666:8:net_buf_append_bytes	40	static
/home/t/asset-tracker-template/zephyr/lib/net_buf/buf.c:713:8:net_buf_data_match	20	static
