/home/t/asset-tracker-template/zephyr/drivers/regulator/regulator_common.c:17:6:regulator_common_data_init	8	static
/home/t/asset-tracker-template/zephyr/drivers/regulator/regulator_common.c:105:5:regulator_enable	24	static
/home/t/asset-tracker-template/zephyr/drivers/regulator/regulator_common.c:144:6:regulator_is_enabled	16	static
/home/t/asset-tracker-template/zephyr/drivers/regulator/regulator_common.c:165:5:regulator_disable	16	static
/home/t/asset-tracker-template/zephyr/drivers/regulator/regulator_common.c:204:6:regulator_is_supported_voltage	32	static
/home/t/asset-tracker-template/zephyr/drivers/regulator/regulator_common.c:230:5:regulator_set_voltage	12	static
/home/t/asset-tracker-template/zephyr/drivers/regulator/regulator_common.c:248:5:regulator_set_current_limit	12	static
/home/t/asset-tracker-template/zephyr/drivers/regulator/regulator_common.c:266:5:regulator_set_mode	8	static
/home/t/asset-tracker-template/zephyr/drivers/regulator/regulator_common.c:27:5:regulator_common_init	40	static
