/home/t/asset-tracker-template/zephyr/subsys/storage/flash_map/flash_map.c:22:6:flash_area_foreach	24	static
/home/t/asset-tracker-template/zephyr/subsys/storage/flash_map/flash_map.c:29:5:flash_area_open	16	static
/home/t/asset-tracker-template/zephyr/subsys/storage/flash_map/flash_map.c:51:6:flash_area_close	0	static
/home/t/asset-tracker-template/zephyr/subsys/storage/flash_map/flash_map.c:56:5:flash_area_read	4	static
/home/t/asset-tracker-template/zephyr/subsys/storage/flash_map/flash_map.c:66:5:flash_area_write	4	static
/home/t/asset-tracker-template/zephyr/subsys/storage/flash_map/flash_map.c:76:5:flash_area_erase	4	static
/home/t/asset-tracker-template/zephyr/subsys/storage/flash_map/flash_map.c:85:5:flash_area_copy	16	static
/home/t/asset-tracker-template/zephyr/subsys/storage/flash_map/flash_map.c:99:5:flash_area_flatten	4	static
/home/t/asset-tracker-template/zephyr/subsys/storage/flash_map/flash_map.c:108:10:flash_area_align	8	static
/home/t/asset-tracker-template/zephyr/subsys/storage/flash_map/flash_map.c:113:5:flash_area_has_driver	8	static
/home/t/asset-tracker-template/zephyr/subsys/storage/flash_map/flash_map.c:122:22:flash_area_get_device	0	static
/home/t/asset-tracker-template/zephyr/subsys/storage/flash_map/flash_map.c:134:9:flash_area_erased_val	8	static
