/home/t/asset-tracker-template/modules/hal/nordic/nrfx/drivers/src/nrfx_ipc.c:50:5:nrfx_ipc_init	24	static
/home/t/asset-tracker-template/modules/hal/nordic/nrfx/drivers/src/nrfx_ipc.c:69:6:nrfx_ipc_config_load	16	static
/home/t/asset-tracker-template/modules/hal/nordic/nrfx/drivers/src/nrfx_ipc.c:90:6:nrfx_ipc_uninit	16	static
/home/t/asset-tracker-template/modules/hal/nordic/nrfx/drivers/src/nrfx_ipc.c:112:6:nrfx_ipc_init_check	0	static
/home/t/asset-tracker-template/modules/hal/nordic/nrfx/drivers/src/nrfx_ipc.c:117:6:nrfx_ipc_receive_event_enable	8	static
/home/t/asset-tracker-template/modules/hal/nordic/nrfx/drivers/src/nrfx_ipc.c:125:6:nrfx_ipc_receive_event_disable	8	static
/home/t/asset-tracker-template/modules/hal/nordic/nrfx/drivers/src/nrfx_ipc.c:133:6:nrfx_ipc_receive_event_group_enable	8	static
/home/t/asset-tracker-template/modules/hal/nordic/nrfx/drivers/src/nrfx_ipc.c:141:6:nrfx_ipc_receive_event_group_disable	8	static
/home/t/asset-tracker-template/modules/hal/nordic/nrfx/drivers/src/nrfx_ipc.c:149:6:nrfx_ipc_receive_event_channel_assign	8	static
/home/t/asset-tracker-template/modules/hal/nordic/nrfx/drivers/src/nrfx_ipc.c:161:6:nrfx_ipc_send_task_channel_assign	8	static
/home/t/asset-tracker-template/modules/hal/nordic/nrfx/drivers/src/nrfx_ipc.c:173:6:IPC_IRQHandler	24	static
