/home/t/asset-tracker-template/modules/hal/nordic/nrfx/drivers/src/nrfx_gpiote.c:1308:13:call_handler	24	static
/home/t/asset-tracker-template/modules/hal/nordic/nrfx/drivers/src/nrfx_gpiote.c:418:13:release_handler	8	static
/home/t/asset-tracker-template/modules/hal/nordic/nrfx/hal/nrf_gpio.h:974:35:nrf_gpio_pin_port_decode.part.0	8	static
/home/t/asset-tracker-template/modules/hal/nordic/nrfx/drivers/src/nrfx_gpiote.c:1363:13:latch_pending_read_and_check	4	static
/home/t/asset-tracker-template/modules/hal/nordic/nrfx/drivers/src/nrfx_gpiote.c:487:27:pin_in_event_get	8	static
/home/t/asset-tracker-template/modules/hal/nordic/nrfx/drivers/src/nrfx_gpiote.c:952:26:pin_out_task_get	8	static
/home/t/asset-tracker-template/modules/hal/nordic/nrfx/drivers/src/nrfx_gpiote.c:983:26:pin_clr_task_get	8	static
/home/t/asset-tracker-template/modules/hal/nordic/nrfx/drivers/src/nrfx_gpiote.c:967:26:pin_set_task_get	8	static
/home/t/asset-tracker-template/modules/hal/nordic/nrfx/drivers/src/nrfx_gpiote.c:466:13:pin_trigger_disable	8	static
/home/t/asset-tracker-template/modules/hal/nordic/nrfx/drivers/src/nrfx_gpiote.c:589:12:pin_uninit	24	static
/home/t/asset-tracker-template/modules/hal/nordic/nrfx/drivers/src/nrfx_gpiote.c:1072:6:nrfx_gpiote_in_is_set	8	static
/home/t/asset-tracker-template/modules/hal/nordic/nrfx/drivers/src/nrfx_gpiote.c:1078:5:nrfx_gpiote_input_configure	24	static
/home/t/asset-tracker-template/modules/hal/nordic/nrfx/drivers/src/nrfx_gpiote.c:1087:5:nrfx_gpiote_output_configure	24	static
/home/t/asset-tracker-template/modules/hal/nordic/nrfx/drivers/src/nrfx_gpiote.c:1097:6:nrfx_gpiote_global_callback_set	8	static
/home/t/asset-tracker-template/modules/hal/nordic/nrfx/drivers/src/nrfx_gpiote.c:1106:5:nrfx_gpiote_channel_get	8	static
/home/t/asset-tracker-template/modules/hal/nordic/nrfx/drivers/src/nrfx_gpiote.c:1115:10:nrfx_gpiote_channels_number_get	8	static
/home/t/asset-tracker-template/modules/hal/nordic/nrfx/drivers/src/nrfx_gpiote.c:1122:5:nrfx_gpiote_init	16	static
/home/t/asset-tracker-template/modules/hal/nordic/nrfx/drivers/src/nrfx_gpiote.c:1129:6:nrfx_gpiote_init_check	8	static
/home/t/asset-tracker-template/modules/hal/nordic/nrfx/drivers/src/nrfx_gpiote.c:1136:6:nrfx_gpiote_uninit	16	static
/home/t/asset-tracker-template/modules/hal/nordic/nrfx/drivers/src/nrfx_gpiote.c:1143:5:nrfx_gpiote_pin_uninit	8	static
/home/t/asset-tracker-template/modules/hal/nordic/nrfx/drivers/src/nrfx_gpiote.c:1150:5:nrfx_gpiote_channel_free	8	static
/home/t/asset-tracker-template/modules/hal/nordic/nrfx/drivers/src/nrfx_gpiote.c:1157:5:nrfx_gpiote_channel_alloc	8	static
/home/t/asset-tracker-template/modules/hal/nordic/nrfx/drivers/src/nrfx_gpiote.c:1170:6:nrfx_gpiote_out_set	8	static
/home/t/asset-tracker-template/modules/hal/nordic/nrfx/drivers/src/nrfx_gpiote.c:1175:6:nrfx_gpiote_out_clear	8	static
/home/t/asset-tracker-template/modules/hal/nordic/nrfx/drivers/src/nrfx_gpiote.c:1180:6:nrfx_gpiote_out_toggle	8	static
/home/t/asset-tracker-template/modules/hal/nordic/nrfx/drivers/src/nrfx_gpiote.c:1185:6:nrfx_gpiote_out_task_enable	8	static
/home/t/asset-tracker-template/modules/hal/nordic/nrfx/drivers/src/nrfx_gpiote.c:1192:6:nrfx_gpiote_out_task_disable	8	static
/home/t/asset-tracker-template/modules/hal/nordic/nrfx/drivers/src/nrfx_gpiote.c:1199:19:nrfx_gpiote_out_task_get	8	static
/home/t/asset-tracker-template/modules/hal/nordic/nrfx/drivers/src/nrfx_gpiote.c:1206:10:nrfx_gpiote_out_task_address_get	8	static
/home/t/asset-tracker-template/modules/hal/nordic/nrfx/drivers/src/nrfx_gpiote.c:1214:19:nrfx_gpiote_set_task_get	8	static
/home/t/asset-tracker-template/modules/hal/nordic/nrfx/drivers/src/nrfx_gpiote.c:1221:10:nrfx_gpiote_set_task_address_get	8	static
/home/t/asset-tracker-template/modules/hal/nordic/nrfx/drivers/src/nrfx_gpiote.c:1230:19:nrfx_gpiote_clr_task_get	8	static
/home/t/asset-tracker-template/modules/hal/nordic/nrfx/drivers/src/nrfx_gpiote.c:1237:10:nrfx_gpiote_clr_task_address_get	8	static
/home/t/asset-tracker-template/modules/hal/nordic/nrfx/drivers/src/nrfx_gpiote.c:1246:6:nrfx_gpiote_out_task_force	8	static
/home/t/asset-tracker-template/modules/hal/nordic/nrfx/drivers/src/nrfx_gpiote.c:1255:6:nrfx_gpiote_out_task_trigger	8	static
/home/t/asset-tracker-template/modules/hal/nordic/nrfx/drivers/src/nrfx_gpiote.c:1263:6:nrfx_gpiote_set_task_trigger	8	static
/home/t/asset-tracker-template/modules/hal/nordic/nrfx/drivers/src/nrfx_gpiote.c:1272:6:nrfx_gpiote_clr_task_trigger	8	static
/home/t/asset-tracker-template/modules/hal/nordic/nrfx/drivers/src/nrfx_gpiote.c:1280:6:nrfx_gpiote_trigger_enable	16	static
/home/t/asset-tracker-template/modules/hal/nordic/nrfx/drivers/src/nrfx_gpiote.c:1289:6:nrfx_gpiote_trigger_disable	8	static
/home/t/asset-tracker-template/modules/hal/nordic/nrfx/drivers/src/nrfx_gpiote.c:1296:20:nrfx_gpiote_in_event_get	0	static
/home/t/asset-tracker-template/modules/hal/nordic/nrfx/drivers/src/nrfx_gpiote.c:1302:10:nrfx_gpiote_in_event_address_get	8	static
/home/t/asset-tracker-template/modules/hal/nordic/nrfx/drivers/src/nrfx_gpiote.c:1590:6:nrfx_gpiote_irq_handler	88	static
