/home/t/asset-tracker-template/zephyr/arch/arm/core/cortex_m/thread.c:90:6:arch_new_thread	12	static
/home/t/asset-tracker-template/zephyr/arch/arm/core/cortex_m/thread.c:317:6:configure_builtin_stack_guard	0	static
/home/t/asset-tracker-template/zephyr/arch/arm/core/cortex_m/thread.c:463:5:arch_float_disable	0	static
/home/t/asset-tracker-template/zephyr/arch/arm/core/cortex_m/thread.c:495:5:arch_float_enable	0	static
/home/t/asset-tracker-template/zephyr/arch/arm/core/cortex_m/thread.c:504:5:arch_coprocessors_disable	0	static
/home/t/asset-tracker-template/zephyr/arch/arm/core/cortex_m/thread.c:541:6:arch_switch_to_main_thread	8	static
/home/t/asset-tracker-template/zephyr/arch/arm/core/cortex_m/thread.c:624:13:arch_irq_unlock_outlined	0	static
/home/t/asset-tracker-template/zephyr/arch/arm/core/cortex_m/thread.c:633:21:arch_irq_lock_outlined	0	static
