/home/t/asset-tracker-template/zephyr/subsys/logging/log_mgmt.c:58:13:domain_id_cmp	0	static
/home/t/asset-tracker-template/zephyr/subsys/logging/log_mgmt.c:63:13:source_id_cmp	0	static
/home/t/asset-tracker-template/zephyr/subsys/logging/log_mgmt.c:121:11:z_log_link_get_dynamic_filter	16	static
/home/t/asset-tracker-template/zephyr/subsys/logging/log_mgmt.c:177:9:z_log_ext_domain_count	8	static
/home/t/asset-tracker-template/zephyr/subsys/logging/log_mgmt.c:198:10:log_src_cnt_get	0	static
/home/t/asset-tracker-template/zephyr/subsys/logging/log_mgmt.c:243:13:log_source_name_get	0	static
/home/t/asset-tracker-template/zephyr/subsys/logging/log_mgmt.c:291:13:log_domain_name_get	0	static
/home/t/asset-tracker-template/zephyr/subsys/logging/log_mgmt.c:312:9:log_compiled_level_get	0	static
/home/t/asset-tracker-template/zephyr/subsys/logging/log_mgmt.c:325:5:z_log_link_set_runtime_level	16	static
/home/t/asset-tracker-template/zephyr/subsys/logging/log_mgmt.c:344:6:z_log_runtime_filters_init	0	static
/home/t/asset-tracker-template/zephyr/subsys/logging/log_mgmt.c:366:5:log_source_id_get	24	static
/home/t/asset-tracker-template/zephyr/subsys/logging/log_mgmt.c:438:10:filter_set	32	static
/home/t/asset-tracker-template/zephyr/subsys/logging/log_mgmt.c:476:10:z_impl_log_filter_set	0	static
/home/t/asset-tracker-template/zephyr/subsys/logging/log_mgmt.c:485:10:z_impl_log_frontend_filter_set	0	static
/home/t/asset-tracker-template/zephyr/subsys/logging/log_mgmt.c:548:27:log_backend_get_by_name	24	static
/home/t/asset-tracker-template/zephyr/subsys/logging/log_mgmt.c:559:6:log_backend_enable	24	static
/home/t/asset-tracker-template/zephyr/subsys/logging/log_mgmt.c:570:6:log_backend_disable	16	static
/home/t/asset-tracker-template/zephyr/subsys/logging/log_mgmt.c:579:10:log_filter_get	8	static
/home/t/asset-tracker-template/zephyr/subsys/logging/log_mgmt.c:587:10:log_frontend_filter_get	0	static
/home/t/asset-tracker-template/zephyr/subsys/logging/log_mgmt.c:596:6:z_log_links_initiate	16	static
