/home/t/asset-tracker-template/zephyr/subsys/fs/fat_fs.c:266:14:fatfs_tell	0	static
/home/t/asset-tracker-template/zephyr/subsys/fs/fat_fs.c:601:12:fatfs_init	0	static
/home/t/asset-tracker-template/zephyr/subsys/fs/fat_fs.c:385:12:fatfs_closedir	8	static
/home/t/asset-tracker-template/zephyr/subsys/fs/fat_fs.c:367:12:fatfs_readdir	296	static
/home/t/asset-tracker-template/zephyr/subsys/fs/fat_fs.c:143:12:fatfs_close	16	static
/home/t/asset-tracker-template/zephyr/subsys/fs/fat_fs.c:322:12:fatfs_sync	8	static
/home/t/asset-tracker-template/zephyr/subsys/fs/fat_fs.c:238:12:fatfs_seek	8	static
/home/t/asset-tracker-template/zephyr/subsys/fs/fat_fs.c:271:12:fatfs_truncate	32	static
/home/t/asset-tracker-template/zephyr/subsys/fs/fat_fs.c:206:16:fatfs_write	24	static
/home/t/asset-tracker-template/zephyr/subsys/fs/fat_fs.c:193:16:fatfs_read	16	static
/home/t/asset-tracker-template/zephyr/subsys/fs/fat_fs.c:92:20:translate_path.part.0	8	static
/home/t/asset-tracker-template/zephyr/subsys/fs/fat_fs.c:414:12:fatfs_statvfs	16	static
/home/t/asset-tracker-template/zephyr/subsys/fs/fat_fs.c:397:12:fatfs_stat	304	static
/home/t/asset-tracker-template/zephyr/subsys/fs/fat_fs.c:333:12:fatfs_mkdir	8	static
/home/t/asset-tracker-template/zephyr/subsys/fs/fat_fs.c:156:12:fatfs_unlink	8	static
/home/t/asset-tracker-template/zephyr/subsys/fs/fat_fs.c:169:12:fatfs_rename	304	static
/home/t/asset-tracker-template/zephyr/subsys/fs/fat_fs.c:486:12:fatfs_unmount	24	static
/home/t/asset-tracker-template/zephyr/subsys/fs/fat_fs.c:447:12:fatfs_mount	536	static
/home/t/asset-tracker-template/zephyr/subsys/fs/fat_fs.c:345:12:fatfs_opendir	24	static
/home/t/asset-tracker-template/zephyr/subsys/fs/fat_fs.c:117:12:fatfs_open	32	static
