/home/t/asset-tracker-template/zephyr/subsys/fs/fs.c:80:12:fs_get_mnt_point	48	static
/home/t/asset-tracker-template/zephyr/subsys/fs/fs.c:131:5:fs_open	32	static
/home/t/asset-tracker-template/zephyr/subsys/fs/fs.c:199:5:fs_close	16	static
/home/t/asset-tracker-template/zephyr/subsys/fs/fs.c:222:9:fs_read	8	static
/home/t/asset-tracker-template/zephyr/subsys/fs/fs.c:242:9:fs_write	8	static
/home/t/asset-tracker-template/zephyr/subsys/fs/fs.c:262:5:fs_seek	8	static
/home/t/asset-tracker-template/zephyr/subsys/fs/fs.c:282:7:fs_tell	8	static
/home/t/asset-tracker-template/zephyr/subsys/fs/fs.c:302:5:fs_truncate	8	static
/home/t/asset-tracker-template/zephyr/subsys/fs/fs.c:322:5:fs_sync	8	static
/home/t/asset-tracker-template/zephyr/subsys/fs/fs.c:343:5:fs_opendir	32	static
/home/t/asset-tracker-template/zephyr/subsys/fs/fs.c:392:5:fs_readdir	24	static
/home/t/asset-tracker-template/zephyr/subsys/fs/fs.c:473:5:fs_closedir	16	static
/home/t/asset-tracker-template/zephyr/subsys/fs/fs.c:499:5:fs_mkdir	24	static
/home/t/asset-tracker-template/zephyr/subsys/fs/fs.c:532:5:fs_unlink	24	static
/home/t/asset-tracker-template/zephyr/subsys/fs/fs.c:565:5:fs_rename	24	static
/home/t/asset-tracker-template/zephyr/subsys/fs/fs.c:605:5:fs_stat	24	static
/home/t/asset-tracker-template/zephyr/subsys/fs/fs.c:635:5:fs_statvfs	24	static
/home/t/asset-tracker-template/zephyr/subsys/fs/fs.c:684:5:fs_mount	64	dynamic,bounded
/home/t/asset-tracker-template/zephyr/subsys/fs/fs.c:809:5:fs_unmount	56	dynamic,bounded
/home/t/asset-tracker-template/zephyr/subsys/fs/fs.c:845:5:fs_readmount	24	static
/home/t/asset-tracker-template/zephyr/subsys/fs/fs.c:878:5:fs_register	16	static
/home/t/asset-tracker-template/zephyr/subsys/fs/fs.c:898:5:fs_unregister	16	static
