/home/t/asset-tracker-template/nrf/applications/nrf5340_audio/src/audio/audio_system.c:143:13:encoder_thread	1112	dynamic,bounded
/home/t/asset-tracker-template/nrf/applications/nrf5340_audio/src/audio/audio_system.c:478:6:audio_system_stop.part.0	96	dynamic,bounded
/home/t/asset-tracker-template/nrf/applications/nrf5340_audio/src/audio/audio_system.c:589:12:cmd_audio_system_stop	8	static
/home/t/asset-tracker-template/nrf/applications/nrf5340_audio/src/audio/audio_system.c:87:6:sample_rate_valid	0	static
/home/t/asset-tracker-template/nrf/applications/nrf5340_audio/src/audio/audio_system.c:230:6:audio_system_encoder_start	0	static
/home/t/asset-tracker-template/nrf/applications/nrf5340_audio/src/audio/audio_system.c:236:6:audio_system_encoder_stop	0	static
/home/t/asset-tracker-template/nrf/applications/nrf5340_audio/src/audio/audio_system.c:241:5:audio_system_encode_test_tone_set	16	static
/home/t/asset-tracker-template/nrf/applications/nrf5340_audio/src/audio/audio_system.c:266:5:audio_system_encode_test_tone_step	16	static
/home/t/asset-tracker-template/nrf/applications/nrf5340_audio/src/audio/audio_system.c:299:5:audio_system_config_set	8	static
/home/t/asset-tracker-template/nrf/applications/nrf5340_audio/src/audio/audio_system.c:328:5:audio_system_decode	40	static
/home/t/asset-tracker-template/nrf/applications/nrf5340_audio/src/audio/audio_system.c:437:6:audio_system_start	96	dynamic,bounded
/home/t/asset-tracker-template/nrf/applications/nrf5340_audio/src/audio/audio_system.c:577:12:cmd_audio_system_start	8	static
/home/t/asset-tracker-template/nrf/applications/nrf5340_audio/src/audio/audio_system.c:478:6:audio_system_stop	0	static
/home/t/asset-tracker-template/nrf/applications/nrf5340_audio/src/audio/audio_system.c:506:5:audio_system_decoder_num_ch_get	0	static
/home/t/asset-tracker-template/nrf/applications/nrf5340_audio/src/audio/audio_system.c:511:5:audio_system_encoder_num_ch_set	0	static
/home/t/asset-tracker-template/nrf/applications/nrf5340_audio/src/audio/audio_system.c:528:5:audio_system_init	8	static
