/home/t/asset-tracker-template/zephyr/subsys/bluetooth/audio/bap_iso.c:38:20:bt_bap_iso_new	8	static
/home/t/asset-tracker-template/zephyr/subsys/bluetooth/audio/bap_iso.c:58:20:bt_bap_iso_ref	8	static
/home/t/asset-tracker-template/zephyr/subsys/bluetooth/audio/bap_iso.c:80:6:bt_bap_iso_unref	8	static
/home/t/asset-tracker-template/zephyr/subsys/bluetooth/audio/bap_iso.c:91:6:bt_bap_iso_foreach	24	static
/home/t/asset-tracker-template/zephyr/subsys/bluetooth/audio/bap_iso.c:129:20:bt_bap_iso_find	24	static
/home/t/asset-tracker-template/zephyr/subsys/bluetooth/audio/bap_iso.c:142:6:bt_bap_iso_init	4	static
/home/t/asset-tracker-template/zephyr/subsys/bluetooth/audio/bap_iso.c:175:6:bt_bap_setup_iso_data_path	88	dynamic,bounded
/home/t/asset-tracker-template/zephyr/subsys/bluetooth/audio/bap_iso.c:215:6:bt_bap_remove_iso_data_path	56	dynamic,bounded
/home/t/asset-tracker-template/zephyr/subsys/bluetooth/audio/bap_iso.c:242:6:bt_bap_iso_bind_ep	24	static
/home/t/asset-tracker-template/zephyr/subsys/bluetooth/audio/bap_iso.c:271:6:bt_bap_iso_unbind_ep	16	static
/home/t/asset-tracker-template/zephyr/subsys/bluetooth/audio/bap_iso.c:292:19:bt_bap_iso_get_ep	8	static
/home/t/asset-tracker-template/zephyr/subsys/bluetooth/audio/bap_iso.c:307:19:bt_bap_iso_get_paired_ep	0	static
