/home/t/asset-tracker-template/zephyr/subsys/bluetooth/audio/bap_broadcast_source.c:712:29:broadcast_source_get_state	0	static
/home/t/asset-tracker-template/zephyr/subsys/bluetooth/audio/bap_broadcast_source.c:1259:13:big_started_cb	16	static
/home/t/asset-tracker-template/zephyr/subsys/bluetooth/audio/bap_broadcast_source.c:1276:13:big_stopped_cb	16	static
/home/t/asset-tracker-template/zephyr/subsys/bluetooth/audio/bap_broadcast_source.c:650:13:valid_broadcast_source_param	176	static
/home/t/asset-tracker-template/zephyr/subsys/bluetooth/audio/bap_broadcast_source.c:543:13:update_codec_cfg_data	16	static
/home/t/asset-tracker-template/zephyr/subsys/bluetooth/audio/bap_broadcast_source.c:480:13:merge_bis_and_subgroup_data_cb	8	static
/home/t/asset-tracker-template/zephyr/subsys/bluetooth/audio/bap_broadcast_source.c:140:13:broadcast_source_iso_sent	88	dynamic,bounded
/home/t/asset-tracker-template/zephyr/subsys/bluetooth/audio/bap_broadcast_source.c:84:13:broadcast_source_set_ep_state	48	dynamic,bounded
/home/t/asset-tracker-template/zephyr/subsys/bluetooth/audio/bap_broadcast_source.c:127:13:broadcast_source_set_state	16	static
/home/t/asset-tracker-template/zephyr/subsys/bluetooth/audio/bap_broadcast_source.c:209:13:broadcast_source_iso_disconnected	88	dynamic,bounded
/home/t/asset-tracker-template/zephyr/subsys/bluetooth/audio/bap_broadcast_source.c:169:13:broadcast_source_iso_connected	88	dynamic,bounded
/home/t/asset-tracker-template/zephyr/subsys/bluetooth/audio/bap_broadcast_source.c:455:13:broadcast_source_cleanup	32	static
/home/t/asset-tracker-template/zephyr/subsys/bluetooth/audio/bap_broadcast_source.c:247:6:bt_bap_broadcast_source_has_ep	0	static
/home/t/asset-tracker-template/zephyr/subsys/bluetooth/audio/bap_broadcast_source.c:740:5:bt_bap_broadcast_source_create	72	static
/home/t/asset-tracker-template/zephyr/subsys/bluetooth/audio/bap_broadcast_source.c:992:5:bt_bap_broadcast_source_reconfig	56	static
/home/t/asset-tracker-template/zephyr/subsys/bluetooth/audio/bap_broadcast_source.c:1054:5:bt_bap_broadcast_source_update_metadata	16	static
/home/t/asset-tracker-template/zephyr/subsys/bluetooth/audio/bap_broadcast_source.c:1098:5:bt_bap_broadcast_source_start	80	static
/home/t/asset-tracker-template/zephyr/subsys/bluetooth/audio/bap_broadcast_source.c:1164:5:bt_bap_broadcast_source_stop	8	static
/home/t/asset-tracker-template/zephyr/subsys/bluetooth/audio/bap_broadcast_source.c:1195:5:bt_bap_broadcast_source_delete	8	static
/home/t/asset-tracker-template/zephyr/subsys/bluetooth/audio/bap_broadcast_source.c:1218:5:bt_bap_broadcast_source_get_base	32	static
/home/t/asset-tracker-template/zephyr/subsys/bluetooth/audio/bap_broadcast_source.c:1295:5:bt_bap_broadcast_source_register_cb	24	static
/home/t/asset-tracker-template/zephyr/subsys/bluetooth/audio/bap_broadcast_source.c:1330:5:bt_bap_broadcast_source_unregister_cb	0	static
/home/t/asset-tracker-template/zephyr/subsys/bluetooth/audio/bap_broadcast_source.c:1347:5:bt_bap_broadcast_source_foreach_stream	24	static
