/home/t/asset-tracker-template/zephyr/subsys/bluetooth/audio/cap_initiator.c:87:13:data_func_cb	0	static
/home/t/asset-tracker-template/zephyr/subsys/bluetooth/audio/cap_initiator.c:308:13:broadcast_source_started_cb	0	static
/home/t/asset-tracker-template/zephyr/subsys/bluetooth/audio/cap_initiator.c:329:13:broadcast_source_stopped_cb	0	static
/home/t/asset-tracker-template/zephyr/subsys/bluetooth/audio/cap_initiator.c:449:13:cap_broadcast_source_foreach_stream_cb	0	static
/home/t/asset-tracker-template/zephyr/subsys/bluetooth/audio/cap_initiator.c:48:5:bt_cap_initiator_register_cb	0	static
/home/t/asset-tracker-template/zephyr/subsys/bluetooth/audio/cap_initiator.c:65:5:bt_cap_initiator_unregister_cb	0	static
/home/t/asset-tracker-template/zephyr/subsys/bluetooth/audio/cap_initiator.c:145:6:bt_cap_initiator_broadcast_audio_start_valid_param	32	static
/home/t/asset-tracker-template/zephyr/subsys/bluetooth/audio/cap_initiator.c:244:5:bt_cap_initiator_broadcast_audio_create	112	static
/home/t/asset-tracker-template/zephyr/subsys/bluetooth/audio/cap_initiator.c:351:5:bt_cap_initiator_broadcast_audio_start	24	static
/home/t/asset-tracker-template/zephyr/subsys/bluetooth/audio/cap_initiator.c:384:5:bt_cap_initiator_broadcast_audio_update	24	static
/home/t/asset-tracker-template/zephyr/subsys/bluetooth/audio/cap_initiator.c:406:5:bt_cap_initiator_broadcast_audio_stop	0	static
/home/t/asset-tracker-template/zephyr/subsys/bluetooth/audio/cap_initiator.c:416:5:bt_cap_initiator_broadcast_audio_delete	8	static
/home/t/asset-tracker-template/zephyr/subsys/bluetooth/audio/cap_initiator.c:433:5:bt_cap_initiator_broadcast_get_base	0	static
/home/t/asset-tracker-template/zephyr/subsys/bluetooth/audio/cap_initiator.c:461:5:bt_cap_initiator_broadcast_foreach_stream	16	static
