/home/t/asset-tracker-template/zephyr/lib/os/mpsc_pbuf.c:164:13:add_skip_item	12	static
/home/t/asset-tracker-template/zephyr/lib/os/mpsc_pbuf.c:266:13:post_drop_action	8	static
/home/t/asset-tracker-template/zephyr/lib/os/mpsc_pbuf.c:175:13:drop_item_locked	48	static
/home/t/asset-tracker-template/zephyr/lib/os/mpsc_pbuf.c:28:6:mpsc_pbuf_init	16	static
/home/t/asset-tracker-template/zephyr/lib/os/mpsc_pbuf.c:295:6:mpsc_pbuf_put_word	48	static
/home/t/asset-tracker-template/zephyr/lib/os/mpsc_pbuf.c:341:26:mpsc_pbuf_alloc	64	static
/home/t/asset-tracker-template/zephyr/lib/os/mpsc_pbuf.c:415:6:mpsc_pbuf_commit	24	static
/home/t/asset-tracker-template/zephyr/lib/os/mpsc_pbuf.c:429:6:mpsc_pbuf_put_word_ext	56	static
/home/t/asset-tracker-template/zephyr/lib/os/mpsc_pbuf.c:485:6:mpsc_pbuf_put_data	56	static
/home/t/asset-tracker-template/zephyr/lib/os/mpsc_pbuf.c:536:32:mpsc_pbuf_claim	32	static
/home/t/asset-tracker-template/zephyr/lib/os/mpsc_pbuf.c:588:6:mpsc_pbuf_free	24	static
/home/t/asset-tracker-template/zephyr/lib/os/mpsc_pbuf.c:622:6:mpsc_pbuf_is_pending	16	static
/home/t/asset-tracker-template/zephyr/lib/os/mpsc_pbuf.c:633:6:mpsc_pbuf_get_utilization	24	static
/home/t/asset-tracker-template/zephyr/lib/os/mpsc_pbuf.c:645:5:mpsc_pbuf_get_max_utilization	24	static
