/home/t/asset-tracker-template/nrf/applications/nrf5340_audio/src/utils/device_location.c:35:12:device_location_init.part.0	8	static
/home/t/asset-tracker-template/nrf/applications/nrf5340_audio/src/utils/device_location.c:35:12:device_location_init	8	static
/home/t/asset-tracker-template/nrf/applications/nrf5340_audio/src/utils/device_location.c:15:6:device_location_get	0	static
/home/t/asset-tracker-template/nrf/applications/nrf5340_audio/src/utils/device_location.c:21:6:device_location_set	8	static
