/home/t/asset-tracker-template/zephyr/subsys/ipc/ipc_service/backends/ipc_rpmsg_static_vrings.c:669:12:get_tx_buffer_size	0	static
/home/t/asset-tracker-template/zephyr/subsys/ipc/ipc_service/backends/ipc_rpmsg_static_vrings.c:759:12:drop_tx_buffer	0	static
/home/t/asset-tracker-template/zephyr/subsys/ipc/ipc_service/backends/ipc_rpmsg_static_vrings.c:780:12:backend_init	8	static
/home/t/asset-tracker-template/zephyr/subsys/ipc/ipc_service/backends/ipc_rpmsg_static_vrings.c:742:12:release_rx_buffer	8	static
/home/t/asset-tracker-template/zephyr/subsys/ipc/ipc_service/backends/ipc_rpmsg_static_vrings.c:725:12:hold_rx_buffer	8	static
/home/t/asset-tracker-template/zephyr/subsys/ipc/ipc_service/backends/ipc_rpmsg_static_vrings.c:538:12:send_nocopy	24	static
/home/t/asset-tracker-template/zephyr/subsys/ipc/ipc_service/backends/ipc_rpmsg_static_vrings.c:676:12:get_tx_buffer	32	static
/home/t/asset-tracker-template/zephyr/subsys/ipc/ipc_service/backends/ipc_rpmsg_static_vrings.c:72:13:rpmsg_service_unbind	0	static
/home/t/asset-tracker-template/zephyr/subsys/ipc/ipc_service/backends/ipc_rpmsg_static_vrings.c:472:12:deregister_ept	8	static
/home/t/asset-tracker-template/zephyr/subsys/ipc/ipc_service/backends/ipc_rpmsg_static_vrings.c:846:12:shared_memory_prepare	0	static
/home/t/asset-tracker-template/zephyr/subsys/ipc/ipc_service/backends/ipc_rpmsg_static_vrings.c:210:13:bound_cb	24	static
/home/t/asset-tracker-template/zephyr/subsys/ipc/ipc_service/backends/ipc_rpmsg_static_vrings.c:317:13:mbox_callback	0	static
/home/t/asset-tracker-template/zephyr/subsys/ipc/ipc_service/backends/ipc_rpmsg_static_vrings.c:306:13:mbox_callback_process	0	static
/home/t/asset-tracker-template/zephyr/subsys/ipc/ipc_service/backends/ipc_rpmsg_static_vrings.c:219:12:ept_cb	8	static
/home/t/asset-tracker-template/zephyr/subsys/ipc/ipc_service/backends/ipc_rpmsg_static_vrings.c:297:13:virtio_notify_cb	0	static
/home/t/asset-tracker-template/zephyr/subsys/ipc/ipc_service/backends/ipc_rpmsg_static_vrings.c:504:12:send	24	static
/home/t/asset-tracker-template/zephyr/subsys/ipc/ipc_service/backends/ipc_rpmsg_static_vrings.c:625:12:close	32	static
/home/t/asset-tracker-template/zephyr/subsys/ipc/ipc_service/backends/ipc_rpmsg_static_vrings.c:564:12:open	112	static
/home/t/asset-tracker-template/zephyr/subsys/ipc/ipc_service/backends/ipc_rpmsg_static_vrings.c:441:12:register_ept	48	static
/home/t/asset-tracker-template/zephyr/subsys/ipc/ipc_service/backends/ipc_rpmsg_static_vrings.c:166:13:ns_bind_cb	48	static
