/home/t/asset-tracker-template/modules/lib/open-amp/open-amp/lib/rpmsg/rpmsg_virtio.c:288:13:rpmsg_virtio_buf_held_dec_test	8	static
/home/t/asset-tracker-template/modules/lib/open-amp/open-amp/lib/rpmsg/rpmsg_virtio.c:545:13:rpmsg_virtio_tx_callback	0	static
/home/t/asset-tracker-template/modules/lib/open-amp/open-amp/lib/rpmsg/rpmsg_virtio.c:109:13:rpmsg_virtio_return_buffer	32	static
/home/t/asset-tracker-template/modules/lib/open-amp/open-amp/lib/rpmsg/rpmsg_virtio.c:557:13:rpmsg_virtio_rx_callback	40	static
/home/t/asset-tracker-template/modules/lib/open-amp/open-amp/lib/rpmsg/rpmsg_virtio.c:306:13:rpmsg_virtio_hold_rx_buffer	16	static
/home/t/asset-tracker-template/modules/lib/open-amp/open-amp/lib/rpmsg/rpmsg_virtio.c:466:12:rpmsg_virtio_release_tx_buffer	24	static
/home/t/asset-tracker-template/modules/lib/open-amp/open-amp/lib/rpmsg/rpmsg_virtio.c:706:5:rpmsg_virtio_get_tx_buffer_size	16	static
/home/t/asset-tracker-template/modules/lib/open-amp/open-amp/lib/rpmsg/rpmsg_virtio.c:742:5:rpmsg_virtio_get_rx_buffer_size	16	static
/home/t/asset-tracker-template/modules/lib/open-amp/open-amp/lib/rpmsg/rpmsg_virtio.c:328:13:rpmsg_virtio_release_rx_buffer	24	static
/home/t/asset-tracker-template/modules/lib/open-amp/open-amp/lib/rpmsg/rpmsg_virtio.c:416:12:rpmsg_virtio_send_offchannel_nocopy	56	static
/home/t/asset-tracker-template/modules/lib/open-amp/open-amp/lib/rpmsg/rpmsg_virtio.c:635:12:rpmsg_virtio_ns_callback	56	static
/home/t/asset-tracker-template/modules/lib/open-amp/open-amp/lib/rpmsg/rpmsg_virtio.c:75:1:rpmsg_virtio_shm_pool_get_buffer	0	static
/home/t/asset-tracker-template/modules/lib/open-amp/open-amp/lib/rpmsg/rpmsg_virtio.c:358:14:rpmsg_virtio_get_tx_payload_buffer	48	static
/home/t/asset-tracker-template/modules/lib/open-amp/open-amp/lib/rpmsg/rpmsg_virtio.c:507:12:rpmsg_virtio_send_offchannel_raw	40	static
/home/t/asset-tracker-template/modules/lib/open-amp/open-amp/lib/rpmsg/rpmsg_virtio.c:89:6:rpmsg_virtio_init_shm_pool	0	static
/home/t/asset-tracker-template/modules/lib/open-amp/open-amp/lib/rpmsg/rpmsg_virtio.c:788:5:rpmsg_init_vdev_with_config	80	static
/home/t/asset-tracker-template/modules/lib/open-amp/open-amp/lib/rpmsg/rpmsg_virtio.c:778:5:rpmsg_init_vdev	40	static
/home/t/asset-tracker-template/modules/lib/open-amp/open-amp/lib/rpmsg/rpmsg_virtio.c:960:6:rpmsg_deinit_vdev	8	static
